<html>
<body>
<pre>
<h1>礦ision Build Log</h1>
<h2>Tool Versions:</h2>
IDE-Version: μVision V5.37.0.0
Copyright (C) 2022 ARM Ltd and ARM Germany GmbH. All rights reserved.
License Information: 1 HGQ, 2, LIC=P6F5U-SP6IL-24YSS-LBFUV-QR677-2PXR0
 
Tool Versions:
Toolchain:       MDK-ARM Professional  Version: 5.37.0.0
Toolchain Path:  F:\keil5\Core\ARM\ARMCC\Bin
C Compiler:      Armcc.exe V5.06 update 7 (build 960)
Assembler:       Armasm.exe V5.06 update 7 (build 960)
Linker/Locator:  ArmLink.exe V5.06 update 7 (build 960)
Library Manager: ArmAr.exe V5.06 update 7 (build 960)
Hex Converter:   FromElf.exe V5.06 update 7 (build 960)
CPU DLL:         SARMCM3.DLL V5.37.0.0
Dialog DLL:      DCM.DLL V1.17.5.0
Target DLL:      STLink\ST-LINKIII-KEIL_SWO.dll V3.0.9.0
Dialog DLL:      TCM.DLL V1.56.1.0
 
<h2>Project:</h2>
C:\Users\HGQ\Desktop\毕设\STM32毕业设计 1.07-UI\USER\HZ.uvprojx
Project File Date:  01/01/2026

<h2>Output:</h2>
*** Using Compiler 'V5.06 update 7 (build 960)', folder: 'F:\keil5\Core\ARM\ARMCC\Bin'
Build target 'HZ'
compiling main.c...
main.c(220): warning:  #177-D: variable "mode"  was declared but never referenced
      char mode[12];                              // 模式缓冲区
main.c(221): warning:  #177-D: variable "on"  was declared but never referenced
      char on[8];                                 // 开关状态缓冲区
main.c(412): warning:  #177-D: variable "cmd_topic"  was declared but never referenced
      char cmd_topic[64];                         // 命令主题缓冲区
main.c(595): warning:  #177-D: variable "last_pub_state"  was declared but never referenced
      uint32_t last_pub_state = 0;
main.c(596): warning:  #177-D: variable "last_pub_heart"  was declared but never referenced
      uint32_t last_pub_heart = 0;
main.c(597): warning:  #177-D: variable "last_pub_tofevt"  was declared but never referenced
      uint32_t last_pub_tofevt = 0;
main.c(566): warning:  #177-D: function "Task_TOF_Event"  was declared but never referenced
  static void Task_TOF_Event(void)
main.c: 7 warnings, 0 errors
linking...
Program Size: Code=58188 RO-data=7312 RW-data=208 ZI-data=7720  
FromELF: creating hex file...
"..\OBJ\HZ.axf" - 0 Error(s), 7 Warning(s).

<h2>Software Packages used:</h2>

Package Vendor: Keil
                http://www.keil.com/pack/Keil.STM32F4xx_DFP.2.16.0.pack
                Keil.STM32F4xx_DFP.2.16.0
                STMicroelectronics STM32F4 Series Device Support, Drivers and Examples

<h2>Collection of Component include folders:</h2>
  F:/keil5/Pack/Keil/STM32F4xx_DFP/2.16.0/Drivers/CMSIS/Device/ST/STM32F4xx/Include

<h2>Collection of Component Files used:</h2>
Build Time Elapsed:  00:00:01
</pre>
</body>
</html>
