Component: ARM Compiler 5.06 update 7 (build 960) Tool: armlink [4d3601]

==============================================================================

Section Cross References

    main.o(.text) refers to _printf_percent.o(.ARM.Collect$$_printf_percent$$00000000) for _printf_percent
    main.o(.text) refers to _printf_s.o(.ARM.Collect$$_printf_percent$$00000014) for _printf_s
    main.o(.text) refers to _printf_str.o(.text) for _printf_str
    main.o(.text) refers to _printf_pad.o(.text) for _printf_pre_padding
    main.o(.text) refers to _printf_x.o(.ARM.Collect$$_printf_percent$$0000000C) for _printf_x
    main.o(.text) refers to _printf_hex_int.o(.text) for _printf_longlong_hex
    main.o(.text) refers to _printf_d.o(.ARM.Collect$$_printf_percent$$00000009) for _printf_d
    main.o(.text) refers to _printf_dec.o(.text) for _printf_int_dec
    main.o(.text) refers to strncpy.o(.text) for strncpy
    main.o(.text) refers to noretval__2snprintf.o(.text) for __2snprintf
    main.o(.text) refers to noretval__2sprintf.o(.text) for __2sprintf
    main.o(.text) refers to strlen.o(.text) for strlen
    main.o(.text) refers to rt_memcpy_v6.o(.text) for __aeabi_memcpy
    main.o(.text) refers to strstr.o(.text) for strstr
    main.o(.text) refers to hgq_esp8266.o(.text) for HGQ_ESP8266_MQTTPUB
    main.o(.text) refers to hgq_rc522.o(.text) for HGQ_RC522_PollUID
    main.o(.text) refers to queue.o(.text) for xQueueSemaphoreTake
    main.o(.text) refers to hgq_ui.o(.text) for HGQ_UI_ShowPopup
    main.o(.text) refers to noretval__2printf.o(.text) for __2printf
    main.o(.text) refers to tasks.o(.text) for vTaskDelay
    main.o(.text) refers to hgq_aht20.o(.text) for HGQ_AHT20_Read
    main.o(.text) refers to hgq_bh1750.o(.text) for HGQ_BH1750_ReadLux
    main.o(.text) refers to main.o(.bss) for g_task_queue
    main.o(.text) refers to main.o(.data) for g_tof_mm
    main.o(.text) refers to main.o(.conststring) for .conststring
    main.o(.text) refers to hgq_vl53l0x.o(.text) for HGQ_VL53L0X_ReadMm
    main.o(.text) refers to strcmpv7m.o(.text) for strcmp
    main.o(.text) refers to led.o(.text) for LED0_SetOn
    main.o(.text) refers to hgq_usart.o(.text) for HGQ_USART2_SendString
    main.o(.text) refers to touch.o(.data) for tp_dev
    main.o(.text) refers to main.o(.constdata) for STR_POP_OUT
    main.o(.text) refers to strrchr.o(.text) for strrchr
    main.o(.text) refers to atoi.o(.text) for atoi
    main.o(.text) refers to strcpy.o(.text) for strcpy
    main.o(.text) refers to delay.o(.text) for delay_ms
    main.o(.text) refers to port.o(.text) for vPortEnterCritical
    main.o(.text) refers to misc.o(.text) for NVIC_PriorityGroupConfig
    main.o(.text) refers to usart.o(.text) for uart_init
    main.o(.text) refers to lcd.o(.text) for LCD_Init
    main.o(.text) refers to w25qxx.o(.text) for W25QXX_Init
    main.o(.text) refers to fontupd.o(.text) for font_init
    system_stm32f4xx.o(.text) refers to system_stm32f4xx.o(.data) for SystemCoreClock
    lcd.o(.text) refers to _printf_percent.o(.ARM.Collect$$_printf_percent$$00000000) for _printf_percent
    lcd.o(.text) refers to _printf_x.o(.ARM.Collect$$_printf_percent$$0000000C) for _printf_x
    lcd.o(.text) refers to _printf_hex_int.o(.text) for _printf_longlong_hex
    lcd.o(.text) refers to delay.o(.text) for delay_us
    lcd.o(.text) refers to lcd.o(.bss) for lcddev
    lcd.o(.text) refers to dflt_clz.o(x$fpl$dfltu) for __aeabi_ui2d
    lcd.o(.text) refers to dmul.o(x$fpl$dmul) for __aeabi_dmul
    lcd.o(.text) refers to dfixu.o(x$fpl$dfixu) for __aeabi_d2uiz
    lcd.o(.text) refers to lcd.o(.data) for POINT_COLOR
    lcd.o(.text) refers to stm32f4xx_rcc.o(.text) for RCC_AHB1PeriphClockCmd
    lcd.o(.text) refers to stm32f4xx_gpio.o(.text) for GPIO_Init
    lcd.o(.text) refers to stm32f4xx_fsmc.o(.text) for FSMC_NORSRAMInit
    lcd.o(.text) refers to noretval__2printf.o(.text) for __2printf
    lcd.o(.text) refers to lcd.o(.constdata) for asc2_1206
    spi.o(.text) refers to stm32f4xx_spi.o(.text) for SPI_I2S_GetFlagStatus
    spi.o(.text) refers to stm32f4xx_rcc.o(.text) for RCC_AHB1PeriphClockCmd
    spi.o(.text) refers to stm32f4xx_gpio.o(.text) for GPIO_Init
    w25qxx.o(.text) refers to _printf_percent.o(.ARM.Collect$$_printf_percent$$00000000) for _printf_percent
    w25qxx.o(.text) refers to _printf_x.o(.ARM.Collect$$_printf_percent$$0000000C) for _printf_x
    w25qxx.o(.text) refers to _printf_hex_int.o(.text) for _printf_longlong_hex
    w25qxx.o(.text) refers to spi.o(.text) for SPI1_ReadWriteByte
    w25qxx.o(.text) refers to stm32f4xx_rcc.o(.text) for RCC_AHB1PeriphClockCmd
    w25qxx.o(.text) refers to stm32f4xx_gpio.o(.text) for GPIO_Init
    w25qxx.o(.text) refers to noretval__2printf.o(.text) for __2printf
    w25qxx.o(.text) refers to delay.o(.text) for delay_us
    w25qxx.o(.text) refers to w25qxx.o(.data) for W25QXX_TYPE
    w25qxx.o(.text) refers to w25qxx.o(.bss) for W25QXX_BUFFER
[...]
    FSMC_NANDStructInit                      0x08005efd   Thumb Code    54  stm32f4xx_fsmc.o(.text)
    FSMC_NANDCmd                             0x08005f33   Thumb Code    86  stm32f4xx_fsmc.o(.text)
    FSMC_NANDECCCmd                          0x08005f89   Thumb Code    86  stm32f4xx_fsmc.o(.text)
    FSMC_GetECC                              0x08005fdf   Thumb Code    24  stm32f4xx_fsmc.o(.text)
    FSMC_PCCARDDeInit                        0x08005ff7   Thumb Code    36  stm32f4xx_fsmc.o(.text)
    FSMC_PCCARDInit                          0x0800601b   Thumb Code   130  stm32f4xx_fsmc.o(.text)
    FSMC_PCCARDStructInit                    0x0800609d   Thumb Code    60  stm32f4xx_fsmc.o(.text)
    FSMC_PCCARDCmd                           0x080060d9   Thumb Code    44  stm32f4xx_fsmc.o(.text)
    FSMC_ITConfig                            0x08006105   Thumb Code   128  stm32f4xx_fsmc.o(.text)
    FSMC_GetFlagStatus                       0x08006185   Thumb Code    54  stm32f4xx_fsmc.o(.text)
    FSMC_ClearFlag                           0x080061bb   Thumb Code    74  stm32f4xx_fsmc.o(.text)
    FSMC_GetITStatus                         0x08006205   Thumb Code    62  stm32f4xx_fsmc.o(.text)
    FSMC_ClearITPendingBit                   0x08006243   Thumb Code    66  stm32f4xx_fsmc.o(.text)
    RCC_DeInit                               0x08006289   Thumb Code    82  stm32f4xx_rcc.o(.text)
    RCC_HSEConfig                            0x080062db   Thumb Code    14  stm32f4xx_rcc.o(.text)
    RCC_GetFlagStatus                        0x080062e9   Thumb Code    60  stm32f4xx_rcc.o(.text)
    RCC_WaitForHSEStartUp                    0x08006325   Thumb Code    56  stm32f4xx_rcc.o(.text)
    RCC_AdjustHSICalibrationValue            0x0800635d   Thumb Code    20  stm32f4xx_rcc.o(.text)
    RCC_HSICmd                               0x08006371   Thumb Code     6  stm32f4xx_rcc.o(.text)
    RCC_LSEConfig                            0x08006377   Thumb Code    46  stm32f4xx_rcc.o(.text)
    RCC_LSICmd                               0x080063a5   Thumb Code     6  stm32f4xx_rcc.o(.text)
    RCC_PLLConfig                            0x080063ab   Thumb Code    32  stm32f4xx_rcc.o(.text)
    RCC_PLLCmd                               0x080063cb   Thumb Code     6  stm32f4xx_rcc.o(.text)
    RCC_PLLI2SConfig                         0x080063d1   Thumb Code    14  stm32f4xx_rcc.o(.text)
    RCC_PLLI2SCmd                            0x080063df   Thumb Code     6  stm32f4xx_rcc.o(.text)
    RCC_PLLSAIConfig                         0x080063e5   Thumb Code    20  stm32f4xx_rcc.o(.text)
    RCC_PLLSAICmd                            0x080063f9   Thumb Code     6  stm32f4xx_rcc.o(.text)
    RCC_ClockSecuritySystemCmd               0x080063ff   Thumb Code     6  stm32f4xx_rcc.o(.text)
    RCC_MCO1Config                           0x08006405   Thumb Code    28  stm32f4xx_rcc.o(.text)
    RCC_MCO2Config                           0x08006421   Thumb Code    28  stm32f4xx_rcc.o(.text)
    RCC_SYSCLKConfig                         0x0800643d   Thumb Code    20  stm32f4xx_rcc.o(.text)
    RCC_GetSYSCLKSource                      0x08006451   Thumb Code    12  stm32f4xx_rcc.o(.text)
    RCC_HCLKConfig                           0x0800645d   Thumb Code    20  stm32f4xx_rcc.o(.text)
    RCC_PCLK1Config                          0x08006471   Thumb Code    20  stm32f4xx_rcc.o(.text)
    RCC_PCLK2Config                          0x08006485   Thumb Code    22  stm32f4xx_rcc.o(.text)
    RCC_GetClocksFreq                        0x0800649b   Thumb Code   222  stm32f4xx_rcc.o(.text)
    RCC_RTCCLKConfig                         0x08006579   Thumb Code    54  stm32f4xx_rcc.o(.text)
    RCC_RTCCLKCmd                            0x080065af   Thumb Code     8  stm32f4xx_rcc.o(.text)
    RCC_BackupResetCmd                       0x080065b7   Thumb Code     8  stm32f4xx_rcc.o(.text)
    RCC_I2SCLKConfig                         0x080065bf   Thumb Code     6  stm32f4xx_rcc.o(.text)
    RCC_SAIPLLI2SClkDivConfig                0x080065c5   Thumb Code    26  stm32f4xx_rcc.o(.text)
    RCC_SAIPLLSAIClkDivConfig                0x080065df   Thumb Code    28  stm32f4xx_rcc.o(.text)
    RCC_SAIBlockACLKConfig                   0x080065fb   Thumb Code    20  stm32f4xx_rcc.o(.text)
    RCC_SAIBlockBCLKConfig                   0x0800660f   Thumb Code    20  stm32f4xx_rcc.o(.text)
    RCC_LTDCCLKDivConfig                     0x08006623   Thumb Code    20  stm32f4xx_rcc.o(.text)
    RCC_TIMCLKPresConfig                     0x08006637   Thumb Code     6  stm32f4xx_rcc.o(.text)
    RCC_AHB1PeriphClockCmd                   0x0800663d   Thumb Code    34  stm32f4xx_rcc.o(.text)
    RCC_AHB2PeriphClockCmd                   0x0800665f   Thumb Code    78  stm32f4xx_rcc.o(.text)
    RCC_AHB3PeriphClockCmd                   0x080066ad   Thumb Code    34  stm32f4xx_rcc.o(.text)
    RCC_APB1PeriphClockCmd                   0x080066cf   Thumb Code    34  stm32f4xx_rcc.o(.text)
    RCC_APB2PeriphClockCmd                   0x080066f1   Thumb Code    34  stm32f4xx_rcc.o(.text)
    RCC_AHB1PeriphResetCmd                   0x08006713   Thumb Code    34  stm32f4xx_rcc.o(.text)
    RCC_AHB2PeriphResetCmd                   0x08006735   Thumb Code    34  stm32f4xx_rcc.o(.text)
    RCC_AHB3PeriphResetCmd                   0x08006757   Thumb Code    34  stm32f4xx_rcc.o(.text)
    RCC_APB1PeriphResetCmd                   0x08006779   Thumb Code    34  stm32f4xx_rcc.o(.text)
    RCC_APB2PeriphResetCmd                   0x0800679b   Thumb Code    34  stm32f4xx_rcc.o(.text)
    RCC_AHB1PeriphClockLPModeCmd             0x080067bd   Thumb Code    34  stm32f4xx_rcc.o(.text)
    RCC_AHB2PeriphClockLPModeCmd             0x080067df   Thumb Code    34  stm32f4xx_rcc.o(.text)
    RCC_AHB3PeriphClockLPModeCmd             0x08006801   Thumb Code    34  stm32f4xx_rcc.o(.text)
    RCC_APB1PeriphClockLPModeCmd             0x08006823   Thumb Code    34  stm32f4xx_rcc.o(.text)
    RCC_APB2PeriphClockLPModeCmd             0x08006845   Thumb Code    34  stm32f4xx_rcc.o(.text)
    RCC_LSEModeConfig                        0x08006867   Thumb Code    40  stm32f4xx_rcc.o(.text)
    RCC_ITConfig                             0x0800688f   Thumb Code    34  stm32f4xx_rcc.o(.text)
    RCC_ClearFlag                            0x080068b1   Thumb Code    18  stm32f4xx_rcc.o(.text)
    RCC_GetITStatus                          0x080068c3   Thumb Code    22  stm32f4xx_rcc.o(.text)
    RCC_ClearITPendingBit                    0x080068d9   Thumb Code     8  stm32f4xx_rcc.o(.text)
    USART_DeInit                             0x080068e5   Thumb Code   206  stm32f4xx_usart.o(.text)
    USART_Init                               0x080069b3   Thumb Code   204  stm32f4xx_usart.o(.text)
    USART_StructInit                         0x08006a7f   Thumb Code    24  stm32f4xx_usart.o(.text)
    USART_ClockInit                          0x08006a97   Thumb Code    32  stm32f4xx_usart.o(.text)
    USART_ClockStructInit                    0x08006ab7   Thumb Code    12  stm32f4xx_usart.o(.text)
    USART_Cmd                                0x08006ac3   Thumb Code    24  stm32f4xx_usart.o(.text)
    USART_SetPrescaler                       0x08006adb   Thumb Code    16  stm32f4xx_usart.o(.text)
    USART_OverSampling8Cmd                   0x08006aeb   Thumb Code    22  stm32f4xx_usart.o(.text)
    USART_OneBitMethodCmd                    0x08006b01   Thumb Code    24  stm32f4xx_usart.o(.text)
    USART_SendData                           0x08006b19   Thumb Code     8  stm32f4xx_usart.o(.text)
    USART_ReceiveData                        0x08006b21   Thumb Code    10  stm32f4xx_usart.o(.text)
    USART_SetAddress                         0x08006b2b   Thumb Code    18  stm32f4xx_usart.o(.text)
    USART_ReceiverWakeUpCmd                  0x08006b3d   Thumb Code    24  stm32f4xx_usart.o(.text)
    USART_WakeUpConfig                       0x08006b55   Thumb Code    18  stm32f4xx_usart.o(.text)
    USART_LINBreakDetectLengthConfig         0x08006b67   Thumb Code    18  stm32f4xx_usart.o(.text)
    USART_LINCmd                             0x08006b79   Thumb Code    24  stm32f4xx_usart.o(.text)
    USART_SendBreak                          0x08006b91   Thumb Code    10  stm32f4xx_usart.o(.text)
    USART_HalfDuplexCmd                      0x08006b9b   Thumb Code    24  stm32f4xx_usart.o(.text)
    USART_SetGuardTime                       0x08006bb3   Thumb Code    16  stm32f4xx_usart.o(.text)
    USART_SmartCardCmd                       0x08006bc3   Thumb Code    24  stm32f4xx_usart.o(.text)
    USART_SmartCardNACKCmd                   0x08006bdb   Thumb Code    24  stm32f4xx_usart.o(.text)
    USART_IrDAConfig                         0x08006bf3   Thumb Code    18  stm32f4xx_usart.o(.text)
    USART_IrDACmd                            0x08006c05   Thumb Code    24  stm32f4xx_usart.o(.text)
    USART_DMACmd                             0x08006c1d   Thumb Code    18  stm32f4xx_usart.o(.text)
    USART_ITConfig                           0x08006c2f   Thumb Code    74  stm32f4xx_usart.o(.text)
    USART_GetFlagStatus                      0x08006c79   Thumb Code    26  stm32f4xx_usart.o(.text)
    USART_ClearFlag                          0x08006c93   Thumb Code    18  stm32f4xx_usart.o(.text)
    USART_GetITStatus                        0x08006ca5   Thumb Code   118  stm32f4xx_usart.o(.text)
    USART_ClearITPendingBit                  0x08006d1b   Thumb Code    30  stm32f4xx_usart.o(.text)
    TIM_DeInit                               0x08006d39   Thumb Code   346  stm32f4xx_tim.o(.text)
    TIM_TimeBaseInit                         0x08006e93   Thumb Code   104  stm32f4xx_tim.o(.text)
    TIM_TimeBaseStructInit                   0x08006efb   Thumb Code    18  stm32f4xx_tim.o(.text)
    TIM_PrescalerConfig                      0x08006f0d   Thumb Code     6  stm32f4xx_tim.o(.text)
    TIM_CounterModeConfig                    0x08006f13   Thumb Code    18  stm32f4xx_tim.o(.text)
    TIM_SetCounter                           0x08006f25   Thumb Code     4  stm32f4xx_tim.o(.text)
    TIM_SetAutoreload                        0x08006f29   Thumb Code     4  stm32f4xx_tim.o(.text)
    TIM_GetCounter                           0x08006f2d   Thumb Code     6  stm32f4xx_tim.o(.text)
    TIM_GetPrescaler                         0x08006f33   Thumb Code     6  stm32f4xx_tim.o(.text)
    TIM_UpdateDisableConfig                  0x08006f39   Thumb Code    24  stm32f4xx_tim.o(.text)
    TIM_UpdateRequestConfig                  0x08006f51   Thumb Code    24  stm32f4xx_tim.o(.text)
    TIM_ARRPreloadConfig                     0x08006f69   Thumb Code    24  stm32f4xx_tim.o(.text)
    TIM_SelectOnePulseMode                   0x08006f81   Thumb Code    18  stm32f4xx_tim.o(.text)
    TIM_SetClockDivision                     0x08006f93   Thumb Code    18  stm32f4xx_tim.o(.text)
    TIM_Cmd                                  0x08006fa5   Thumb Code    24  stm32f4xx_tim.o(.text)
    TIM_OC1Init                              0x08006fbd   Thumb Code   114  stm32f4xx_tim.o(.text)
    TIM_OC2Init                              0x0800702f   Thumb Code   154  stm32f4xx_tim.o(.text)
    TIM_OC3Init                              0x080070c9   Thumb Code   204  stm32f4xx_tim.o(.text)
    TIM_OC4Init                              0x08007195   Thumb Code   112  stm32f4xx_tim.o(.text)
    TIM_OCStructInit                         0x08007205   Thumb Code    20  stm32f4xx_tim.o(.text)
    TIM_SelectOCxM                           0x08007219   Thumb Code    86  stm32f4xx_tim.o(.text)
    TIM_SetCompare1                          0x0800726f   Thumb Code     4  stm32f4xx_tim.o(.text)
    TIM_SetCompare2                          0x08007273   Thumb Code     4  stm32f4xx_tim.o(.text)
    TIM_SetCompare3                          0x08007277   Thumb Code     4  stm32f4xx_tim.o(.text)
    TIM_SetCompare4                          0x0800727b   Thumb Code     4  stm32f4xx_tim.o(.text)
    TIM_ForcedOC1Config                      0x0800727f   Thumb Code    18  stm32f4xx_tim.o(.text)
    TIM_ForcedOC2Config                      0x08007291   Thumb Code    26  stm32f4xx_tim.o(.text)
    TIM_ForcedOC3Config                      0x080072ab   Thumb Code    18  stm32f4xx_tim.o(.text)
    TIM_ForcedOC4Config                      0x080072bd   Thumb Code    26  stm32f4xx_tim.o(.text)
    TIM_OC1PreloadConfig                     0x080072d7   Thumb Code    18  stm32f4xx_tim.o(.text)
    TIM_OC2PreloadConfig                     0x080072e9   Thumb Code    26  stm32f4xx_tim.o(.text)
    TIM_OC3PreloadConfig                     0x08007303   Thumb Code    18  stm32f4xx_tim.o(.text)
    TIM_OC4PreloadConfig                     0x08007315   Thumb Code    26  stm32f4xx_tim.o(.text)
    TIM_OC1FastConfig                        0x0800732f   Thumb Code    18  stm32f4xx_tim.o(.text)
    TIM_OC2FastConfig                        0x08007341   Thumb Code    26  stm32f4xx_tim.o(.text)
    TIM_OC3FastConfig                        0x0800735b   Thumb Code    18  stm32f4xx_tim.o(.text)
    TIM_OC4FastConfig                        0x0800736d   Thumb Code    26  stm32f4xx_tim.o(.text)
    TIM_ClearOC1Ref                          0x08007387   Thumb Code    18  stm32f4xx_tim.o(.text)
    TIM_ClearOC2Ref                          0x08007399   Thumb Code    24  stm32f4xx_tim.o(.text)
    TIM_ClearOC3Ref                          0x080073b1   Thumb Code    18  stm32f4xx_tim.o(.text)
    TIM_ClearOC4Ref                          0x080073c3   Thumb Code    24  stm32f4xx_tim.o(.text)
    TIM_OC1PolarityConfig                    0x080073db   Thumb Code    18  stm32f4xx_tim.o(.text)
    TIM_OC1NPolarityConfig                   0x080073ed   Thumb Code    18  stm32f4xx_tim.o(.text)
    TIM_OC2PolarityConfig                    0x080073ff   Thumb Code    26  stm32f4xx_tim.o(.text)
    TIM_OC2NPolarityConfig                   0x08007419   Thumb Code    26  stm32f4xx_tim.o(.text)
    TIM_OC3PolarityConfig                    0x08007433   Thumb Code    26  stm32f4xx_tim.o(.text)
    TIM_OC3NPolarityConfig                   0x0800744d   Thumb Code    26  stm32f4xx_tim.o(.text)
    TIM_OC4PolarityConfig                    0x08007467   Thumb Code    26  stm32f4xx_tim.o(.text)
    TIM_CCxCmd                               0x08007481   Thumb Code    30  stm32f4xx_tim.o(.text)
    TIM_CCxNCmd                              0x0800749f   Thumb Code    30  stm32f4xx_tim.o(.text)
    TIM_SetIC4Prescaler                      0x080074bd   Thumb Code    26  stm32f4xx_tim.o(.text)
    TIM_SetIC3Prescaler                      0x08007527   Thumb Code    18  stm32f4xx_tim.o(.text)
    TIM_SetIC2Prescaler                      0x08007581   Thumb Code    26  stm32f4xx_tim.o(.text)
    TIM_SetIC1Prescaler                      0x080075f5   Thumb Code    18  stm32f4xx_tim.o(.text)
    TIM_ICInit                               0x08007641   Thumb Code   110  stm32f4xx_tim.o(.text)
    TIM_ICStructInit                         0x080076af   Thumb Code    18  stm32f4xx_tim.o(.text)
    TIM_PWMIConfig                           0x080076c1   Thumb Code   124  stm32f4xx_tim.o(.text)
    TIM_GetCapture1                          0x0800773d   Thumb Code     6  stm32f4xx_tim.o(.text)
    TIM_GetCapture2                          0x08007743   Thumb Code     6  stm32f4xx_tim.o(.text)
    TIM_GetCapture3                          0x08007749   Thumb Code     6  stm32f4xx_tim.o(.text)
    TIM_GetCapture4                          0x0800774f   Thumb Code     6  stm32f4xx_tim.o(.text)
    TIM_BDTRConfig                           0x08007755   Thumb Code    32  stm32f4xx_tim.o(.text)
    TIM_BDTRStructInit                       0x08007775   Thumb Code    18  stm32f4xx_tim.o(.text)
    TIM_CtrlPWMOutputs                       0x08007787   Thumb Code    30  stm32f4xx_tim.o(.text)
    TIM_SelectCOM                            0x080077a5   Thumb Code    24  stm32f4xx_tim.o(.text)
    TIM_CCPreloadControl                     0x080077bd   Thumb Code    24  stm32f4xx_tim.o(.text)
    TIM_ITConfig                             0x080077d5   Thumb Code    18  stm32f4xx_tim.o(.text)
    TIM_GenerateEvent                        0x080077e7   Thumb Code     4  stm32f4xx_tim.o(.text)
    TIM_GetFlagStatus                        0x080077eb   Thumb Code    18  stm32f4xx_tim.o(.text)
    TIM_ClearFlag                            0x080077fd   Thumb Code     6  stm32f4xx_tim.o(.text)
    TIM_GetITStatus                          0x08007803   Thumb Code    34  stm32f4xx_tim.o(.text)
    TIM_ClearITPendingBit                    0x08007825   Thumb Code     6  stm32f4xx_tim.o(.text)
    TIM_DMAConfig                            0x0800782b   Thumb Code    10  stm32f4xx_tim.o(.text)
    TIM_DMACmd                               0x08007835   Thumb Code    18  stm32f4xx_tim.o(.text)
    TIM_SelectCCDMA                          0x08007847   Thumb Code    24  stm32f4xx_tim.o(.text)
    TIM_InternalClockConfig                  0x0800785f   Thumb Code    12  stm32f4xx_tim.o(.text)
    TIM_SelectInputTrigger                   0x0800786b   Thumb Code    18  stm32f4xx_tim.o(.text)
    TIM_ITRxExternalClockConfig              0x0800787d   Thumb Code    24  stm32f4xx_tim.o(.text)
    TIM_TIxExternalClockConfig               0x08007895   Thumb Code    62  stm32f4xx_tim.o(.text)
    TIM_ETRConfig                            0x080078d3   Thumb Code    28  stm32f4xx_tim.o(.text)
    TIM_ETRClockMode1Config                  0x080078ef   Thumb Code    54  stm32f4xx_tim.o(.text)
    TIM_ETRClockMode2Config                  0x08007925   Thumb Code    32  stm32f4xx_tim.o(.text)
    TIM_SelectOutputTrigger                  0x08007945   Thumb Code    18  stm32f4xx_tim.o(.text)
    TIM_SelectSlaveMode                      0x08007957   Thumb Code    18  stm32f4xx_tim.o(.text)
    TIM_SelectMasterSlaveMode                0x08007969   Thumb Code    18  stm32f4xx_tim.o(.text)
    TIM_EncoderInterfaceConfig               0x0800797b   Thumb Code    66  stm32f4xx_tim.o(.text)
    TIM_SelectHallSensor                     0x080079bd   Thumb Code    24  stm32f4xx_tim.o(.text)
    TIM_RemapConfig                          0x080079d5   Thumb Code     6  stm32f4xx_tim.o(.text)
    SPI_I2S_DeInit                           0x080079dd   Thumb Code   152  stm32f4xx_spi.o(.text)
    SPI_Init                                 0x08007a75   Thumb Code    60  stm32f4xx_spi.o(.text)
    I2S_Init                                 0x08007ab1   Thumb Code   396  stm32f4xx_spi.o(.text)
    SPI_StructInit                           0x08007c3d   Thumb Code    24  stm32f4xx_spi.o(.text)
    I2S_StructInit                           0x08007c55   Thumb Code    20  stm32f4xx_spi.o(.text)
    SPI_Cmd                                  0x08007c69   Thumb Code    24  stm32f4xx_spi.o(.text)
    I2S_Cmd                                  0x08007c81   Thumb Code    24  stm32f4xx_spi.o(.text)
    SPI_DataSizeConfig                       0x08007c99   Thumb Code    18  stm32f4xx_spi.o(.text)
    SPI_BiDirectionalLineConfig              0x08007cab   Thumb Code    28  stm32f4xx_spi.o(.text)
    SPI_NSSInternalSoftwareConfig            0x08007cc7   Thumb Code    30  stm32f4xx_spi.o(.text)
    SPI_SSOutputCmd                          0x08007ce5   Thumb Code    24  stm32f4xx_spi.o(.text)
    SPI_TIModeCmd                            0x08007cfd   Thumb Code    24  stm32f4xx_spi.o(.text)
    I2S_FullDuplexConfig                     0x08007d15   Thumb Code    80  stm32f4xx_spi.o(.text)
    SPI_I2S_ReceiveData                      0x08007d65   Thumb Code     6  stm32f4xx_spi.o(.text)
    SPI_I2S_SendData                         0x08007d6b   Thumb Code     4  stm32f4xx_spi.o(.text)
    SPI_CalculateCRC                         0x08007d6f   Thumb Code    24  stm32f4xx_spi.o(.text)
    SPI_TransmitCRC                          0x08007d87   Thumb Code    10  stm32f4xx_spi.o(.text)
    SPI_GetCRC                               0x08007d91   Thumb Code    16  stm32f4xx_spi.o(.text)
    SPI_GetCRCPolynomial                     0x08007da1   Thumb Code     6  stm32f4xx_spi.o(.text)
    SPI_I2S_DMACmd                           0x08007da7   Thumb Code    18  stm32f4xx_spi.o(.text)
    SPI_I2S_ITConfig                         0x08007db9   Thumb Code    68  stm32f4xx_spi.o(.text)
    SPI_I2S_GetFlagStatus                    0x08007dfd   Thumb Code    18  stm32f4xx_spi.o(.text)
    SPI_I2S_ClearFlag                        0x08007e0f   Thumb Code     6  stm32f4xx_spi.o(.text)
    SPI_I2S_GetITStatus                      0x08007e15   Thumb Code    52  stm32f4xx_spi.o(.text)
    SPI_I2S_ClearITPendingBit                0x08007e49   Thumb Code    20  stm32f4xx_spi.o(.text)
    font_init                                0x08007e5d   Thumb Code    64  fontupd.o(.text)
    Get_HzMat                                0x08007ea5   Thumb Code   220  text.o(.text)
    Show_Font                                0x08007f81   Thumb Code   190  text.o(.text)
    Show_Str                                 0x0800803f   Thumb Code   192  text.o(.text)
    Show_Str_Mid                             0x080080ff   Thumb Code   106  text.o(.text)
    AT24CXX_Init                             0x08008179   Thumb Code     8  24cxx.o(.text)
    AT24CXX_ReadOneByte                      0x08008181   Thumb Code    88  24cxx.o(.text)
    AT24CXX_WriteOneByte                     0x080081d9   Thumb Code    80  24cxx.o(.text)
    AT24CXX_WriteLenByte                     0x08008229   Thumb Code    42  24cxx.o(.text)
    AT24CXX_ReadLenByte                      0x08008253   Thumb Code    44  24cxx.o(.text)
    AT24CXX_Check                            0x0800827f   Thumb Code    46  24cxx.o(.text)
    AT24CXX_Read                             0x080082ad   Thumb Code    34  24cxx.o(.text)
    AT24CXX_Write                            0x080082cf   Thumb Code    36  24cxx.o(.text)
    HGQ_AHT20_Init                           0x08008381   Thumb Code    42  hgq_aht20.o(.text)
    HGQ_AHT20_Read                           0x080083ab   Thumb Code   210  hgq_aht20.o(.text)
    HGQ_IIC2_Init                            0x080084fd   Thumb Code    42  hgq_myiic2.o(.text)
    HGQ_IIC2_Start                           0x08008527   Thumb Code    58  hgq_myiic2.o(.text)
    HGQ_IIC2_Stop                            0x08008561   Thumb Code    58  hgq_myiic2.o(.text)
    HGQ_IIC2_WaitAck                         0x0800859b   Thumb Code    88  hgq_myiic2.o(.text)
    HGQ_IIC2_Ack                             0x080085f3   Thumb Code    52  hgq_myiic2.o(.text)
    HGQ_IIC2_NAck                            0x08008627   Thumb Code    52  hgq_myiic2.o(.text)
    HGQ_IIC2_SendByte                        0x0800865b   Thumb Code    92  hgq_myiic2.o(.text)
    HGQ_IIC2_ReadByte                        0x080086b7   Thumb Code    86  hgq_myiic2.o(.text)
    HGQ_BH1750_Init                          0x08008783   Thumb Code    78  hgq_bh1750.o(.text)
    HGQ_BH1750_ReadLux                       0x080087d1   Thumb Code    48  hgq_bh1750.o(.text)
    HGQ_IIC3_Init                            0x0800886f   Thumb Code    42  hgq_myiic3.o(.text)
    HGQ_IIC3_Start                           0x08008899   Thumb Code    58  hgq_myiic3.o(.text)
    HGQ_IIC3_Stop                            0x080088d3   Thumb Code    58  hgq_myiic3.o(.text)
    HGQ_IIC3_WaitAck                         0x0800890d   Thumb Code    88  hgq_myiic3.o(.text)
    HGQ_IIC3_Ack                             0x08008965   Thumb Code    52  hgq_myiic3.o(.text)
    HGQ_IIC3_NAck                            0x08008999   Thumb Code    52  hgq_myiic3.o(.text)
    HGQ_IIC3_SendByte                        0x080089cd   Thumb Code    92  hgq_myiic3.o(.text)
    HGQ_IIC3_ReadByte                        0x08008a29   Thumb Code    86  hgq_myiic3.o(.text)
    HGQ_ESP8266_SendCmd                      0x08008ad9   Thumb Code    36  hgq_esp8266.o(.text)
    HGQ_ESP8266_MQTTPUB                      0x08008b37   Thumb Code    62  hgq_esp8266.o(.text)
    HGQ_ESP8266_MQTTPUB_Fast                 0x08008b75   Thumb Code    56  hgq_esp8266.o(.text)
    HGQ_ESP8266_Init                         0x08008bad   Thumb Code     4  hgq_esp8266.o(.text)
    HGQ_ESP8266_JoinAP                       0x08008bb1   Thumb Code    36  hgq_esp8266.o(.text)
    HGQ_ESP8266_ConnectMQTT                  0x08008bd5   Thumb Code    64  hgq_esp8266.o(.text)
    HGQ_ESP8266_MQTTSUB                      0x08008c15   Thumb Code    36  hgq_esp8266.o(.text)
    HGQ_ESP8266_EnableNTP                    0x08008c39   Thumb Code    16  hgq_esp8266.o(.text)
    HGQ_ESP8266_GetNTPTime                   0x08008c49   Thumb Code   220  hgq_esp8266.o(.text)
    HGQ_ESP8266_CheckStatus                  0x08008d25   Thumb Code    24  hgq_esp8266.o(.text)
    HGQ_RC522_Init                           0x080091cf   Thumb Code   184  hgq_rc522.o(.text)
    HGQ_RC522_PollUID                        0x08009287   Thumb Code    98  hgq_rc522.o(.text)
    HGQ_RC522_UIDToString                    0x080092e9   Thumb Code    98  hgq_rc522.o(.text)
    HGQ_USART2_Init                          0x08009391   Thumb Code   164  hgq_usart.o(.text)
    HGQ_USART2_SendString                    0x08009435   Thumb Code    34  hgq_usart.o(.text)
    HGQ_USART2_SetRxCallback                 0x08009457   Thumb Code     2  hgq_usart.o(.text)
    HGQ_USART2_EnableRxIRQ                   0x08009459   Thumb Code    18  hgq_usart.o(.text)
    HGQ_USART2_IT_GetChar                    0x0800946b   Thumb Code    62  hgq_usart.o(.text)
    HGQ_USART2_IT_ClearRxBuffer              0x080094a9   Thumb Code    14  hgq_usart.o(.text)
    USART2_IRQHandler                        0x080094b7   Thumb Code    74  hgq_usart.o(.text)
    HGQ_USART1_Init                          0x08009501   Thumb Code     2  hgq_usart.o(.text)
    HGQ_USART1_SendString                    0x08009503   Thumb Code     2  hgq_usart.o(.text)
    IIC_Init                                 0x08009511   Thumb Code    62  myiic.o(.text)
    IIC_Start                                0x0800954f   Thumb Code    68  myiic.o(.text)
    IIC_Stop                                 0x08009593   Thumb Code    62  myiic.o(.text)
    IIC_Wait_Ack                             0x080095d1   Thumb Code    82  myiic.o(.text)
    IIC_Ack                                  0x08009623   Thumb Code    66  myiic.o(.text)
    IIC_NAck                                 0x08009665   Thumb Code    66  myiic.o(.text)
    IIC_Send_Byte                            0x080096a7   Thumb Code    90  myiic.o(.text)
    IIC_Read_Byte                            0x08009701   Thumb Code    94  myiic.o(.text)
    CT_Delay                                 0x0800976d   Thumb Code    10  ctiic.o(.text)
    CT_IIC_Init                              0x08009777   Thumb Code    60  ctiic.o(.text)
    CT_IIC_Start                             0x080097b3   Thumb Code    62  ctiic.o(.text)
    CT_IIC_Stop                              0x080097f1   Thumb Code    56  ctiic.o(.text)
    CT_IIC_Wait_Ack                          0x08009829   Thumb Code    78  ctiic.o(.text)
    CT_IIC_Ack                               0x08009877   Thumb Code    66  ctiic.o(.text)
    CT_IIC_NAck                              0x080098b9   Thumb Code    66  ctiic.o(.text)
    CT_IIC_Send_Byte                         0x080098fb   Thumb Code    82  ctiic.o(.text)
    CT_IIC_Read_Byte                         0x0800994d   Thumb Code    96  ctiic.o(.text)
    FT5206_WR_Reg                            0x080099c5   Thumb Code    82  ft5206.o(.text)
    FT5206_RD_Reg                            0x08009a17   Thumb Code    88  ft5206.o(.text)
    FT5206_Init                              0x08009a6f   Thumb Code   316  ft5206.o(.text)
    FT5206_Scan                              0x08009bab   Thumb Code   934  ft5206.o(.text)
    GT9147_WR_Reg                            0x08009f59   Thumb Code    92  gt9147.o(.text)
    GT9147_Send_Cfg                          0x08009fb5   Thumb Code    86  gt9147.o(.text)
    GT9147_RD_Reg                            0x0800a00b   Thumb Code    98  gt9147.o(.text)
    GT9147_Init                              0x0800a06d   Thumb Code   292  gt9147.o(.text)
    GT9147_Scan                              0x0800a191   Thumb Code   744  gt9147.o(.text)
    OTT2001A_WR_Reg                          0x0800a481   Thumb Code    92  ott2001a.o(.text)
    OTT2001A_RD_Reg                          0x0800a4dd   Thumb Code    98  ott2001a.o(.text)
    OTT2001A_SensorControl                   0x0800a53f   Thumb Code    28  ott2001a.o(.text)
    OTT2001A_Init                            0x0800a55b   Thumb Code   142  ott2001a.o(.text)
    OTT2001A_Scan                            0x0800a5e9   Thumb Code   478  ott2001a.o(.text)
    TP_Write_Byte                            0x0800a809   Thumb Code    64  touch.o(.text)
    TP_Read_AD                               0x0800a849   Thumb Code   132  touch.o(.text)
    TP_Read_XOY                              0x0800a8cd   Thumb Code   114  touch.o(.text)
    TP_Read_XY                               0x0800a93f   Thumb Code    38  touch.o(.text)
    TP_Read_XY2                              0x0800a965   Thumb Code   192  touch.o(.text)
    TP_Drow_Touch_Point                      0x0800aa25   Thumb Code   108  touch.o(.text)
    TP_Draw_Big_Point                        0x0800aa91   Thumb Code    54  touch.o(.text)
    TP_Scan                                  0x0800aac7   Thumb Code   244  touch.o(.text)
    TP_Save_Adjdata                          0x0800abbb   Thumb Code   168  touch.o(.text)
    TP_Get_Adjdata                           0x0800ac63   Thumb Code   180  touch.o(.text)
    TP_Adj_Info_Show                         0x0800ad17   Thumb Code    84  touch.o(.text)
    TP_Adjust                                0x0800ad6b   Thumb Code  1214  touch.o(.text)
    TP_Init                                  0x0800b229   Thumb Code   406  touch.o(.text)
    HGQ_VL53L0X_I2C_Init                     0x0800b465   Thumb Code    62  hgq_vl53l0x.o(.text)
    HGQ_VL53L0X_ReadModelID                  0x0800b7d3   Thumb Code    26  hgq_vl53l0x.o(.text)
    HGQ_VL53L0X_Begin                        0x0800bd93   Thumb Code   262  hgq_vl53l0x.o(.text)
    HGQ_VL53L0X_SetCalib                     0x0800be99   Thumb Code    16  hgq_vl53l0x.o(.text)
    HGQ_VL53L0X_SetFilter                    0x0800bea9   Thumb Code    14  hgq_vl53l0x.o(.text)
    HGQ_VL53L0X_ReadMmEx                     0x0800beb7   Thumb Code    74  hgq_vl53l0x.o(.text)
    HGQ_VL53L0X_ReadMm                       0x0800bf01   Thumb Code    18  hgq_vl53l0x.o(.text)
    HGQ_UI_ResetCache                        0x0800bf6d   Thumb Code    38  hgq_ui.o(.text)
    HGQ_UI_Init                              0x0800bf93   Thumb Code     8  hgq_ui.o(.text)
    HGQ_UI_GetBrightnessNow                  0x0800bf9b   Thumb Code     6  hgq_ui.o(.text)
    HGQ_UI_ShowPopup                         0x0800c17f   Thumb Code   174  hgq_ui.o(.text)
    HGQ_UI_DrawFramework                     0x0800c22d   Thumb Code   558  hgq_ui.o(.text)
    HGQ_UI_Update                            0x0800c45b   Thumb Code  1844  hgq_ui.o(.text)
    HGQ_UI_TouchBtn_Check                    0x0800cc41   Thumb Code    18  hgq_ui.o(.text)
    HGQ_UI_TouchBtn_Mode                     0x0800cc53   Thumb Code    18  hgq_ui.o(.text)
    HGQ_UI_TouchBtn_On                       0x0800cc65   Thumb Code    18  hgq_ui.o(.text)
    HGQ_UI_TouchBtn_Off                      0x0800cc77   Thumb Code    18  hgq_ui.o(.text)
    HGQ_UI_TouchBtn_BriUp                    0x0800cc89   Thumb Code    36  hgq_ui.o(.text)
    HGQ_UI_TouchBtn_BriDown                  0x0800ccad   Thumb Code    36  hgq_ui.o(.text)
    LED0_PWM_Init                            0x0800cd29   Thumb Code   166  led.o(.text)
    LED_Init                                 0x0800cdcf   Thumb Code    60  led.o(.text)
    LED0_SetOn                               0x0800ce0b   Thumb Code    22  led.o(.text)
    LED0_SetBrightness                       0x0800ce21   Thumb Code    20  led.o(.text)
    Relay_Set                                0x0800ce35   Thumb Code    26  led.o(.text)
    vListInitialise                          0x0800ce61   Thumb Code    26  list.o(.text)
    vListInitialiseItem                      0x0800ce7b   Thumb Code     6  list.o(.text)
    vListInsertEnd                           0x0800ce81   Thumb Code    24  list.o(.text)
    vListInsert                              0x0800ce99   Thumb Code    52  list.o(.text)
    uxListRemove                             0x0800cecd   Thumb Code    40  list.o(.text)
    xQueueGenericReset                       0x0800cef5   Thumb Code   214  queue.o(.text)
    xQueueGenericCreate                      0x0800cff5   Thumb Code   102  queue.o(.text)
    xQueueGenericSend                        0x0800d175   Thumb Code   420  queue.o(.text)
    xQueueCreateMutex                        0x0800d337   Thumb Code    38  queue.o(.text)
    xQueueGiveMutexRecursive                 0x0800d35d   Thumb Code    72  queue.o(.text)
    xQueueSemaphoreTake                      0x0800d3d3   Thumb Code   398  queue.o(.text)
    xQueueTakeMutexRecursive                 0x0800d561   Thumb Code    78  queue.o(.text)
    xQueueCreateCountingSemaphore            0x0800d5af   Thumb Code    60  queue.o(.text)
    xQueueGenericSendFromISR                 0x0800d5eb   Thumb Code   298  queue.o(.text)
    xQueueGiveFromISR                        0x0800d715   Thumb Code   274  queue.o(.text)
    xQueueReceive                            0x0800d855   Thumb Code   356  queue.o(.text)
    xQueuePeek                               0x0800d9b9   Thumb Code   362  queue.o(.text)
    xQueueReceiveFromISR                     0x0800db23   Thumb Code   254  queue.o(.text)
    xQueuePeekFromISR                        0x0800dc21   Thumb Code   176  queue.o(.text)
    uxQueueMessagesWaiting                   0x0800dcd1   Thumb Code    46  queue.o(.text)
    uxQueueSpacesAvailable                   0x0800dcff   Thumb Code    48  queue.o(.text)
    uxQueueMessagesWaitingFromISR            0x0800dd2f   Thumb Code    34  queue.o(.text)
    vQueueUnregisterQueue                    0x0800dd51   Thumb Code    68  queue.o(.text)
    vQueueDelete                             0x0800dd95   Thumb Code    44  queue.o(.text)
    uxQueueGetQueueNumber                    0x0800ddc1   Thumb Code     6  queue.o(.text)
    vQueueSetQueueNumber                     0x0800ddc7   Thumb Code     4  queue.o(.text)
    ucQueueGetQueueType                      0x0800ddcb   Thumb Code     8  queue.o(.text)
    uxQueueGetQueueItemSize                  0x0800ddd3   Thumb Code     6  queue.o(.text)
    uxQueueGetQueueLength                    0x0800ddd9   Thumb Code     6  queue.o(.text)
    xQueueIsQueueEmptyFromISR                0x0800dddf   Thumb Code    42  queue.o(.text)
    xQueueIsQueueFullFromISR                 0x0800de09   Thumb Code    46  queue.o(.text)
    vQueueAddToRegistry                      0x0800de37   Thumb Code    90  queue.o(.text)
    pcQueueGetName                           0x0800de91   Thumb Code    64  queue.o(.text)
    vQueueWaitForMessageRestricted           0x0800ded1   Thumb Code    74  queue.o(.text)
    xTaskCreate                              0x0800e167   Thumb Code    56  tasks.o(.text)
    vTaskDelete                              0x0800e1d9   Thumb Code   234  tasks.o(.text)
    xTaskIncrementTick                       0x0800e2c3   Thumb Code   492  tasks.o(.text)
    xTaskResumeAll                           0x0800e4af   Thumb Code   382  tasks.o(.text)
    vTaskSuspendAll                          0x0800e6db   Thumb Code    12  tasks.o(.text)
    xTaskDelayUntil                          0x0800e6e7   Thumb Code   202  tasks.o(.text)
    vTaskDelay                               0x0800e7b1   Thumb Code    82  tasks.o(.text)
    eTaskGetState                            0x0800e803   Thumb Code   214  tasks.o(.text)
    uxTaskPriorityGet                        0x0800e8d9   Thumb Code    30  tasks.o(.text)
    uxTaskPriorityGetFromISR                 0x0800e8f7   Thumb Code    62  tasks.o(.text)
    uxTaskBasePriorityGet                    0x0800e935   Thumb Code    30  tasks.o(.text)
    uxTaskBasePriorityGetFromISR             0x0800e953   Thumb Code    62  tasks.o(.text)
    vTaskPrioritySet                         0x0800e991   Thumb Code   336  tasks.o(.text)
    vTaskSwitchContext                       0x0800eae1   Thumb Code   126  tasks.o(.text)
    vTaskSuspend                             0x0800eb5f   Thumb Code   228  tasks.o(.text)
    vTaskResume                              0x0800ecdf   Thumb Code   194  tasks.o(.text)
    xTaskResumeFromISR                       0x0800eda1   Thumb Code   224  tasks.o(.text)
    vTaskStartScheduler                      0x0800ef33   Thumb Code   106  tasks.o(.text)
    vTaskEndScheduler                        0x0800ef9d   Thumb Code    66  tasks.o(.text)
    xTaskGetTickCount                        0x0800efdf   Thumb Code     6  tasks.o(.text)
    xTaskGetTickCountFromISR                 0x0800efe5   Thumb Code    16  tasks.o(.text)
    uxTaskGetNumberOfTasks                   0x0800eff5   Thumb Code     6  tasks.o(.text)
    pcTaskGetName                            0x0800effb   Thumb Code    44  tasks.o(.text)
    vTaskGetInfo                             0x0800f03b   Thumb Code   270  tasks.o(.text)
    uxTaskGetSystemState                     0x0800f187   Thumb Code   152  tasks.o(.text)
    xTaskCatchUpTicks                        0x0800f21f   Thumb Code    72  tasks.o(.text)
    vTaskPlaceOnEventList                    0x0800f267   Thumb Code    52  tasks.o(.text)
    vTaskPlaceOnUnorderedEventList           0x0800f29b   Thumb Code   138  tasks.o(.text)
    vTaskPlaceOnEventListRestricted          0x0800f325   Thumb Code    98  tasks.o(.text)
    xTaskRemoveFromEventList                 0x0800f387   Thumb Code   280  tasks.o(.text)
    vTaskRemoveFromUnorderedEventList        0x0800f49f   Thumb Code   316  tasks.o(.text)
    vTaskSetTimeOutState                     0x0800f5db   Thumb Code    50  tasks.o(.text)
    vTaskInternalSetTimeOutState             0x0800f60d   Thumb Code    14  tasks.o(.text)
    xTaskCheckForTimeOut                     0x0800f61b   Thumb Code   136  tasks.o(.text)
    vTaskMissedYield                         0x0800f6a3   Thumb Code     8  tasks.o(.text)
    uxTaskGetTaskNumber                      0x0800f6ab   Thumb Code    14  tasks.o(.text)
    vTaskSetTaskNumber                       0x0800f6b9   Thumb Code     8  tasks.o(.text)
    xTaskGetCurrentTaskHandle                0x0800f6c1   Thumb Code     6  tasks.o(.text)
    xTaskGetCurrentTaskHandleForCore         0x0800f6c7   Thumb Code    26  tasks.o(.text)
    xTaskGetSchedulerState                   0x0800f6e1   Thumb Code    24  tasks.o(.text)
    xTaskPriorityInherit                     0x0800f6f9   Thumb Code   230  tasks.o(.text)
    xTaskPriorityDisinherit                  0x0800f7df   Thumb Code   234  tasks.o(.text)
    vTaskPriorityDisinheritAfterTimeout      0x0800f8c9   Thumb Code   312  tasks.o(.text)
    uxTaskResetEventItemValue                0x0800fa01   Thumb Code    24  tasks.o(.text)
    pvTaskIncrementMutexHeldCount            0x0800fa19   Thumb Code    14  tasks.o(.text)
    ulTaskGenericNotifyTake                  0x0800fa27   Thumb Code   196  tasks.o(.text)
    xTaskGenericNotifyWait                   0x0800faeb   Thumb Code   230  tasks.o(.text)
    xTaskGenericNotify                       0x0800fbd1   Thumb Code   458  tasks.o(.text)
    xTaskGenericNotifyFromISR                0x0800fd9b   Thumb Code   554  tasks.o(.text)
    vTaskGenericNotifyGiveFromISR            0x0800ffc5   Thumb Code   384  tasks.o(.text)
    xTaskGenericNotifyStateClear             0x08010145   Thumb Code    90  tasks.o(.text)
    ulTaskGenericNotifyValueClear            0x0801019f   Thumb Code    90  tasks.o(.text)
    vTaskResetState                          0x080101f9   Thumb Code    68  tasks.o(.text)
    xTimerCreateTimerTask                    0x08010599   Thumb Code    66  timers.o(.text)
    xTimerCreate                             0x08010633   Thumb Code    54  timers.o(.text)
    xTimerGenericCommandFromTask             0x08010669   Thumb Code   194  timers.o(.text)
    xTimerGenericCommandFromISR              0x0801072b   Thumb Code   116  timers.o(.text)
    xTimerGetTimerDaemonTaskHandle           0x0801079f   Thumb Code    42  timers.o(.text)
    xTimerGetPeriod                          0x080107c9   Thumb Code    32  timers.o(.text)
    vTimerSetReloadMode                      0x080107e9   Thumb Code    70  timers.o(.text)
    xTimerGetReloadMode                      0x0801082f   Thumb Code    58  timers.o(.text)
    uxTimerGetReloadMode                     0x08010869   Thumb Code    16  timers.o(.text)
    xTimerGetExpiryTime                      0x08010879   Thumb Code    34  timers.o(.text)
    pcTimerGetName                           0x0801089b   Thumb Code    32  timers.o(.text)
    xTimerIsTimerActive                      0x080108bb   Thumb Code    58  timers.o(.text)
    pvTimerGetTimerID                        0x080108f5   Thumb Code    44  timers.o(.text)
    vTimerSetTimerID                         0x08010921   Thumb Code    44  timers.o(.text)
    uxTimerGetTimerNumber                    0x0801094d   Thumb Code     6  timers.o(.text)
    vTimerSetTimerNumber                     0x08010953   Thumb Code     4  timers.o(.text)
    vTimerResetState                         0x08010957   Thumb Code    12  timers.o(.text)
    pvPortMalloc                             0x080109c5   Thumb Code   474  heap_4.o(.text)
    vPortFree                                0x08010c2f   Thumb Code   174  heap_4.o(.text)
    xPortGetFreeHeapSize                     0x08010cdd   Thumb Code     6  heap_4.o(.text)
    xPortGetMinimumEverFreeHeapSize          0x08010ce3   Thumb Code     6  heap_4.o(.text)
    vPortInitialiseBlocks                    0x08010ce9   Thumb Code     2  heap_4.o(.text)
    pvPortCalloc                             0x08010ceb   Thumb Code    54  heap_4.o(.text)
    vPortGetHeapStats                        0x08010d21   Thumb Code   138  heap_4.o(.text)
    vPortHeapResetState                      0x08010dab   Thumb Code    24  heap_4.o(.text)
    pxPortInitialiseStack                    0x08010e15   Thumb Code    38  port.o(.text)
    vPortSetupTimerInterrupt                 0x08010e3b   Thumb Code    36  port.o(.text)
    xPortStartScheduler                      0x08010e5f   Thumb Code   330  port.o(.text)
    vPortEndScheduler                        0x08010fa9   Thumb Code    42  port.o(.text)
    vPortEnterCritical                       0x08010fd3   Thumb Code    78  port.o(.text)
    vPortExitCritical                        0x08011021   Thumb Code    56  port.o(.text)
    SysTick_Handler                          0x08011059   Thumb Code    48  port.o(.text)
    vPortValidateInterruptPriority           0x08011089   Thumb Code   108  port.o(.text)
    __use_no_semihosting                     0x08011119   Thumb Code     2  use_no_semi_2.o(.text)
    __2printf                                0x0801111d   Thumb Code    20  noretval__2printf.o(.text)
    __2sprintf                               0x08011135   Thumb Code    34  noretval__2sprintf.o(.text)
    __2snprintf                              0x0801115d   Thumb Code    48  noretval__2snprintf.o(.text)
    _printf_pre_padding                      0x08011191   Thumb Code    44  _printf_pad.o(.text)
    _printf_post_padding                     0x080111bd   Thumb Code    34  _printf_pad.o(.text)
    _printf_str                              0x080111df   Thumb Code    82  _printf_str.o(.text)
    _printf_int_dec                          0x08011231   Thumb Code   104  _printf_dec.o(.text)
    _printf_int_hex                          0x080112a9   Thumb Code    84  _printf_hex_int.o(.text)
    _printf_longlong_hex                     0x080112a9   Thumb Code     0  _printf_hex_int.o(.text)
    __printf                                 0x08011301   Thumb Code   308  __printf_flags_wp.o(.text)
    atoi                                     0x08011439   Thumb Code    26  atoi.o(.text)
    strchr                                   0x08011453   Thumb Code    20  strchr.o(.text)
    strncat                                  0x08011467   Thumb Code    36  strncat.o(.text)
    strstr                                   0x0801148b   Thumb Code    36  strstr.o(.text)
    strcpy                                   0x080114af   Thumb Code    72  strcpy.o(.text)
    strrchr                                  0x080114f7   Thumb Code    22  strrchr.o(.text)
    strlen                                   0x0801150d   Thumb Code    62  strlen.o(.text)
    __aeabi_memcpy                           0x0801154b   Thumb Code     0  rt_memcpy_v6.o(.text)
    __rt_memcpy                              0x0801154b   Thumb Code   138  rt_memcpy_v6.o(.text)
    _memcpy_lastbytes                        0x080115b1   Thumb Code     0  rt_memcpy_v6.o(.text)
    __aeabi_memcpy4                          0x080115d5   Thumb Code     0  rt_memcpy_w.o(.text)
    __aeabi_memcpy8                          0x080115d5   Thumb Code     0  rt_memcpy_w.o(.text)
    __rt_memcpy_w                            0x080115d5   Thumb Code   100  rt_memcpy_w.o(.text)
    _memcpy_lastbytes_aligned                0x0801161d   Thumb Code     0  rt_memcpy_w.o(.text)
    __aeabi_memset                           0x08011639   Thumb Code    16  aeabi_memset.o(.text)
    __aeabi_memclr                           0x08011649   Thumb Code     0  rt_memclr.o(.text)
    __rt_memclr                              0x08011649   Thumb Code    68  rt_memclr.o(.text)
    _memset                                  0x0801164d   Thumb Code     0  rt_memclr.o(.text)
    __aeabi_memclr4                          0x0801168d   Thumb Code     0  rt_memclr_w.o(.text)
    __aeabi_memclr8                          0x0801168d   Thumb Code     0  rt_memclr_w.o(.text)
    __rt_memclr_w                            0x0801168d   Thumb Code    78  rt_memclr_w.o(.text)
    _memset_w                                0x08011691   Thumb Code     0  rt_memclr_w.o(.text)
    strncpy                                  0x080116db   Thumb Code    86  strncpy.o(.text)
    strcmp                                   0x08011731   Thumb Code   128  strcmpv7m.o(.text)
    __use_two_region_memory                  0x080117b1   Thumb Code     2  heapauxi.o(.text)
    __rt_heap_escrow$2region                 0x080117b3   Thumb Code     2  heapauxi.o(.text)
    __rt_heap_expand$2region                 0x080117b5   Thumb Code     2  heapauxi.o(.text)
    __I$use$semihosting                      0x080117b7   Thumb Code     0  use_no_semi.o(.text)
    __use_no_semihosting_swi                 0x080117b7   Thumb Code     2  use_no_semi.o(.text)
    __aeabi_errno_addr                       0x080117b9   Thumb Code     8  rt_errno_addr_intlibspace.o(.text)
    __errno$intlibspace                      0x080117b9   Thumb Code     0  rt_errno_addr_intlibspace.o(.text)
    __rt_errno_addr$intlibspace              0x080117b9   Thumb Code     0  rt_errno_addr_intlibspace.o(.text)
    __read_errno                             0x080117c1   Thumb Code    10  _rserrno.o(.text)
    __set_errno                              0x080117cb   Thumb Code    12  _rserrno.o(.text)
    _printf_int_common                       0x080117d7   Thumb Code   178  _printf_intcommon.o(.text)
    _printf_char_common                      0x08011893   Thumb Code    32  _printf_char_common.o(.text)
    _sputc                                   0x080118b9   Thumb Code    10  _sputc.o(.text)
    _snputc                                  0x080118c3   Thumb Code    16  _snputc.o(.text)
    _printf_cs_common                        0x080118d3   Thumb Code    20  _printf_char.o(.text)
    _printf_char                             0x080118e7   Thumb Code    16  _printf_char.o(.text)
    _printf_string                           0x080118f7   Thumb Code     8  _printf_char.o(.text)
    _printf_char_file                        0x08011901   Thumb Code    32  _printf_char_file.o(.text)
    strtol                                   0x08011925   Thumb Code   112  strtol.o(.text)
    __user_libspace                          0x08011995   Thumb Code     8  libspace.o(.text)
    __user_perproc_libspace                  0x08011995   Thumb Code     0  libspace.o(.text)
    __user_perthread_libspace                0x08011995   Thumb Code     0  libspace.o(.text)
    __rt_ctype_table                         0x0801199d   Thumb Code    16  rt_ctype_table.o(.text)
    _strtoul                                 0x080119ad   Thumb Code   158  _strtoul.o(.text)
    ferror                                   0x08011a4b   Thumb Code     8  ferror.o(.text)
    __user_setup_stackheap                   0x08011a53   Thumb Code    74  sys_stackheap_outer.o(.text)
    __rt_locale                              0x08011a9d   Thumb Code     8  rt_locale_intlibspace.o(.text)
    _chval                                   0x08011aa5   Thumb Code    28  _chval.o(.text)
    exit                                     0x08011ac1   Thumb Code    18  exit.o(.text)
    __hardfp_sqrt                            0x08011ad3   Thumb Code   122  sqrt.o(i.__hardfp_sqrt)
    _is_digit                                0x08011b4d   Thumb Code    14  __printf_wp.o(i._is_digit)
    _get_lc_ctype                            0x08011b5d   Thumb Code    44  lc_ctype_c.o(locale$$code)
    __aeabi_dadd                             0x08011b89   Thumb Code     0  daddsub_clz.o(x$fpl$dadd)
    _dadd                                    0x08011b89   Thumb Code   332  daddsub_clz.o(x$fpl$dadd)
    __fpl_dcmp_Inf                           0x08011cd9   Thumb Code    24  dcmpi.o(x$fpl$dcmpinf)
    __aeabi_d2uiz                            0x08011cf1   Thumb Code     0  dfixu.o(x$fpl$dfixu)
    _dfixu                                   0x08011cf1   Thumb Code    90  dfixu.o(x$fpl$dfixu)
    __aeabi_i2d                              0x08011d4b   Thumb Code     0  dflt_clz.o(x$fpl$dflt)
    _dflt                                    0x08011d4b   Thumb Code    46  dflt_clz.o(x$fpl$dflt)
    __aeabi_ui2d                             0x08011d79   Thumb Code     0  dflt_clz.o(x$fpl$dfltu)
    _dfltu                                   0x08011d79   Thumb Code    38  dflt_clz.o(x$fpl$dfltu)
    __aeabi_cdcmple                          0x08011da1   Thumb Code     0  dleqf.o(x$fpl$dleqf)
    _dcmple                                  0x08011da1   Thumb Code   120  dleqf.o(x$fpl$dleqf)
    __fpl_dcmple_InfNaN                      0x08011e03   Thumb Code     0  dleqf.o(x$fpl$dleqf)
    __aeabi_dmul                             0x08011e19   Thumb Code     0  dmul.o(x$fpl$dmul)
    _dmul                                    0x08011e19   Thumb Code   332  dmul.o(x$fpl$dmul)
    __fpl_dnaninf                            0x08011f6d   Thumb Code   156  dnaninf.o(x$fpl$dnaninf)
    __fpl_dretinf                            0x08012009   Thumb Code    12  dretinf.o(x$fpl$dretinf)
    __aeabi_cdrcmple                         0x08012015   Thumb Code     0  drleqf.o(x$fpl$drleqf)
    _drcmple                                 0x08012015   Thumb Code   108  drleqf.o(x$fpl$drleqf)
    __aeabi_drsub                            0x08012081   Thumb Code     0  daddsub_clz.o(x$fpl$drsb)
    _drsb                                    0x08012081   Thumb Code    22  daddsub_clz.o(x$fpl$drsb)
    _dsqrt                                   0x08012099   Thumb Code   404  dsqrt_umaal.o(x$fpl$dsqrt)
    __aeabi_dsub                             0x08012231   Thumb Code     0  daddsub_clz.o(x$fpl$dsub)
    _dsub                                    0x08012231   Thumb Code   464  daddsub_clz.o(x$fpl$dsub)
    __aeabi_f2d                              0x08012405   Thumb Code     0  f2d.o(x$fpl$f2d)
    _f2d                                     0x08012405   Thumb Code    86  f2d.o(x$fpl$f2d)
    __fpl_fnaninf                            0x0801245b   Thumb Code   140  fnaninf.o(x$fpl$fnaninf)
    _fp_init                                 0x080124e7   Thumb Code    10  fpinit.o(x$fpl$fpinit)
    __fplib_config_fpu_vfp                   0x080124ef   Thumb Code     0  fpinit.o(x$fpl$fpinit)
    __fplib_config_pureend_doubles           0x080124ef   Thumb Code     0  fpinit.o(x$fpl$fpinit)
    STR_POP_IN                               0x080124f0   Data          11  main.o(.constdata)
    __I$use$fp                               0x080124f0   Number         0  usenofp.o(x$fpl$usenofp)
    STR_POP_OUT                              0x080124fb   Data          11  main.o(.constdata)
    STR_POP_ERR                              0x08012506   Data           9  main.o(.constdata)
    STR_POP_WARN                             0x0801250f   Data          13  main.o(.constdata)
    asc2_1206                                0x0801251c   Data        1140  lcd.o(.constdata)
    asc2_1608                                0x08012990   Data        1520  lcd.o(.constdata)
    asc2_2412                                0x08012f80   Data        3420  lcd.o(.constdata)
    FSMC_DefaultTimingStruct                 0x08013cdc   Data          28  stm32f4xx_fsmc.o(.constdata)
    FT5206_TPX_TBL                           0x08013cf8   Data          10  ft5206.o(.constdata)
    GT911_TPX_TBL                            0x08013d02   Data          10  ft5206.o(.constdata)
    GT9147_CFG_TBL                           0x08013d0c   Data         184  gt9147.o(.constdata)
    GT9147_TPX_TBL                           0x08013dc4   Data          10  gt9147.o(.constdata)
    OTT_TPX_TBL                              0x08013dce   Data          10  ott2001a.o(.constdata)
    TP_REMIND_MSG_TBL                        0x08013dd8   Data           4  touch.o(.constdata)
    STR_TITLE                                0x08013ddc   Data          11  hgq_ui.o(.constdata)
    STR_ENV                                  0x08013de7   Data           5  hgq_ui.o(.constdata)
    STR_SEAT                                 0x08013dec   Data           5  hgq_ui.o(.constdata)
    STR_LIGHT                                0x08013df1   Data           5  hgq_ui.o(.constdata)
    STR_T                                    0x08013df6   Data           6  hgq_ui.o(.constdata)
    STR_H                                    0x08013dfc   Data           6  hgq_ui.o(.constdata)
    STR_L                                    0x08013e02   Data           6  hgq_ui.o(.constdata)
    STR_STAT                                 0x08013e08   Data           6  hgq_ui.o(.constdata)
    STR_USER                                 0x08013e0e   Data           6  hgq_ui.o(.constdata)
    STR_RES_T                                0x08013e14   Data          10  hgq_ui.o(.constdata)
    STR_START_T                              0x08013e1e   Data          10  hgq_ui.o(.constdata)
    STR_REM_T                                0x08013e28   Data          10  hgq_ui.o(.constdata)
    STR_UNIT_C                               0x08013e32   Data           3  hgq_ui.o(.constdata)
    STR_UNIT_PCT                             0x08013e35   Data           2  hgq_ui.o(.constdata)
    STR_UNIT_LUX                             0x08013e37   Data           4  hgq_ui.o(.constdata)
    STR_CHECKIN                              0x08013e3b   Data           5  hgq_ui.o(.constdata)
    STR_CHECKOUT                             0x08013e40   Data           5  hgq_ui.o(.constdata)
    STR_MODE_M                               0x08013e45   Data           5  hgq_ui.o(.constdata)
    STR_MODE_A                               0x08013e4a   Data           5  hgq_ui.o(.constdata)
    STR_ON                                   0x08013e4f   Data           5  hgq_ui.o(.constdata)
    STR_OFF                                  0x08013e54   Data           5  hgq_ui.o(.constdata)
    STR_ESP_CON                              0x08013e59   Data           7  hgq_ui.o(.constdata)
    STR_ESP_OK                               0x08013e60   Data           5  hgq_ui.o(.constdata)
    STR_ESP_OFF                              0x08013e65   Data           5  hgq_ui.o(.constdata)
    Region$$Table$$Base                      0x08013f24   Number         0  anon$$obj.o(Region$$Table)
    Region$$Table$$Limit                     0x08013f44   Number         0  anon$$obj.o(Region$$Table)
    __ctype                                  0x08013f51   Data           0  lc_ctype_c.o(locale$$data)
    xMutexUI                                 0x20000000   Data           4  main.o(.data)
    xMutexESP                                0x20000004   Data           4  main.o(.data)
    StartTask_Handler                        0x20000008   Data           4  main.o(.data)
    NetTask_Handler                          0x2000000c   Data           4  main.o(.data)
    UITask_Handler                           0x20000010   Data           4  main.o(.data)
    SensorTask_Handler                       0x20000014   Data           4  main.o(.data)
    RFIDTask_Handler                         0x20000018   Data           4  main.o(.data)
    SystemCoreClock                          0x2000004c   Data           4  system_stm32f4xx.o(.data)
    AHBPrescTable                            0x20000050   Data          16  system_stm32f4xx.o(.data)
    POINT_COLOR                              0x20000060   Data           2  lcd.o(.data)
    BACK_COLOR                               0x20000062   Data           2  lcd.o(.data)
    W25QXX_TYPE                              0x20000064   Data           2  w25qxx.o(.data)
    __stdout                                 0x2000006c   Data           4  usart.o(.data)
    USART_RX_STA                             0x20000070   Data           2  usart.o(.data)
    FONTINFOADDR                             0x20000084   Data           4  fontupd.o(.data)
    CIP                                      0x2000008a   Data           5  ft5206.o(.data)
    g_gt_tnum                                0x2000008f   Data           1  ft5206.o(.data)
    tp_dev                                   0x20000094   Data          52  touch.o(.data)
    CMD_RDX                                  0x200000c8   Data           1  touch.o(.data)
    CMD_RDY                                  0x200000c9   Data           1  touch.o(.data)
    pxCurrentTCB                             0x200000e8   Data           4  tasks.o(.data)
    lcddev                                   0x20000e36   Data          14  lcd.o(.bss)
    W25QXX_BUFFER                            0x20000e44   Data        4096  w25qxx.o(.bss)
    ftinfo                                   0x20001e44   Data          33  fontupd.o(.bss)
    xQueueRegistry                           0x200024f8   Data          64  queue.o(.bss)
    __libspace_start                         0x20015444   Data          96  libspace.o(.bss)
    __temporary_stack_top$libspace           0x200154a4   Data           0  libspace.o(.bss)



==============================================================================

Memory Map of the image

  Image Entry point : 0x08000189

  Load Region LR_IROM1 (Base: 0x08000000, Size: 0x000141b8, Max: 0x00100000, ABSOLUTE, COMPRESSED[0x0001409c])

    Execution Region ER_IROM1 (Exec base: 0x08000000, Load base: 0x08000000, Size: 0x00014054, Max: 0x00100000, ABSOLUTE)

    Exec Addr    Load Addr    Size         Type   Attr      Idx    E Section Name        Object

    0x08000000   0x08000000   0x00000188   Data   RO          486    RESET               startup_stm32f40_41xxx.o
    0x08000188   0x08000188   0x00000008   Code   RO         1481  * !!!main             c_w.l(__main.o)
    0x08000190   0x08000190   0x00000034   Code   RO         1729    !!!scatter          c_w.l(__scatter.o)
    0x080001c4   0x080001c4   0x0000005a   Code   RO         1727    !!dczerorl2         c_w.l(__dczerorl2.o)
    0x0800021e   0x0800021e   0x00000002   PAD
    0x08000220   0x08000220   0x0000001c   Code   RO         1731    !!handler_zi        c_w.l(__scatter_zi.o)
    0x0800023c   0x0800023c   0x00000000   Code   RO         1448    .ARM.Collect$$_printf_percent$$00000000  c_w.l(_printf_percent.o)
    0x0800023c   0x0800023c   0x00000006   Code   RO         1447    .ARM.Collect$$_printf_percent$$00000009  c_w.l(_printf_d.o)
    0x08000242   0x08000242   0x00000006   Code   RO         1446    .ARM.Collect$$_printf_percent$$0000000C  c_w.l(_printf_x.o)
    0x08000248   0x08000248   0x00000006   Code   RO         1445    .ARM.Collect$$_printf_percent$$00000014  c_w.l(_printf_s.o)
    0x0800024e   0x0800024e   0x00000004   Code   RO         1541    .ARM.Collect$$_printf_percent$$00000017  c_w.l(_printf_percent_end.o)
    0x08000252   0x08000252   0x00000002   Code   RO         1602    .ARM.Collect$$libinit$$00000000  c_w.l(libinit.o)
    0x08000254   0x08000254   0x00000004   Code   RO         1605    .ARM.Collect$$libinit$$00000001  c_w.l(libinit2.o)
    0x08000258   0x08000258   0x00000000   Code   RO         1608    .ARM.Collect$$libinit$$00000004  c_w.l(libinit2.o)
    0x08000258   0x08000258   0x00000000   Code   RO         1611    .ARM.Collect$$libinit$$0000000A  c_w.l(libinit2.o)
    0x08000258   0x08000258   0x00000000   Code   RO         1613    .ARM.Collect$$libinit$$0000000C  c_w.l(libinit2.o)
    0x08000258   0x08000258   0x00000000   Code   RO         1615    .ARM.Collect$$libinit$$0000000E  c_w.l(libinit2.o)
    0x08000258   0x08000258   0x00000006   Code   RO         1616    .ARM.Collect$$libinit$$0000000F  c_w.l(libinit2.o)
    0x0800025e   0x0800025e   0x00000000   Code   RO         1618    .ARM.Collect$$libinit$$00000011  c_w.l(libinit2.o)
    0x0800025e   0x0800025e   0x0000000c   Code   RO         1619    .ARM.Collect$$libinit$$00000012  c_w.l(libinit2.o)
    0x0800026a   0x0800026a   0x00000000   Code   RO         1620    .ARM.Collect$$libinit$$00000013  c_w.l(libinit2.o)
    0x0800026a   0x0800026a   0x00000000   Code   RO         1622    .ARM.Collect$$libinit$$00000015  c_w.l(libinit2.o)
    0x0800026a   0x0800026a   0x00000000   Code   RO         1624    .ARM.Collect$$libinit$$00000017  c_w.l(libinit2.o)
    0x0800026a   0x0800026a   0x00000000   Code   RO         1626    .ARM.Collect$$libinit$$00000019  c_w.l(libinit2.o)
    0x0800026a   0x0800026a   0x00000000   Code   RO         1628    .ARM.Collect$$libinit$$0000001B  c_w.l(libinit2.o)
    0x0800026a   0x0800026a   0x00000000   Code   RO         1630    .ARM.Collect$$libinit$$0000001D  c_w.l(libinit2.o)
    0x0800026a   0x0800026a   0x00000000   Code   RO         1632    .ARM.Collect$$libinit$$0000001F  c_w.l(libinit2.o)
    0x0800026a   0x0800026a   0x00000000   Code   RO         1634    .ARM.Collect$$libinit$$00000021  c_w.l(libinit2.o)
    0x0800026a   0x0800026a   0x00000000   Code   RO         1636    .ARM.Collect$$libinit$$00000023  c_w.l(libinit2.o)
    0x0800026a   0x0800026a   0x00000000   Code   RO         1638    .ARM.Collect$$libinit$$00000025  c_w.l(libinit2.o)
    0x0800026a   0x0800026a   0x00000000   Code   RO         1642    .ARM.Collect$$libinit$$0000002C  c_w.l(libinit2.o)
    0x0800026a   0x0800026a   0x00000000   Code   RO         1644    .ARM.Collect$$libinit$$0000002E  c_w.l(libinit2.o)
    0x0800026a   0x0800026a   0x00000000   Code   RO         1646    .ARM.Collect$$libinit$$00000030  c_w.l(libinit2.o)
    0x0800026a   0x0800026a   0x00000000   Code   RO         1648    .ARM.Collect$$libinit$$00000032  c_w.l(libinit2.o)
    0x0800026a   0x0800026a   0x00000002   Code   RO         1649    .ARM.Collect$$libinit$$00000033  c_w.l(libinit2.o)
    0x0800026c   0x0800026c   0x00000002   Code   RO         1667    .ARM.Collect$$libshutdown$$00000000  c_w.l(libshutdown.o)
    0x0800026e   0x0800026e   0x00000000   Code   RO         1677    .ARM.Collect$$libshutdown$$00000002  c_w.l(libshutdown2.o)
    0x0800026e   0x0800026e   0x00000000   Code   RO         1679    .ARM.Collect$$libshutdown$$00000004  c_w.l(libshutdown2.o)
    0x0800026e   0x0800026e   0x00000000   Code   RO         1681    .ARM.Collect$$libshutdown$$00000006  c_w.l(libshutdown2.o)
    0x0800026e   0x0800026e   0x00000000   Code   RO         1684    .ARM.Collect$$libshutdown$$00000009  c_w.l(libshutdown2.o)
    0x0800026e   0x0800026e   0x00000000   Code   RO         1687    .ARM.Collect$$libshutdown$$0000000C  c_w.l(libshutdown2.o)
    0x0800026e   0x0800026e   0x00000000   Code   RO         1689    .ARM.Collect$$libshutdown$$0000000E  c_w.l(libshutdown2.o)
    0x0800026e   0x0800026e   0x00000000   Code   RO         1692    .ARM.Collect$$libshutdown$$00000011  c_w.l(libshutdown2.o)
    0x0800026e   0x0800026e   0x00000002   Code   RO         1693    .ARM.Collect$$libshutdown$$00000012  c_w.l(libshutdown2.o)
    0x08000270   0x08000270   0x00000000   Code   RO         1521    .ARM.Collect$$rtentry$$00000000  c_w.l(__rtentry.o)
    0x08000270   0x08000270   0x00000000   Code   RO         1559    .ARM.Collect$$rtentry$$00000002  c_w.l(__rtentry2.o)
    0x08000270   0x08000270   0x00000006   Code   RO         1571    .ARM.Collect$$rtentry$$00000004  c_w.l(__rtentry4.o)
    0x08000276   0x08000276   0x00000000   Code   RO         1561    .ARM.Collect$$rtentry$$00000009  c_w.l(__rtentry2.o)
    0x08000276   0x08000276   0x00000004   Code   RO         1562    .ARM.Collect$$rtentry$$0000000A  c_w.l(__rtentry2.o)
    0x0800027a   0x0800027a   0x00000000   Code   RO         1564    .ARM.Collect$$rtentry$$0000000C  c_w.l(__rtentry2.o)
    0x0800027a   0x0800027a   0x00000008   Code   RO         1565    .ARM.Collect$$rtentry$$0000000D  c_w.l(__rtentry2.o)
    0x08000282   0x08000282   0x00000002   Code   RO         1603    .ARM.Collect$$rtexit$$00000000  c_w.l(rtexit.o)
    0x08000284   0x08000284   0x00000000   Code   RO         1651    .ARM.Collect$$rtexit$$00000002  c_w.l(rtexit2.o)
    0x08000284   0x08000284   0x00000004   Code   RO         1652    .ARM.Collect$$rtexit$$00000003  c_w.l(rtexit2.o)
    0x08000288   0x08000288   0x00000006   Code   RO         1653    .ARM.Collect$$rtexit$$00000004  c_w.l(rtexit2.o)
    0x0800028e   0x0800028e   0x00000002   PAD
    0x08000290   0x08000290   0x000000be   Code   RO         1350    .emb_text           port.o
    0x0800034e   0x0800034e   0x00000002   PAD
    0x08000350   0x08000350   0x000010e4   Code   RO            3    .text               main.o
    0x08001434   0x08001434   0x00000014   Code   RO          244    .text               stm32f4xx_it.o
    0x08001448   0x08001448   0x00000210   Code   RO          267    .text               system_stm32f4xx.o
    0x08001658   0x08001658   0x00003c90   Code   RO          293    .text               lcd.o
    0x080052e8   0x080052e8   0x00000118   Code   RO          361    .text               spi.o
    0x08005400   0x08005400   0x00000388   Code   RO          384    .text               w25qxx.o
    0x08005788   0x08005788   0x000000bc   Code   RO          415    .text               delay.o
    0x08005844   0x08005844   0x000000c8   Code   RO          455    .text               usart.o
    0x0800590c   0x0800590c   0x00000040   Code   RO          487    .text               startup_stm32f40_41xxx.o
    0x0800594c   0x0800594c   0x000000e0   Code   RO          493    .text               misc.o
    0x08005a2c   0x08005a2c   0x00000294   Code   RO          513    .text               stm32f4xx_gpio.o
    0x08005cc0   0x08005cc0   0x000005c8   Code   RO          533    .text               stm32f4xx_fsmc.o
    0x08006288   0x08006288   0x0000065c   Code   RO          556    .text               stm32f4xx_rcc.o
    0x080068e4   0x080068e4   0x00000454   Code   RO          578    .text               stm32f4xx_usart.o
    0x08006d38   0x08006d38   0x00000ca2   Code   RO          598    .text               stm32f4xx_tim.o
    0x080079da   0x080079da   0x00000002   PAD
    0x080079dc   0x080079dc   0x00000480   Code   RO          638    .text               stm32f4xx_spi.o
    0x08007e5c   0x08007e5c   0x00000048   Code   RO          698    .text               fontupd.o
    0x08007ea4   0x08007ea4   0x000002d4   Code   RO          729    .text               text.o
    0x08008178   0x08008178   0x0000017a   Code   RO          760    .text               24cxx.o
    0x080082f2   0x080082f2   0x00000002   PAD
    0x080082f4   0x080082f4   0x000001a0   Code   RO          786    .text               hgq_aht20.o
    0x08008494   0x08008494   0x0000027c   Code   RO          809    .text               hgq_myiic2.o
    0x08008710   0x08008710   0x000000f8   Code   RO          829    .text               hgq_bh1750.o
    0x08008808   0x08008808   0x0000027c   Code   RO          854    .text               hgq_myiic3.o
    0x08008a84   0x08008a84   0x000003b8   Code   RO          874    .text               hgq_esp8266.o
    0x08008e3c   0x08008e3c   0x00000554   Code   RO          925    .text               hgq_rc522.o
    0x08009390   0x08009390   0x00000180   Code   RO          945    .text               hgq_usart.o
    0x08009510   0x08009510   0x0000025c   Code   RO          967    .text               myiic.o
    0x0800976c   0x0800976c   0x00000258   Code   RO          987    .text               ctiic.o
    0x080099c4   0x080099c4   0x00000594   Code   RO         1010    .text               ft5206.o
    0x08009f58   0x08009f58   0x00000528   Code   RO         1038    .text               gt9147.o
    0x0800a480   0x0800a480   0x00000388   Code   RO         1062    .text               ott2001a.o
    0x0800a808   0x0800a808   0x00000c10   Code   RO         1086    .text               touch.o
    0x0800b418   0x0800b418   0x00000b54   Code   RO         1118    .text               hgq_vl53l0x.o
    0x0800bf6c   0x0800bf6c   0x00000d84   Code   RO         1141    .text               hgq_ui.o
    0x0800ccf0   0x0800ccf0   0x00000170   Code   RO         1166    .text               led.o
    0x0800ce60   0x0800ce60   0x00000094   Code   RO         1226    .text               list.o
    0x0800cef4   0x0800cef4   0x0000102c   Code   RO         1241    .text               queue.o
    0x0800df20   0x0800df20   0x00002354   Code   RO         1283    .text               tasks.o
    0x08010274   0x08010274   0x000006f8   Code   RO         1305    .text               timers.o
    0x0801096c   0x0801096c   0x0000046c   Code   RO         1335    .text               heap_4.o
    0x08010dd8   0x08010dd8   0x00000340   Code   RO         1351    .text               port.o
    0x08011118   0x08011118   0x00000002   Code   RO         1382    .text               c_w.l(use_no_semi_2.o)
    0x0801111a   0x0801111a   0x00000002   PAD
    0x0801111c   0x0801111c   0x00000018   Code   RO         1390    .text               c_w.l(noretval__2printf.o)
    0x08011134   0x08011134   0x00000028   Code   RO         1392    .text               c_w.l(noretval__2sprintf.o)
    0x0801115c   0x0801115c   0x00000034   Code   RO         1394    .text               c_w.l(noretval__2snprintf.o)
    0x08011190   0x08011190   0x0000004e   Code   RO         1398    .text               c_w.l(_printf_pad.o)
    0x080111de   0x080111de   0x00000052   Code   RO         1400    .text               c_w.l(_printf_str.o)
    0x08011230   0x08011230   0x00000078   Code   RO         1402    .text               c_w.l(_printf_dec.o)
    0x080112a8   0x080112a8   0x00000058   Code   RO         1407    .text               c_w.l(_printf_hex_int.o)
    0x08011300   0x08011300   0x00000138   Code   RO         1437    .text               c_w.l(__printf_flags_wp.o)
    0x08011438   0x08011438   0x0000001a   Code   RO         1449    .text               c_w.l(atoi.o)
    0x08011452   0x08011452   0x00000014   Code   RO         1451    .text               c_w.l(strchr.o)
    0x08011466   0x08011466   0x00000024   Code   RO         1453    .text               c_w.l(strncat.o)
    0x0801148a   0x0801148a   0x00000024   Code   RO         1455    .text               c_w.l(strstr.o)
    0x080114ae   0x080114ae   0x00000048   Code   RO         1457    .text               c_w.l(strcpy.o)
    0x080114f6   0x080114f6   0x00000016   Code   RO         1459    .text               c_w.l(strrchr.o)
    0x0801150c   0x0801150c   0x0000003e   Code   RO         1461    .text               c_w.l(strlen.o)
    0x0801154a   0x0801154a   0x0000008a   Code   RO         1463    .text               c_w.l(rt_memcpy_v6.o)
    0x080115d4   0x080115d4   0x00000064   Code   RO         1465    .text               c_w.l(rt_memcpy_w.o)
    0x08011638   0x08011638   0x00000010   Code   RO         1469    .text               c_w.l(aeabi_memset.o)
    0x08011648   0x08011648   0x00000044   Code   RO         1471    .text               c_w.l(rt_memclr.o)
    0x0801168c   0x0801168c   0x0000004e   Code   RO         1473    .text               c_w.l(rt_memclr_w.o)
    0x080116da   0x080116da   0x00000056   Code   RO         1475    .text               c_w.l(strncpy.o)
    0x08011730   0x08011730   0x00000080   Code   RO         1477    .text               c_w.l(strcmpv7m.o)
    0x080117b0   0x080117b0   0x00000006   Code   RO         1479    .text               c_w.l(heapauxi.o)
    0x080117b6   0x080117b6   0x00000002   Code   RO         1519    .text               c_w.l(use_no_semi.o)
    0x080117b8   0x080117b8   0x00000008   Code   RO         1525    .text               c_w.l(rt_errno_addr_intlibspace.o)
    0x080117c0   0x080117c0   0x00000016   Code   RO         1527    .text               c_w.l(_rserrno.o)
    0x080117d6   0x080117d6   0x000000b2   Code   RO         1529    .text               c_w.l(_printf_intcommon.o)
    0x08011888   0x08011888   0x00000030   Code   RO         1531    .text               c_w.l(_printf_char_common.o)
    0x080118b8   0x080118b8   0x0000000a   Code   RO         1533    .text               c_w.l(_sputc.o)
    0x080118c2   0x080118c2   0x00000010   Code   RO         1535    .text               c_w.l(_snputc.o)
    0x080118d2   0x080118d2   0x0000002c   Code   RO         1537    .text               c_w.l(_printf_char.o)
    0x080118fe   0x080118fe   0x00000002   PAD
    0x08011900   0x08011900   0x00000024   Code   RO         1539    .text               c_w.l(_printf_char_file.o)
    0x08011924   0x08011924   0x00000070   Code   RO         1542    .text               c_w.l(strtol.o)
    0x08011994   0x08011994   0x00000008   Code   RO         1555    .text               c_w.l(libspace.o)
    0x0801199c   0x0801199c   0x00000010   Code   RO         1573    .text               c_w.l(rt_ctype_table.o)
    0x080119ac   0x080119ac   0x0000009e   Code   RO         1577    .text               c_w.l(_strtoul.o)
    0x08011a4a   0x08011a4a   0x00000008   Code   RO         1579    .text               c_w.l(ferror.o)
    0x08011a52   0x08011a52   0x0000004a   Code   RO         1583    .text               c_w.l(sys_stackheap_outer.o)
    0x08011a9c   0x08011a9c   0x00000008   Code   RO         1588    .text               c_w.l(rt_locale_intlibspace.o)
    0x08011aa4   0x08011aa4   0x0000001c   Code   RO         1590    .text               c_w.l(_chval.o)
    0x08011ac0   0x08011ac0   0x00000012   Code   RO         1595    .text               c_w.l(exit.o)
    0x08011ad2   0x08011ad2   0x0000007a   Code   RO         1507    i.__hardfp_sqrt     m_wm.l(sqrt.o)
    0x08011b4c   0x08011b4c   0x0000000e   Code   RO         1435    i._is_digit         c_w.l(__printf_wp.o)
    0x08011b5a   0x08011b5a   0x00000002   PAD
    0x08011b5c   0x08011b5c   0x0000002c   Code   RO         1593    locale$$code        c_w.l(lc_ctype_c.o)
    0x08011b88   0x08011b88   0x00000150   Code   RO         1483    x$fpl$dadd          fz_wm.l(daddsub_clz.o)
    0x08011cd8   0x08011cd8   0x00000018   Code   RO         1544    x$fpl$dcmpinf       fz_wm.l(dcmpi.o)
    0x08011cf0   0x08011cf0   0x0000005a   Code   RO         1489    x$fpl$dfixu         fz_wm.l(dfixu.o)
    0x08011d4a   0x08011d4a   0x0000002e   Code   RO         1494    x$fpl$dflt          fz_wm.l(dflt_clz.o)
    0x08011d78   0x08011d78   0x00000026   Code   RO         1493    x$fpl$dfltu         fz_wm.l(dflt_clz.o)
    0x08011d9e   0x08011d9e   0x00000002   PAD
    0x08011da0   0x08011da0   0x00000078   Code   RO         1499    x$fpl$dleqf         fz_wm.l(dleqf.o)
    0x08011e18   0x08011e18   0x00000154   Code   RO         1501    x$fpl$dmul          fz_wm.l(dmul.o)
    0x08011f6c   0x08011f6c   0x0000009c   Code   RO         1546    x$fpl$dnaninf       fz_wm.l(dnaninf.o)
    0x08012008   0x08012008   0x0000000c   Code   RO         1548    x$fpl$dretinf       fz_wm.l(dretinf.o)
    0x08012014   0x08012014   0x0000006c   Code   RO         1503    x$fpl$drleqf        fz_wm.l(drleqf.o)
    0x08012080   0x08012080   0x00000016   Code   RO         1484    x$fpl$drsb          fz_wm.l(daddsub_clz.o)
    0x08012096   0x08012096   0x00000002   PAD
    0x08012098   0x08012098   0x00000198   Code   RO         1550    x$fpl$dsqrt         fz_wm.l(dsqrt_umaal.o)
    0x08012230   0x08012230   0x000001d4   Code   RO         1485    x$fpl$dsub          fz_wm.l(daddsub_clz.o)
    0x08012404   0x08012404   0x00000056   Code   RO         1505    x$fpl$f2d           fz_wm.l(f2d.o)
    0x0801245a   0x0801245a   0x0000008c   Code   RO         1552    x$fpl$fnaninf       fz_wm.l(fnaninf.o)
    0x080124e6   0x080124e6   0x0000000a   Code   RO         1659    x$fpl$fpinit        fz_wm.l(fpinit.o)
    0x080124f0   0x080124f0   0x00000000   Code   RO         1554    x$fpl$usenofp       fz_wm.l(usenofp.o)
    0x080124f0   0x080124f0   0x0000002c   Data   RO            5    .constdata          main.o
    0x0801251c   0x0801251c   0x000017c0   Data   RO          295    .constdata          lcd.o
    0x08013cdc   0x08013cdc   0x0000001c   Data   RO          534    .constdata          stm32f4xx_fsmc.o
    0x08013cf8   0x08013cf8   0x00000014   Data   RO         1011    .constdata          ft5206.o
    0x08013d0c   0x08013d0c   0x000000c2   Data   RO         1039    .constdata          gt9147.o
    0x08013dce   0x08013dce   0x0000000a   Data   RO         1063    .constdata          ott2001a.o
    0x08013dd8   0x08013dd8   0x00000004   Data   RO         1087    .constdata          touch.o
    0x08013ddc   0x08013ddc   0x0000008e   Data   RO         1143    .constdata          hgq_ui.o
    0x08013e6a   0x08013e6a   0x00000028   Data   RO         1408    .constdata          c_w.l(_printf_hex_int.o)
    0x08013e92   0x08013e92   0x00000011   Data   RO         1438    .constdata          c_w.l(__printf_flags_wp.o)
    0x08013ea3   0x08013ea3   0x00000001   PAD
    0x08013ea4   0x08013ea4   0x00000045   Data   RO            6    .conststring        main.o
    0x08013ee9   0x08013ee9   0x00000003   PAD
    0x08013eec   0x08013eec   0x00000037   Data   RO         1088    .conststring        touch.o
    0x08013f23   0x08013f23   0x00000001   PAD
    0x08013f24   0x08013f24   0x00000020   Data   RO         1725    Region$$Table       anon$$obj.o
    0x08013f44   0x08013f44   0x00000110   Data   RO         1592    locale$$data        c_w.l(lc_ctype_c.o)


    Execution Region RW_IRAM1 (Exec base: 0x20000000, Load base: 0x08014054, Size: 0x00015aa8, Max: 0x00020000, ABSOLUTE, COMPRESSED[0x00000048])

    Exec Addr    Load Addr    Size         Type   Attr      Idx    E Section Name        Object

    0x20000000   COMPRESSED   0x0000004c   Data   RW            7    .data               main.o
    0x2000004c   COMPRESSED   0x00000014   Data   RW          268    .data               system_stm32f4xx.o
    0x20000060   COMPRESSED   0x00000004   Data   RW          296    .data               lcd.o
    0x20000064   COMPRESSED   0x00000002   Data   RW          386    .data               w25qxx.o
    0x20000066   COMPRESSED   0x00000004   Data   RW          416    .data               delay.o
    0x2000006a   COMPRESSED   0x00000002   PAD
    0x2000006c   COMPRESSED   0x00000006   Data   RW          457    .data               usart.o
    0x20000072   COMPRESSED   0x00000010   Data   RW          557    .data               stm32f4xx_rcc.o
    0x20000082   COMPRESSED   0x00000002   PAD
    0x20000084   COMPRESSED   0x00000004   Data   RW          700    .data               fontupd.o
    0x20000088   COMPRESSED   0x00000002   Data   RW          830    .data               hgq_bh1750.o
    0x2000008a   COMPRESSED   0x00000007   Data   RW         1012    .data               ft5206.o
    0x20000091   COMPRESSED   0x00000001   Data   RW         1040    .data               gt9147.o
    0x20000092   COMPRESSED   0x00000001   Data   RW         1064    .data               ott2001a.o
    0x20000093   COMPRESSED   0x00000001   PAD
    0x20000094   COMPRESSED   0x00000036   Data   RW         1089    .data               touch.o
    0x200000ca   COMPRESSED   0x00000002   PAD
    0x200000cc   COMPRESSED   0x00000018   Data   RW         1144    .data               hgq_ui.o
    0x200000e4   COMPRESSED   0x00000002   Data   RW         1167    .data               led.o
    0x200000e6   COMPRESSED   0x00000002   PAD
    0x200000e8   COMPRESSED   0x00000040   Data   RW         1285    .data               tasks.o
    0x20000128   COMPRESSED   0x00000014   Data   RW         1307    .data               timers.o
    0x2000013c   COMPRESSED   0x0000001c   Data   RW         1337    .data               heap_4.o
    0x20000158   COMPRESSED   0x0000000c   Data   RW         1352    .data               port.o
    0x20000164        -       0x00000cd2   Zero   RW            4    .bss                main.o
    0x20000e36        -       0x0000000e   Zero   RW          294    .bss                lcd.o
    0x20000e44        -       0x00001000   Zero   RW          385    .bss                w25qxx.o
    0x20001e44        -       0x00000021   Zero   RW          699    .bss                fontupd.o
    0x20001e65        -       0x00000200   Zero   RW          875    .bss                hgq_esp8266.o
    0x20002065   COMPRESSED   0x00000001   PAD
    0x20002066        -       0x00000404   Zero   RW          946    .bss                hgq_usart.o
    0x2000246a   COMPRESSED   0x00000002   PAD
    0x2000246c        -       0x0000008a   Zero   RW         1142    .bss                hgq_ui.o
    0x200024f6   COMPRESSED   0x00000002   PAD
    0x200024f8        -       0x00000040   Zero   RW         1242    .bss                queue.o
    0x20002538        -       0x000002e4   Zero   RW         1284    .bss                tasks.o
    0x2000281c        -       0x00000028   Zero   RW         1306    .bss                timers.o
    0x20002844        -       0x00012c00   Zero   RW         1336    .bss                heap_4.o
    0x20015444        -       0x00000060   Zero   RW         1556    .bss                c_w.l(libspace.o)
    0x200154a4   COMPRESSED   0x00000004   PAD
    0x200154a8        -       0x00000200   Zero   RW          485    HEAP                startup_stm32f40_41xxx.o
    0x200156a8        -       0x00000400   Zero   RW          484    STACK               startup_stm32f40_41xxx.o


==============================================================================

Image component sizes


      Code (inc. data)   RO Data    RW Data    ZI Data      Debug   Object Name

       378          0          0          0          0       2842   24cxx.o
       600         24          0          0          0       2097   ctiic.o
       188          8          0          4          0       1477   delay.o
         0          0          0          0          0      13968   event_groups.o
        72          8          0          4         33       1326   fontupd.o
      1428         80         20          7          0       2991   ft5206.o
      1320        106        194          1          0       3210   gt9147.o
      1132         54          0         28      76800       6171   heap_4.o
       416         24          0          0          0       2288   hgq_aht20.o
       248          8          0          2          0       2101   hgq_bh1750.o
       952        256          0          0        512       5196   hgq_esp8266.o
       636          4          0          0          0       2477   hgq_myiic2.o
       636          6          0          0          0       2485   hgq_myiic3.o
      1364         48          0          0          0       7405   hgq_rc522.o
      3460        276        142         24        138       8945   hgq_ui.o
       384         12          0          0       1028       3254   hgq_usart.o
      2900         16          0          0          0       9664   hgq_vl53l0x.o
     15504        144       6080          4         14     250842   lcd.o
       368         18          0          2          0       1761   led.o
       148          0          0          0          0       2114   list.o
      4324        874        113         76       3282     327019   main.o
       224         20          0          0          0       1841   misc.o
       604         14          0          0          0       1916   myiic.o
       904         66         10          1          0       2775   ott2001a.o
      1022         52          0         12          0       9131   port.o
      4140         18          0          0         64      23142   queue.o
       280          8          0          0          0       1089   spi.o
        64         26        392          0       1536        840   startup_stm32f40_41xxx.o
      1480         18         28          0          0       5682   stm32f4xx_fsmc.o
       660         44          0          0          0       4181   stm32f4xx_gpio.o
        20          0          0          0          0        959   stm32f4xx_it.o
      1628         52          0         16          0      13068   stm32f4xx_rcc.o
      1152         36          0          0          0       6929   stm32f4xx_spi.o
      3234         60          0          0          0      23036   stm32f4xx_tim.o
      1108         34          0          0          0       7904   stm32f4xx_usart.o
       528         46          0         20          0       1811   system_stm32f4xx.o
      9044        428          0         64        740      41571   tasks.o
       724         16          0          0          0       3156   text.o
      1784         72          0         20         40      27020   timers.o
      3088        190         59         54          0       6741   touch.o
       200         10          0          6          0       3112   usart.o
       904         34          0          2       4096       4529   w25qxx.o

    ----------------------------------------------------------------------
     69256       3210       7074        356      88288     850066   Object Totals
         0          0         32          0          0          0   (incl. Generated)
         6          0          4          9          5          0   (incl. Padding)

    ----------------------------------------------------------------------

      Code (inc. data)   RO Data    RW Data    ZI Data      Debug   Library Member Name

        90          0          0          0          0          0   __dczerorl2.o
         8          0          0          0          0         68   __main.o
       312          4         17          0          0         92   __printf_flags_wp.o
        14          0          0          0          0         68   __printf_wp.o
         0          0          0          0          0          0   __rtentry.o
        12          0          0          0          0          0   __rtentry2.o
         6          0          0          0          0          0   __rtentry4.o
        52          8          0          0          0          0   __scatter.o
        28          0          0          0          0          0   __scatter_zi.o
        28          0          0          0          0         68   _chval.o
        44          0          0          0          0        108   _printf_char.o
        48          6          0          0          0         96   _printf_char_common.o
        36          4          0          0          0         80   _printf_char_file.o
         6          0          0          0          0          0   _printf_d.o
       120         16          0          0          0         92   _printf_dec.o
        88          4         40          0          0         88   _printf_hex_int.o
       178          0          0          0          0         88   _printf_intcommon.o
        78          0          0          0          0        108   _printf_pad.o
         0          0          0          0          0          0   _printf_percent.o
         4          0          0          0          0          0   _printf_percent_end.o
         6          0          0          0          0          0   _printf_s.o
        82          0          0          0          0         80   _printf_str.o
         6          0          0          0          0          0   _printf_x.o
        22          0          0          0          0        100   _rserrno.o
        16          0          0          0          0         68   _snputc.o
        10          0          0          0          0         68   _sputc.o
       158          0          0          0          0         92   _strtoul.o
        16          0          0          0          0         68   aeabi_memset.o
        26          0          0          0          0         80   atoi.o
        18          0          0          0          0         80   exit.o
         8          0          0          0          0         68   ferror.o
         6          0          0          0          0        152   heapauxi.o
        44         10        272          0          0         76   lc_ctype_c.o
         2          0          0          0          0          0   libinit.o
        24          0          0          0          0          0   libinit2.o
         2          0          0          0          0          0   libshutdown.o
         2          0          0          0          0          0   libshutdown2.o
         8          4          0          0         96         68   libspace.o
        24          4          0          0          0         84   noretval__2printf.o
        52          4          0          0          0         84   noretval__2snprintf.o
        40          6          0          0          0         84   noretval__2sprintf.o
        16          4          0          0          0         76   rt_ctype_table.o
         8          4          0          0          0         68   rt_errno_addr_intlibspace.o
         8          4          0          0          0         68   rt_locale_intlibspace.o
        68          0          0          0          0         68   rt_memclr.o
        78          0          0          0          0         80   rt_memclr_w.o
       138          0          0          0          0         68   rt_memcpy_v6.o
       100          0          0          0          0         80   rt_memcpy_w.o
         2          0          0          0          0          0   rtexit.o
        10          0          0          0          0          0   rtexit2.o
        20          0          0          0          0         68   strchr.o
       128          0          0          0          0         68   strcmpv7m.o
        72          0          0          0          0         80   strcpy.o
        62          0          0          0          0         76   strlen.o
        36          0          0          0          0         76   strncat.o
        86          0          0          0          0         76   strncpy.o
        22          0          0          0          0         68   strrchr.o
        36          0          0          0          0         80   strstr.o
       112          0          0          0          0         88   strtol.o
        74          0          0          0          0         80   sys_stackheap_outer.o
         2          0          0          0          0         68   use_no_semi.o
         2          0          0          0          0         68   use_no_semi_2.o
       826         16          0          0          0        492   daddsub_clz.o
        24          0          0          0          0        116   dcmpi.o
        90          4          0          0          0        140   dfixu.o
        84          0          0          0          0        232   dflt_clz.o
       120          4          0          0          0        140   dleqf.o
       340         12          0          0          0        152   dmul.o
       156          4          0          0          0        140   dnaninf.o
        12          0          0          0          0        116   dretinf.o
       108          0          0          0          0        128   drleqf.o
       408         56          0          0          0        168   dsqrt_umaal.o
        86          4          0          0          0        132   f2d.o
       140          4          0          0          0        132   fnaninf.o
        10          0          0          0          0        116   fpinit.o
         0          0          0          0          0          0   usenofp.o
       122          0          0          0          0        148   sqrt.o

    ----------------------------------------------------------------------
      5344        186        330          0        100       5964   Library Totals
        14          0          1          0          4          0   (incl. Padding)

    ----------------------------------------------------------------------

      Code (inc. data)   RO Data    RW Data    ZI Data      Debug   Library Name

      2804         82        329          0         96       3612   c_w.l
      2404        104          0          0          0       2204   fz_wm.l
       122          0          0          0          0        148   m_wm.l

    ----------------------------------------------------------------------
      5344        186        330          0        100       5964   Library Totals

    ----------------------------------------------------------------------

==============================================================================


      Code (inc. data)   RO Data    RW Data    ZI Data      Debug   

     74600       3396       7404        356      88388     844098   Grand Totals
     74600       3396       7404         72      88388     844098   ELF Image Totals (compressed)
     74600       3396       7404         72          0          0   ROM Totals

==============================================================================

    Total RO  Size (Code + RO Data)                82004 (  80.08kB)
    Total RW  Size (RW Data + ZI Data)             88744 (  86.66kB)
    Total ROM Size (Code + RO Data + RW Data)      82076 (  80.15kB)

==============================================================================

