Component: ARM Compiler 5.06 update 7 (build 960) Tool: armlink [4d3601]

==============================================================================

Section Cross References

    main.o(.text) refers to _printf_percent.o(.ARM.Collect$$_printf_percent$$00000000) for _printf_percent
    main.o(.text) refers to _printf_s.o(.ARM.Collect$$_printf_percent$$00000014) for _printf_s
    main.o(.text) refers to _printf_str.o(.text) for _printf_str
    main.o(.text) refers to _printf_pad.o(.text) for _printf_pre_padding
    main.o(.text) refers to _printf_x.o(.ARM.Collect$$_printf_percent$$0000000C) for _printf_x
    main.o(.text) refers to _printf_hex_int.o(.text) for _printf_longlong_hex
    main.o(.text) refers to _printf_d.o(.ARM.Collect$$_printf_percent$$00000009) for _printf_d
    main.o(.text) refers to _printf_dec.o(.text) for _printf_int_dec
    main.o(.text) refers to strncpy.o(.text) for strncpy
    main.o(.text) refers to noretval__2snprintf.o(.text) for __2snprintf
    main.o(.text) refers to noretval__2sprintf.o(.text) for __2sprintf
    main.o(.text) refers to strlen.o(.text) for strlen
    main.o(.text) refers to rt_memcpy_v6.o(.text) for __aeabi_memcpy
    main.o(.text) refers to strstr.o(.text) for strstr
    main.o(.text) refers to hgq_esp8266.o(.text) for HGQ_ESP8266_MQTTPUB_Fast
    main.o(.text) refers to lcd.o(.text) for LCD_Clear
    main.o(.text) refers to text.o(.text) for Show_Str
    main.o(.text) refers to delay.o(.text) for delay_ms
    main.o(.text) refers to hgq_rc522.o(.text) for HGQ_RC522_PollUID
    main.o(.text) refers to queue.o(.text) for xQueueSemaphoreTake
    main.o(.text) refers to main.o(.bss) for g_task_queue
    main.o(.text) refers to main.o(.data) for g_tof_mm
    main.o(.text) refers to main.o(.conststring) for .conststring
    main.o(.text) refers to lcd.o(.data) for POINT_COLOR
    main.o(.text) refers to hgq_ui.o(.text) for HGQ_UI_ShowPopup
    main.o(.text) refers to noretval__2printf.o(.text) for __2printf
    main.o(.text) refers to tasks.o(.text) for vTaskDelay
    main.o(.text) refers to hgq_aht20.o(.text) for HGQ_AHT20_Read
    main.o(.text) refers to hgq_bh1750.o(.text) for HGQ_BH1750_ReadLux
    main.o(.text) refers to hgq_vl53l0x.o(.text) for HGQ_VL53L0X_ReadMm
    main.o(.text) refers to strcmpv7m.o(.text) for strcmp
    main.o(.text) refers to led.o(.text) for LED0_SetOn
    main.o(.text) refers to touch.o(.data) for tp_dev
    main.o(.text) refers to main.o(.constdata) for STR_POP_OUT
    main.o(.text) refers to hgq_usart.o(.text) for HGQ_USART2_SendString
    main.o(.text) refers to strrchr.o(.text) for strrchr
    main.o(.text) refers to atoi.o(.text) for atoi
    main.o(.text) refers to strcpy.o(.text) for strcpy
    main.o(.text) refers to port.o(.text) for vPortEnterCritical
    main.o(.text) refers to misc.o(.text) for NVIC_PriorityGroupConfig
    main.o(.text) refers to usart.o(.text) for uart_init
    main.o(.text) refers to w25qxx.o(.text) for W25QXX_Init
    main.o(.text) refers to fontupd.o(.text) for font_init
    system_stm32f4xx.o(.text) refers to system_stm32f4xx.o(.data) for SystemCoreClock
    lcd.o(.text) refers to _printf_percent.o(.ARM.Collect$$_printf_percent$$00000000) for _printf_percent
    lcd.o(.text) refers to _printf_x.o(.ARM.Collect$$_printf_percent$$0000000C) for _printf_x
    lcd.o(.text) refers to _printf_hex_int.o(.text) for _printf_longlong_hex
    lcd.o(.text) refers to delay.o(.text) for delay_us
    lcd.o(.text) refers to lcd.o(.bss) for lcddev
    lcd.o(.text) refers to dflt_clz.o(x$fpl$dfltu) for __aeabi_ui2d
    lcd.o(.text) refers to dmul.o(x$fpl$dmul) for __aeabi_dmul
    lcd.o(.text) refers to dfixu.o(x$fpl$dfixu) for __aeabi_d2uiz
    lcd.o(.text) refers to lcd.o(.data) for POINT_COLOR
    lcd.o(.text) refers to stm32f4xx_rcc.o(.text) for RCC_AHB1PeriphClockCmd
    lcd.o(.text) refers to stm32f4xx_gpio.o(.text) for GPIO_Init
    lcd.o(.text) refers to stm32f4xx_fsmc.o(.text) for FSMC_NORSRAMInit
    lcd.o(.text) refers to noretval__2printf.o(.text) for __2printf
    lcd.o(.text) refers to lcd.o(.constdata) for asc2_1206
    spi.o(.text) refers to stm32f4xx_spi.o(.text) for SPI_I2S_GetFlagStatus
    spi.o(.text) refers to stm32f4xx_rcc.o(.text) for RCC_AHB1PeriphClockCmd
    spi.o(.text) refers to stm32f4xx_gpio.o(.text) for GPIO_Init
    w25qxx.o(.text) refers to _printf_percent.o(.ARM.Collect$$_printf_percent$$00000000) for _printf_percent
    w25qxx.o(.text) refers to _printf_x.o(.ARM.Collect$$_printf_percent$$0000000C) for _printf_x
    w25qxx.o(.text) refers to _printf_hex_int.o(.text) for _printf_longlong_hex
    w25qxx.o(.text) refers to spi.o(.text) for SPI1_ReadWriteByte
    w25qxx.o(.text) refers to stm32f4xx_rcc.o(.text) for RCC_AHB1PeriphClockCmd
    w25qxx.o(.text) refers to stm32f4xx_gpio.o(.text) for GPIO_Init
    w25qxx.o(.text) refers to noretval__2printf.o(.text) for __2printf
    w25qxx.o(.text) refers to delay.o(.text) for delay_us
[...]
    FSMC_NANDStructInit                      0x080065f1   Thumb Code    54  stm32f4xx_fsmc.o(.text)
    FSMC_NANDCmd                             0x08006627   Thumb Code    86  stm32f4xx_fsmc.o(.text)
    FSMC_NANDECCCmd                          0x0800667d   Thumb Code    86  stm32f4xx_fsmc.o(.text)
    FSMC_GetECC                              0x080066d3   Thumb Code    24  stm32f4xx_fsmc.o(.text)
    FSMC_PCCARDDeInit                        0x080066eb   Thumb Code    36  stm32f4xx_fsmc.o(.text)
    FSMC_PCCARDInit                          0x0800670f   Thumb Code   130  stm32f4xx_fsmc.o(.text)
    FSMC_PCCARDStructInit                    0x08006791   Thumb Code    60  stm32f4xx_fsmc.o(.text)
    FSMC_PCCARDCmd                           0x080067cd   Thumb Code    44  stm32f4xx_fsmc.o(.text)
    FSMC_ITConfig                            0x080067f9   Thumb Code   128  stm32f4xx_fsmc.o(.text)
    FSMC_GetFlagStatus                       0x08006879   Thumb Code    54  stm32f4xx_fsmc.o(.text)
    FSMC_ClearFlag                           0x080068af   Thumb Code    74  stm32f4xx_fsmc.o(.text)
    FSMC_GetITStatus                         0x080068f9   Thumb Code    62  stm32f4xx_fsmc.o(.text)
    FSMC_ClearITPendingBit                   0x08006937   Thumb Code    66  stm32f4xx_fsmc.o(.text)
    RCC_DeInit                               0x0800697d   Thumb Code    82  stm32f4xx_rcc.o(.text)
    RCC_HSEConfig                            0x080069cf   Thumb Code    14  stm32f4xx_rcc.o(.text)
    RCC_GetFlagStatus                        0x080069dd   Thumb Code    60  stm32f4xx_rcc.o(.text)
    RCC_WaitForHSEStartUp                    0x08006a19   Thumb Code    56  stm32f4xx_rcc.o(.text)
    RCC_AdjustHSICalibrationValue            0x08006a51   Thumb Code    20  stm32f4xx_rcc.o(.text)
    RCC_HSICmd                               0x08006a65   Thumb Code     6  stm32f4xx_rcc.o(.text)
    RCC_LSEConfig                            0x08006a6b   Thumb Code    46  stm32f4xx_rcc.o(.text)
    RCC_LSICmd                               0x08006a99   Thumb Code     6  stm32f4xx_rcc.o(.text)
    RCC_PLLConfig                            0x08006a9f   Thumb Code    32  stm32f4xx_rcc.o(.text)
    RCC_PLLCmd                               0x08006abf   Thumb Code     6  stm32f4xx_rcc.o(.text)
    RCC_PLLI2SConfig                         0x08006ac5   Thumb Code    14  stm32f4xx_rcc.o(.text)
    RCC_PLLI2SCmd                            0x08006ad3   Thumb Code     6  stm32f4xx_rcc.o(.text)
    RCC_PLLSAIConfig                         0x08006ad9   Thumb Code    20  stm32f4xx_rcc.o(.text)
    RCC_PLLSAICmd                            0x08006aed   Thumb Code     6  stm32f4xx_rcc.o(.text)
    RCC_ClockSecuritySystemCmd               0x08006af3   Thumb Code     6  stm32f4xx_rcc.o(.text)
    RCC_MCO1Config                           0x08006af9   Thumb Code    28  stm32f4xx_rcc.o(.text)
    RCC_MCO2Config                           0x08006b15   Thumb Code    28  stm32f4xx_rcc.o(.text)
    RCC_SYSCLKConfig                         0x08006b31   Thumb Code    20  stm32f4xx_rcc.o(.text)
    RCC_GetSYSCLKSource                      0x08006b45   Thumb Code    12  stm32f4xx_rcc.o(.text)
    RCC_HCLKConfig                           0x08006b51   Thumb Code    20  stm32f4xx_rcc.o(.text)
    RCC_PCLK1Config                          0x08006b65   Thumb Code    20  stm32f4xx_rcc.o(.text)
    RCC_PCLK2Config                          0x08006b79   Thumb Code    22  stm32f4xx_rcc.o(.text)
    RCC_GetClocksFreq                        0x08006b8f   Thumb Code   222  stm32f4xx_rcc.o(.text)
    RCC_RTCCLKConfig                         0x08006c6d   Thumb Code    54  stm32f4xx_rcc.o(.text)
    RCC_RTCCLKCmd                            0x08006ca3   Thumb Code     8  stm32f4xx_rcc.o(.text)
    RCC_BackupResetCmd                       0x08006cab   Thumb Code     8  stm32f4xx_rcc.o(.text)
    RCC_I2SCLKConfig                         0x08006cb3   Thumb Code     6  stm32f4xx_rcc.o(.text)
    RCC_SAIPLLI2SClkDivConfig                0x08006cb9   Thumb Code    26  stm32f4xx_rcc.o(.text)
    RCC_SAIPLLSAIClkDivConfig                0x08006cd3   Thumb Code    28  stm32f4xx_rcc.o(.text)
    RCC_SAIBlockACLKConfig                   0x08006cef   Thumb Code    20  stm32f4xx_rcc.o(.text)
    RCC_SAIBlockBCLKConfig                   0x08006d03   Thumb Code    20  stm32f4xx_rcc.o(.text)
    RCC_LTDCCLKDivConfig                     0x08006d17   Thumb Code    20  stm32f4xx_rcc.o(.text)
    RCC_TIMCLKPresConfig                     0x08006d2b   Thumb Code     6  stm32f4xx_rcc.o(.text)
    RCC_AHB1PeriphClockCmd                   0x08006d31   Thumb Code    34  stm32f4xx_rcc.o(.text)
    RCC_AHB2PeriphClockCmd                   0x08006d53   Thumb Code    78  stm32f4xx_rcc.o(.text)
    RCC_AHB3PeriphClockCmd                   0x08006da1   Thumb Code    34  stm32f4xx_rcc.o(.text)
    RCC_APB1PeriphClockCmd                   0x08006dc3   Thumb Code    34  stm32f4xx_rcc.o(.text)
    RCC_APB2PeriphClockCmd                   0x08006de5   Thumb Code    34  stm32f4xx_rcc.o(.text)
    RCC_AHB1PeriphResetCmd                   0x08006e07   Thumb Code    34  stm32f4xx_rcc.o(.text)
    RCC_AHB2PeriphResetCmd                   0x08006e29   Thumb Code    34  stm32f4xx_rcc.o(.text)
    RCC_AHB3PeriphResetCmd                   0x08006e4b   Thumb Code    34  stm32f4xx_rcc.o(.text)
    RCC_APB1PeriphResetCmd                   0x08006e6d   Thumb Code    34  stm32f4xx_rcc.o(.text)
    RCC_APB2PeriphResetCmd                   0x08006e8f   Thumb Code    34  stm32f4xx_rcc.o(.text)
    RCC_AHB1PeriphClockLPModeCmd             0x08006eb1   Thumb Code    34  stm32f4xx_rcc.o(.text)
    RCC_AHB2PeriphClockLPModeCmd             0x08006ed3   Thumb Code    34  stm32f4xx_rcc.o(.text)
    RCC_AHB3PeriphClockLPModeCmd             0x08006ef5   Thumb Code    34  stm32f4xx_rcc.o(.text)
    RCC_APB1PeriphClockLPModeCmd             0x08006f17   Thumb Code    34  stm32f4xx_rcc.o(.text)
    RCC_APB2PeriphClockLPModeCmd             0x08006f39   Thumb Code    34  stm32f4xx_rcc.o(.text)
    RCC_LSEModeConfig                        0x08006f5b   Thumb Code    40  stm32f4xx_rcc.o(.text)
    RCC_ITConfig                             0x08006f83   Thumb Code    34  stm32f4xx_rcc.o(.text)
    RCC_ClearFlag                            0x08006fa5   Thumb Code    18  stm32f4xx_rcc.o(.text)
    RCC_GetITStatus                          0x08006fb7   Thumb Code    22  stm32f4xx_rcc.o(.text)
    RCC_ClearITPendingBit                    0x08006fcd   Thumb Code     8  stm32f4xx_rcc.o(.text)
    USART_DeInit                             0x08006fd9   Thumb Code   206  stm32f4xx_usart.o(.text)
    USART_Init                               0x080070a7   Thumb Code   204  stm32f4xx_usart.o(.text)
    USART_StructInit                         0x08007173   Thumb Code    24  stm32f4xx_usart.o(.text)
    USART_ClockInit                          0x0800718b   Thumb Code    32  stm32f4xx_usart.o(.text)
    USART_ClockStructInit                    0x080071ab   Thumb Code    12  stm32f4xx_usart.o(.text)
    USART_Cmd                                0x080071b7   Thumb Code    24  stm32f4xx_usart.o(.text)
    USART_SetPrescaler                       0x080071cf   Thumb Code    16  stm32f4xx_usart.o(.text)
    USART_OverSampling8Cmd                   0x080071df   Thumb Code    22  stm32f4xx_usart.o(.text)
    USART_OneBitMethodCmd                    0x080071f5   Thumb Code    24  stm32f4xx_usart.o(.text)
    USART_SendData                           0x0800720d   Thumb Code     8  stm32f4xx_usart.o(.text)
    USART_ReceiveData                        0x08007215   Thumb Code    10  stm32f4xx_usart.o(.text)
    USART_SetAddress                         0x0800721f   Thumb Code    18  stm32f4xx_usart.o(.text)
    USART_ReceiverWakeUpCmd                  0x08007231   Thumb Code    24  stm32f4xx_usart.o(.text)
    USART_WakeUpConfig                       0x08007249   Thumb Code    18  stm32f4xx_usart.o(.text)
    USART_LINBreakDetectLengthConfig         0x0800725b   Thumb Code    18  stm32f4xx_usart.o(.text)
    USART_LINCmd                             0x0800726d   Thumb Code    24  stm32f4xx_usart.o(.text)
    USART_SendBreak                          0x08007285   Thumb Code    10  stm32f4xx_usart.o(.text)
    USART_HalfDuplexCmd                      0x0800728f   Thumb Code    24  stm32f4xx_usart.o(.text)
    USART_SetGuardTime                       0x080072a7   Thumb Code    16  stm32f4xx_usart.o(.text)
    USART_SmartCardCmd                       0x080072b7   Thumb Code    24  stm32f4xx_usart.o(.text)
    USART_SmartCardNACKCmd                   0x080072cf   Thumb Code    24  stm32f4xx_usart.o(.text)
    USART_IrDAConfig                         0x080072e7   Thumb Code    18  stm32f4xx_usart.o(.text)
    USART_IrDACmd                            0x080072f9   Thumb Code    24  stm32f4xx_usart.o(.text)
    USART_DMACmd                             0x08007311   Thumb Code    18  stm32f4xx_usart.o(.text)
    USART_ITConfig                           0x08007323   Thumb Code    74  stm32f4xx_usart.o(.text)
    USART_GetFlagStatus                      0x0800736d   Thumb Code    26  stm32f4xx_usart.o(.text)
    USART_ClearFlag                          0x08007387   Thumb Code    18  stm32f4xx_usart.o(.text)
    USART_GetITStatus                        0x08007399   Thumb Code   118  stm32f4xx_usart.o(.text)
    USART_ClearITPendingBit                  0x0800740f   Thumb Code    30  stm32f4xx_usart.o(.text)
    TIM_DeInit                               0x0800742d   Thumb Code   346  stm32f4xx_tim.o(.text)
    TIM_TimeBaseInit                         0x08007587   Thumb Code   104  stm32f4xx_tim.o(.text)
    TIM_TimeBaseStructInit                   0x080075ef   Thumb Code    18  stm32f4xx_tim.o(.text)
    TIM_PrescalerConfig                      0x08007601   Thumb Code     6  stm32f4xx_tim.o(.text)
    TIM_CounterModeConfig                    0x08007607   Thumb Code    18  stm32f4xx_tim.o(.text)
    TIM_SetCounter                           0x08007619   Thumb Code     4  stm32f4xx_tim.o(.text)
    TIM_SetAutoreload                        0x0800761d   Thumb Code     4  stm32f4xx_tim.o(.text)
    TIM_GetCounter                           0x08007621   Thumb Code     6  stm32f4xx_tim.o(.text)
    TIM_GetPrescaler                         0x08007627   Thumb Code     6  stm32f4xx_tim.o(.text)
    TIM_UpdateDisableConfig                  0x0800762d   Thumb Code    24  stm32f4xx_tim.o(.text)
    TIM_UpdateRequestConfig                  0x08007645   Thumb Code    24  stm32f4xx_tim.o(.text)
    TIM_ARRPreloadConfig                     0x0800765d   Thumb Code    24  stm32f4xx_tim.o(.text)
    TIM_SelectOnePulseMode                   0x08007675   Thumb Code    18  stm32f4xx_tim.o(.text)
    TIM_SetClockDivision                     0x08007687   Thumb Code    18  stm32f4xx_tim.o(.text)
    TIM_Cmd                                  0x08007699   Thumb Code    24  stm32f4xx_tim.o(.text)
    TIM_OC1Init                              0x080076b1   Thumb Code   114  stm32f4xx_tim.o(.text)
    TIM_OC2Init                              0x08007723   Thumb Code   154  stm32f4xx_tim.o(.text)
    TIM_OC3Init                              0x080077bd   Thumb Code   204  stm32f4xx_tim.o(.text)
    TIM_OC4Init                              0x08007889   Thumb Code   112  stm32f4xx_tim.o(.text)
    TIM_OCStructInit                         0x080078f9   Thumb Code    20  stm32f4xx_tim.o(.text)
    TIM_SelectOCxM                           0x0800790d   Thumb Code    86  stm32f4xx_tim.o(.text)
    TIM_SetCompare1                          0x08007963   Thumb Code     4  stm32f4xx_tim.o(.text)
    TIM_SetCompare2                          0x08007967   Thumb Code     4  stm32f4xx_tim.o(.text)
    TIM_SetCompare3                          0x0800796b   Thumb Code     4  stm32f4xx_tim.o(.text)
    TIM_SetCompare4                          0x0800796f   Thumb Code     4  stm32f4xx_tim.o(.text)
    TIM_ForcedOC1Config                      0x08007973   Thumb Code    18  stm32f4xx_tim.o(.text)
    TIM_ForcedOC2Config                      0x08007985   Thumb Code    26  stm32f4xx_tim.o(.text)
    TIM_ForcedOC3Config                      0x0800799f   Thumb Code    18  stm32f4xx_tim.o(.text)
    TIM_ForcedOC4Config                      0x080079b1   Thumb Code    26  stm32f4xx_tim.o(.text)
    TIM_OC1PreloadConfig                     0x080079cb   Thumb Code    18  stm32f4xx_tim.o(.text)
    TIM_OC2PreloadConfig                     0x080079dd   Thumb Code    26  stm32f4xx_tim.o(.text)
    TIM_OC3PreloadConfig                     0x080079f7   Thumb Code    18  stm32f4xx_tim.o(.text)
    TIM_OC4PreloadConfig                     0x08007a09   Thumb Code    26  stm32f4xx_tim.o(.text)
    TIM_OC1FastConfig                        0x08007a23   Thumb Code    18  stm32f4xx_tim.o(.text)
    TIM_OC2FastConfig                        0x08007a35   Thumb Code    26  stm32f4xx_tim.o(.text)
    TIM_OC3FastConfig                        0x08007a4f   Thumb Code    18  stm32f4xx_tim.o(.text)
    TIM_OC4FastConfig                        0x08007a61   Thumb Code    26  stm32f4xx_tim.o(.text)
    TIM_ClearOC1Ref                          0x08007a7b   Thumb Code    18  stm32f4xx_tim.o(.text)
    TIM_ClearOC2Ref                          0x08007a8d   Thumb Code    24  stm32f4xx_tim.o(.text)
    TIM_ClearOC3Ref                          0x08007aa5   Thumb Code    18  stm32f4xx_tim.o(.text)
    TIM_ClearOC4Ref                          0x08007ab7   Thumb Code    24  stm32f4xx_tim.o(.text)
    TIM_OC1PolarityConfig                    0x08007acf   Thumb Code    18  stm32f4xx_tim.o(.text)
    TIM_OC1NPolarityConfig                   0x08007ae1   Thumb Code    18  stm32f4xx_tim.o(.text)
    TIM_OC2PolarityConfig                    0x08007af3   Thumb Code    26  stm32f4xx_tim.o(.text)
    TIM_OC2NPolarityConfig                   0x08007b0d   Thumb Code    26  stm32f4xx_tim.o(.text)
    TIM_OC3PolarityConfig                    0x08007b27   Thumb Code    26  stm32f4xx_tim.o(.text)
    TIM_OC3NPolarityConfig                   0x08007b41   Thumb Code    26  stm32f4xx_tim.o(.text)
    TIM_OC4PolarityConfig                    0x08007b5b   Thumb Code    26  stm32f4xx_tim.o(.text)
    TIM_CCxCmd                               0x08007b75   Thumb Code    30  stm32f4xx_tim.o(.text)
    TIM_CCxNCmd                              0x08007b93   Thumb Code    30  stm32f4xx_tim.o(.text)
    TIM_SetIC4Prescaler                      0x08007bb1   Thumb Code    26  stm32f4xx_tim.o(.text)
    TIM_SetIC3Prescaler                      0x08007c1b   Thumb Code    18  stm32f4xx_tim.o(.text)
    TIM_SetIC2Prescaler                      0x08007c75   Thumb Code    26  stm32f4xx_tim.o(.text)
    TIM_SetIC1Prescaler                      0x08007ce9   Thumb Code    18  stm32f4xx_tim.o(.text)
    TIM_ICInit                               0x08007d35   Thumb Code   110  stm32f4xx_tim.o(.text)
    TIM_ICStructInit                         0x08007da3   Thumb Code    18  stm32f4xx_tim.o(.text)
    TIM_PWMIConfig                           0x08007db5   Thumb Code   124  stm32f4xx_tim.o(.text)
    TIM_GetCapture1                          0x08007e31   Thumb Code     6  stm32f4xx_tim.o(.text)
    TIM_GetCapture2                          0x08007e37   Thumb Code     6  stm32f4xx_tim.o(.text)
    TIM_GetCapture3                          0x08007e3d   Thumb Code     6  stm32f4xx_tim.o(.text)
    TIM_GetCapture4                          0x08007e43   Thumb Code     6  stm32f4xx_tim.o(.text)
    TIM_BDTRConfig                           0x08007e49   Thumb Code    32  stm32f4xx_tim.o(.text)
    TIM_BDTRStructInit                       0x08007e69   Thumb Code    18  stm32f4xx_tim.o(.text)
    TIM_CtrlPWMOutputs                       0x08007e7b   Thumb Code    30  stm32f4xx_tim.o(.text)
    TIM_SelectCOM                            0x08007e99   Thumb Code    24  stm32f4xx_tim.o(.text)
    TIM_CCPreloadControl                     0x08007eb1   Thumb Code    24  stm32f4xx_tim.o(.text)
    TIM_ITConfig                             0x08007ec9   Thumb Code    18  stm32f4xx_tim.o(.text)
    TIM_GenerateEvent                        0x08007edb   Thumb Code     4  stm32f4xx_tim.o(.text)
    TIM_GetFlagStatus                        0x08007edf   Thumb Code    18  stm32f4xx_tim.o(.text)
    TIM_ClearFlag                            0x08007ef1   Thumb Code     6  stm32f4xx_tim.o(.text)
    TIM_GetITStatus                          0x08007ef7   Thumb Code    34  stm32f4xx_tim.o(.text)
    TIM_ClearITPendingBit                    0x08007f19   Thumb Code     6  stm32f4xx_tim.o(.text)
    TIM_DMAConfig                            0x08007f1f   Thumb Code    10  stm32f4xx_tim.o(.text)
    TIM_DMACmd                               0x08007f29   Thumb Code    18  stm32f4xx_tim.o(.text)
    TIM_SelectCCDMA                          0x08007f3b   Thumb Code    24  stm32f4xx_tim.o(.text)
    TIM_InternalClockConfig                  0x08007f53   Thumb Code    12  stm32f4xx_tim.o(.text)
    TIM_SelectInputTrigger                   0x08007f5f   Thumb Code    18  stm32f4xx_tim.o(.text)
    TIM_ITRxExternalClockConfig              0x08007f71   Thumb Code    24  stm32f4xx_tim.o(.text)
    TIM_TIxExternalClockConfig               0x08007f89   Thumb Code    62  stm32f4xx_tim.o(.text)
    TIM_ETRConfig                            0x08007fc7   Thumb Code    28  stm32f4xx_tim.o(.text)
    TIM_ETRClockMode1Config                  0x08007fe3   Thumb Code    54  stm32f4xx_tim.o(.text)
    TIM_ETRClockMode2Config                  0x08008019   Thumb Code    32  stm32f4xx_tim.o(.text)
    TIM_SelectOutputTrigger                  0x08008039   Thumb Code    18  stm32f4xx_tim.o(.text)
    TIM_SelectSlaveMode                      0x0800804b   Thumb Code    18  stm32f4xx_tim.o(.text)
    TIM_SelectMasterSlaveMode                0x0800805d   Thumb Code    18  stm32f4xx_tim.o(.text)
    TIM_EncoderInterfaceConfig               0x0800806f   Thumb Code    66  stm32f4xx_tim.o(.text)
    TIM_SelectHallSensor                     0x080080b1   Thumb Code    24  stm32f4xx_tim.o(.text)
    TIM_RemapConfig                          0x080080c9   Thumb Code     6  stm32f4xx_tim.o(.text)
    SPI_I2S_DeInit                           0x080080d1   Thumb Code   152  stm32f4xx_spi.o(.text)
    SPI_Init                                 0x08008169   Thumb Code    60  stm32f4xx_spi.o(.text)
    I2S_Init                                 0x080081a5   Thumb Code   396  stm32f4xx_spi.o(.text)
    SPI_StructInit                           0x08008331   Thumb Code    24  stm32f4xx_spi.o(.text)
    I2S_StructInit                           0x08008349   Thumb Code    20  stm32f4xx_spi.o(.text)
    SPI_Cmd                                  0x0800835d   Thumb Code    24  stm32f4xx_spi.o(.text)
    I2S_Cmd                                  0x08008375   Thumb Code    24  stm32f4xx_spi.o(.text)
    SPI_DataSizeConfig                       0x0800838d   Thumb Code    18  stm32f4xx_spi.o(.text)
    SPI_BiDirectionalLineConfig              0x0800839f   Thumb Code    28  stm32f4xx_spi.o(.text)
    SPI_NSSInternalSoftwareConfig            0x080083bb   Thumb Code    30  stm32f4xx_spi.o(.text)
    SPI_SSOutputCmd                          0x080083d9   Thumb Code    24  stm32f4xx_spi.o(.text)
    SPI_TIModeCmd                            0x080083f1   Thumb Code    24  stm32f4xx_spi.o(.text)
    I2S_FullDuplexConfig                     0x08008409   Thumb Code    80  stm32f4xx_spi.o(.text)
    SPI_I2S_ReceiveData                      0x08008459   Thumb Code     6  stm32f4xx_spi.o(.text)
    SPI_I2S_SendData                         0x0800845f   Thumb Code     4  stm32f4xx_spi.o(.text)
    SPI_CalculateCRC                         0x08008463   Thumb Code    24  stm32f4xx_spi.o(.text)
    SPI_TransmitCRC                          0x0800847b   Thumb Code    10  stm32f4xx_spi.o(.text)
    SPI_GetCRC                               0x08008485   Thumb Code    16  stm32f4xx_spi.o(.text)
    SPI_GetCRCPolynomial                     0x08008495   Thumb Code     6  stm32f4xx_spi.o(.text)
    SPI_I2S_DMACmd                           0x0800849b   Thumb Code    18  stm32f4xx_spi.o(.text)
    SPI_I2S_ITConfig                         0x080084ad   Thumb Code    68  stm32f4xx_spi.o(.text)
    SPI_I2S_GetFlagStatus                    0x080084f1   Thumb Code    18  stm32f4xx_spi.o(.text)
    SPI_I2S_ClearFlag                        0x08008503   Thumb Code     6  stm32f4xx_spi.o(.text)
    SPI_I2S_GetITStatus                      0x08008509   Thumb Code    52  stm32f4xx_spi.o(.text)
    SPI_I2S_ClearITPendingBit                0x0800853d   Thumb Code    20  stm32f4xx_spi.o(.text)
    font_init                                0x08008551   Thumb Code    64  fontupd.o(.text)
    Get_HzMat                                0x08008599   Thumb Code   220  text.o(.text)
    Show_Font                                0x08008675   Thumb Code   190  text.o(.text)
    Show_Str                                 0x08008733   Thumb Code   192  text.o(.text)
    Show_Str_Mid                             0x080087f3   Thumb Code   106  text.o(.text)
    AT24CXX_Init                             0x0800886d   Thumb Code     8  24cxx.o(.text)
    AT24CXX_ReadOneByte                      0x08008875   Thumb Code    88  24cxx.o(.text)
    AT24CXX_WriteOneByte                     0x080088cd   Thumb Code    80  24cxx.o(.text)
    AT24CXX_WriteLenByte                     0x0800891d   Thumb Code    42  24cxx.o(.text)
    AT24CXX_ReadLenByte                      0x08008947   Thumb Code    44  24cxx.o(.text)
    AT24CXX_Check                            0x08008973   Thumb Code    46  24cxx.o(.text)
    AT24CXX_Read                             0x080089a1   Thumb Code    34  24cxx.o(.text)
    AT24CXX_Write                            0x080089c3   Thumb Code    36  24cxx.o(.text)
    HGQ_AHT20_Init                           0x08008a75   Thumb Code    42  hgq_aht20.o(.text)
    HGQ_AHT20_Read                           0x08008a9f   Thumb Code   210  hgq_aht20.o(.text)
    HGQ_IIC2_Init                            0x08008bf1   Thumb Code    42  hgq_myiic2.o(.text)
    HGQ_IIC2_Start                           0x08008c1b   Thumb Code    58  hgq_myiic2.o(.text)
    HGQ_IIC2_Stop                            0x08008c55   Thumb Code    58  hgq_myiic2.o(.text)
    HGQ_IIC2_WaitAck                         0x08008c8f   Thumb Code    88  hgq_myiic2.o(.text)
    HGQ_IIC2_Ack                             0x08008ce7   Thumb Code    52  hgq_myiic2.o(.text)
    HGQ_IIC2_NAck                            0x08008d1b   Thumb Code    52  hgq_myiic2.o(.text)
    HGQ_IIC2_SendByte                        0x08008d4f   Thumb Code    92  hgq_myiic2.o(.text)
    HGQ_IIC2_ReadByte                        0x08008dab   Thumb Code    86  hgq_myiic2.o(.text)
    HGQ_BH1750_Init                          0x08008e77   Thumb Code    78  hgq_bh1750.o(.text)
    HGQ_BH1750_ReadLux                       0x08008ec5   Thumb Code    48  hgq_bh1750.o(.text)
    HGQ_IIC3_Init                            0x08008f63   Thumb Code    42  hgq_myiic3.o(.text)
    HGQ_IIC3_Start                           0x08008f8d   Thumb Code    58  hgq_myiic3.o(.text)
    HGQ_IIC3_Stop                            0x08008fc7   Thumb Code    58  hgq_myiic3.o(.text)
    HGQ_IIC3_WaitAck                         0x08009001   Thumb Code    88  hgq_myiic3.o(.text)
    HGQ_IIC3_Ack                             0x08009059   Thumb Code    52  hgq_myiic3.o(.text)
    HGQ_IIC3_NAck                            0x0800908d   Thumb Code    52  hgq_myiic3.o(.text)
    HGQ_IIC3_SendByte                        0x080090c1   Thumb Code    92  hgq_myiic3.o(.text)
    HGQ_IIC3_ReadByte                        0x0800911d   Thumb Code    86  hgq_myiic3.o(.text)
    HGQ_ESP8266_SendCmd                      0x080091cd   Thumb Code    36  hgq_esp8266.o(.text)
    HGQ_ESP8266_MQTTPUB                      0x0800922b   Thumb Code    62  hgq_esp8266.o(.text)
    HGQ_ESP8266_MQTTPUB_Fast                 0x08009269   Thumb Code    56  hgq_esp8266.o(.text)
    HGQ_ESP8266_Init                         0x080092a1   Thumb Code     4  hgq_esp8266.o(.text)
    HGQ_ESP8266_JoinAP                       0x080092a5   Thumb Code    36  hgq_esp8266.o(.text)
    HGQ_ESP8266_ConnectMQTT                  0x080092c9   Thumb Code    64  hgq_esp8266.o(.text)
    HGQ_ESP8266_MQTTSUB                      0x08009309   Thumb Code    36  hgq_esp8266.o(.text)
    HGQ_ESP8266_EnableNTP                    0x0800932d   Thumb Code    16  hgq_esp8266.o(.text)
    HGQ_ESP8266_GetNTPTime                   0x0800933d   Thumb Code   220  hgq_esp8266.o(.text)
    HGQ_ESP8266_CheckStatus                  0x08009419   Thumb Code    24  hgq_esp8266.o(.text)
    HGQ_RC522_Init                           0x080098c3   Thumb Code   184  hgq_rc522.o(.text)
    HGQ_RC522_PollUID                        0x0800997b   Thumb Code    98  hgq_rc522.o(.text)
    HGQ_RC522_UIDToString                    0x080099dd   Thumb Code    98  hgq_rc522.o(.text)
    HGQ_USART2_Init                          0x08009a85   Thumb Code   164  hgq_usart.o(.text)
    HGQ_USART2_SendString                    0x08009b29   Thumb Code    34  hgq_usart.o(.text)
    HGQ_USART2_SetRxCallback                 0x08009b4b   Thumb Code     2  hgq_usart.o(.text)
    HGQ_USART2_EnableRxIRQ                   0x08009b4d   Thumb Code    18  hgq_usart.o(.text)
    HGQ_USART2_IT_GetChar                    0x08009b5f   Thumb Code    62  hgq_usart.o(.text)
    HGQ_USART2_IT_ClearRxBuffer              0x08009b9d   Thumb Code    14  hgq_usart.o(.text)
    USART2_IRQHandler                        0x08009bab   Thumb Code    74  hgq_usart.o(.text)
    HGQ_USART1_Init                          0x08009bf5   Thumb Code     2  hgq_usart.o(.text)
    HGQ_USART1_SendString                    0x08009bf7   Thumb Code     2  hgq_usart.o(.text)
    IIC_Init                                 0x08009c05   Thumb Code    62  myiic.o(.text)
    IIC_Start                                0x08009c43   Thumb Code    68  myiic.o(.text)
    IIC_Stop                                 0x08009c87   Thumb Code    62  myiic.o(.text)
    IIC_Wait_Ack                             0x08009cc5   Thumb Code    82  myiic.o(.text)
    IIC_Ack                                  0x08009d17   Thumb Code    66  myiic.o(.text)
    IIC_NAck                                 0x08009d59   Thumb Code    66  myiic.o(.text)
    IIC_Send_Byte                            0x08009d9b   Thumb Code    90  myiic.o(.text)
    IIC_Read_Byte                            0x08009df5   Thumb Code    94  myiic.o(.text)
    CT_Delay                                 0x08009e61   Thumb Code    10  ctiic.o(.text)
    CT_IIC_Init                              0x08009e6b   Thumb Code    60  ctiic.o(.text)
    CT_IIC_Start                             0x08009ea7   Thumb Code    62  ctiic.o(.text)
    CT_IIC_Stop                              0x08009ee5   Thumb Code    56  ctiic.o(.text)
    CT_IIC_Wait_Ack                          0x08009f1d   Thumb Code    78  ctiic.o(.text)
    CT_IIC_Ack                               0x08009f6b   Thumb Code    66  ctiic.o(.text)
    CT_IIC_NAck                              0x08009fad   Thumb Code    66  ctiic.o(.text)
    CT_IIC_Send_Byte                         0x08009fef   Thumb Code    82  ctiic.o(.text)
    CT_IIC_Read_Byte                         0x0800a041   Thumb Code    96  ctiic.o(.text)
    FT5206_WR_Reg                            0x0800a0b9   Thumb Code    82  ft5206.o(.text)
    FT5206_RD_Reg                            0x0800a10b   Thumb Code    88  ft5206.o(.text)
    FT5206_Init                              0x0800a163   Thumb Code   316  ft5206.o(.text)
    FT5206_Scan                              0x0800a29f   Thumb Code   934  ft5206.o(.text)
    GT9147_WR_Reg                            0x0800a64d   Thumb Code    92  gt9147.o(.text)
    GT9147_Send_Cfg                          0x0800a6a9   Thumb Code    86  gt9147.o(.text)
    GT9147_RD_Reg                            0x0800a6ff   Thumb Code    98  gt9147.o(.text)
    GT9147_Init                              0x0800a761   Thumb Code   292  gt9147.o(.text)
    GT9147_Scan                              0x0800a885   Thumb Code   744  gt9147.o(.text)
    OTT2001A_WR_Reg                          0x0800ab75   Thumb Code    92  ott2001a.o(.text)
    OTT2001A_RD_Reg                          0x0800abd1   Thumb Code    98  ott2001a.o(.text)
    OTT2001A_SensorControl                   0x0800ac33   Thumb Code    28  ott2001a.o(.text)
    OTT2001A_Init                            0x0800ac4f   Thumb Code   142  ott2001a.o(.text)
    OTT2001A_Scan                            0x0800acdd   Thumb Code   478  ott2001a.o(.text)
    TP_Write_Byte                            0x0800aefd   Thumb Code    64  touch.o(.text)
    TP_Read_AD                               0x0800af3d   Thumb Code   132  touch.o(.text)
    TP_Read_XOY                              0x0800afc1   Thumb Code   114  touch.o(.text)
    TP_Read_XY                               0x0800b033   Thumb Code    38  touch.o(.text)
    TP_Read_XY2                              0x0800b059   Thumb Code   192  touch.o(.text)
    TP_Drow_Touch_Point                      0x0800b119   Thumb Code   108  touch.o(.text)
    TP_Draw_Big_Point                        0x0800b185   Thumb Code    54  touch.o(.text)
    TP_Scan                                  0x0800b1bb   Thumb Code   244  touch.o(.text)
    TP_Save_Adjdata                          0x0800b2af   Thumb Code   168  touch.o(.text)
    TP_Get_Adjdata                           0x0800b357   Thumb Code   180  touch.o(.text)
    TP_Adj_Info_Show                         0x0800b40b   Thumb Code    84  touch.o(.text)
    TP_Adjust                                0x0800b45f   Thumb Code  1214  touch.o(.text)
    TP_Init                                  0x0800b91d   Thumb Code   406  touch.o(.text)
    HGQ_VL53L0X_I2C_Init                     0x0800bb59   Thumb Code    62  hgq_vl53l0x.o(.text)
    HGQ_VL53L0X_ReadModelID                  0x0800bec7   Thumb Code    26  hgq_vl53l0x.o(.text)
    HGQ_VL53L0X_Begin                        0x0800c487   Thumb Code   262  hgq_vl53l0x.o(.text)
    HGQ_VL53L0X_SetCalib                     0x0800c58d   Thumb Code    16  hgq_vl53l0x.o(.text)
    HGQ_VL53L0X_SetFilter                    0x0800c59d   Thumb Code    14  hgq_vl53l0x.o(.text)
    HGQ_VL53L0X_ReadMmEx                     0x0800c5ab   Thumb Code    74  hgq_vl53l0x.o(.text)
    HGQ_VL53L0X_ReadMm                       0x0800c5f5   Thumb Code    18  hgq_vl53l0x.o(.text)
    HGQ_UI_ResetCache                        0x0800c661   Thumb Code    38  hgq_ui.o(.text)
    HGQ_UI_Init                              0x0800c687   Thumb Code     8  hgq_ui.o(.text)
    HGQ_UI_GetBrightnessNow                  0x0800c68f   Thumb Code     6  hgq_ui.o(.text)
    HGQ_UI_ShowPopup                         0x0800c873   Thumb Code   174  hgq_ui.o(.text)
    HGQ_UI_DrawFramework                     0x0800c921   Thumb Code   542  hgq_ui.o(.text)
    HGQ_UI_Update                            0x0800cb3f   Thumb Code  1844  hgq_ui.o(.text)
    HGQ_UI_TouchBtn_Check                    0x0800d325   Thumb Code    18  hgq_ui.o(.text)
    HGQ_UI_TouchBtn_Mode                     0x0800d337   Thumb Code    18  hgq_ui.o(.text)
    HGQ_UI_TouchBtn_On                       0x0800d349   Thumb Code    18  hgq_ui.o(.text)
    HGQ_UI_TouchBtn_Off                      0x0800d35b   Thumb Code    18  hgq_ui.o(.text)
    HGQ_UI_TouchBtn_BriUp                    0x0800d36d   Thumb Code    36  hgq_ui.o(.text)
    HGQ_UI_TouchBtn_BriDown                  0x0800d391   Thumb Code    36  hgq_ui.o(.text)
    LED0_PWM_Init                            0x0800d40d   Thumb Code   166  led.o(.text)
    LED_Init                                 0x0800d4b3   Thumb Code    60  led.o(.text)
    LED0_SetOn                               0x0800d4ef   Thumb Code    22  led.o(.text)
    LED0_SetBrightness                       0x0800d505   Thumb Code    20  led.o(.text)
    Relay_Set                                0x0800d519   Thumb Code    26  led.o(.text)
    vListInitialise                          0x0800d545   Thumb Code    26  list.o(.text)
    vListInitialiseItem                      0x0800d55f   Thumb Code     6  list.o(.text)
    vListInsertEnd                           0x0800d565   Thumb Code    24  list.o(.text)
    vListInsert                              0x0800d57d   Thumb Code    52  list.o(.text)
    uxListRemove                             0x0800d5b1   Thumb Code    40  list.o(.text)
    xQueueGenericReset                       0x0800d5d9   Thumb Code   214  queue.o(.text)
    xQueueGenericCreate                      0x0800d6d9   Thumb Code   102  queue.o(.text)
    xQueueGenericSend                        0x0800d859   Thumb Code   420  queue.o(.text)
    xQueueCreateMutex                        0x0800da1b   Thumb Code    38  queue.o(.text)
    xQueueGiveMutexRecursive                 0x0800da41   Thumb Code    72  queue.o(.text)
    xQueueSemaphoreTake                      0x0800dab7   Thumb Code   398  queue.o(.text)
    xQueueTakeMutexRecursive                 0x0800dc45   Thumb Code    78  queue.o(.text)
    xQueueCreateCountingSemaphore            0x0800dc93   Thumb Code    60  queue.o(.text)
    xQueueGenericSendFromISR                 0x0800dccf   Thumb Code   298  queue.o(.text)
    xQueueGiveFromISR                        0x0800ddf9   Thumb Code   274  queue.o(.text)
    xQueueReceive                            0x0800df39   Thumb Code   356  queue.o(.text)
    xQueuePeek                               0x0800e09d   Thumb Code   362  queue.o(.text)
    xQueueReceiveFromISR                     0x0800e207   Thumb Code   254  queue.o(.text)
    xQueuePeekFromISR                        0x0800e305   Thumb Code   176  queue.o(.text)
    uxQueueMessagesWaiting                   0x0800e3b5   Thumb Code    46  queue.o(.text)
    uxQueueSpacesAvailable                   0x0800e3e3   Thumb Code    48  queue.o(.text)
    uxQueueMessagesWaitingFromISR            0x0800e413   Thumb Code    34  queue.o(.text)
    vQueueUnregisterQueue                    0x0800e435   Thumb Code    68  queue.o(.text)
    vQueueDelete                             0x0800e479   Thumb Code    44  queue.o(.text)
    uxQueueGetQueueNumber                    0x0800e4a5   Thumb Code     6  queue.o(.text)
    vQueueSetQueueNumber                     0x0800e4ab   Thumb Code     4  queue.o(.text)
    ucQueueGetQueueType                      0x0800e4af   Thumb Code     8  queue.o(.text)
    uxQueueGetQueueItemSize                  0x0800e4b7   Thumb Code     6  queue.o(.text)
    uxQueueGetQueueLength                    0x0800e4bd   Thumb Code     6  queue.o(.text)
    xQueueIsQueueEmptyFromISR                0x0800e4c3   Thumb Code    42  queue.o(.text)
    xQueueIsQueueFullFromISR                 0x0800e4ed   Thumb Code    46  queue.o(.text)
    vQueueAddToRegistry                      0x0800e51b   Thumb Code    90  queue.o(.text)
    pcQueueGetName                           0x0800e575   Thumb Code    64  queue.o(.text)
    vQueueWaitForMessageRestricted           0x0800e5b5   Thumb Code    74  queue.o(.text)
    xTaskCreate                              0x0800e84b   Thumb Code    56  tasks.o(.text)
    vTaskDelete                              0x0800e8bd   Thumb Code   234  tasks.o(.text)
    xTaskIncrementTick                       0x0800e9a7   Thumb Code   492  tasks.o(.text)
    xTaskResumeAll                           0x0800eb93   Thumb Code   382  tasks.o(.text)
    vTaskSuspendAll                          0x0800edbf   Thumb Code    12  tasks.o(.text)
    xTaskDelayUntil                          0x0800edcb   Thumb Code   202  tasks.o(.text)
    vTaskDelay                               0x0800ee95   Thumb Code    82  tasks.o(.text)
    eTaskGetState                            0x0800eee7   Thumb Code   214  tasks.o(.text)
    uxTaskPriorityGet                        0x0800efbd   Thumb Code    30  tasks.o(.text)
    uxTaskPriorityGetFromISR                 0x0800efdb   Thumb Code    62  tasks.o(.text)
    uxTaskBasePriorityGet                    0x0800f019   Thumb Code    30  tasks.o(.text)
    uxTaskBasePriorityGetFromISR             0x0800f037   Thumb Code    62  tasks.o(.text)
    vTaskPrioritySet                         0x0800f075   Thumb Code   336  tasks.o(.text)
    vTaskSwitchContext                       0x0800f1c5   Thumb Code   126  tasks.o(.text)
    vTaskSuspend                             0x0800f243   Thumb Code   228  tasks.o(.text)
    vTaskResume                              0x0800f3c3   Thumb Code   194  tasks.o(.text)
    xTaskResumeFromISR                       0x0800f485   Thumb Code   224  tasks.o(.text)
    vTaskStartScheduler                      0x0800f617   Thumb Code   106  tasks.o(.text)
    vTaskEndScheduler                        0x0800f681   Thumb Code    66  tasks.o(.text)
    xTaskGetTickCount                        0x0800f6c3   Thumb Code     6  tasks.o(.text)
    xTaskGetTickCountFromISR                 0x0800f6c9   Thumb Code    16  tasks.o(.text)
    uxTaskGetNumberOfTasks                   0x0800f6d9   Thumb Code     6  tasks.o(.text)
    pcTaskGetName                            0x0800f6df   Thumb Code    44  tasks.o(.text)
    vTaskGetInfo                             0x0800f71f   Thumb Code   270  tasks.o(.text)
    uxTaskGetSystemState                     0x0800f86b   Thumb Code   152  tasks.o(.text)
    xTaskCatchUpTicks                        0x0800f903   Thumb Code    72  tasks.o(.text)
    vTaskPlaceOnEventList                    0x0800f94b   Thumb Code    52  tasks.o(.text)
    vTaskPlaceOnUnorderedEventList           0x0800f97f   Thumb Code   138  tasks.o(.text)
    vTaskPlaceOnEventListRestricted          0x0800fa09   Thumb Code    98  tasks.o(.text)
    xTaskRemoveFromEventList                 0x0800fa6b   Thumb Code   280  tasks.o(.text)
    vTaskRemoveFromUnorderedEventList        0x0800fb83   Thumb Code   316  tasks.o(.text)
    vTaskSetTimeOutState                     0x0800fcbf   Thumb Code    50  tasks.o(.text)
    vTaskInternalSetTimeOutState             0x0800fcf1   Thumb Code    14  tasks.o(.text)
    xTaskCheckForTimeOut                     0x0800fcff   Thumb Code   136  tasks.o(.text)
    vTaskMissedYield                         0x0800fd87   Thumb Code     8  tasks.o(.text)
    uxTaskGetTaskNumber                      0x0800fd8f   Thumb Code    14  tasks.o(.text)
    vTaskSetTaskNumber                       0x0800fd9d   Thumb Code     8  tasks.o(.text)
    xTaskGetCurrentTaskHandle                0x0800fda5   Thumb Code     6  tasks.o(.text)
    xTaskGetCurrentTaskHandleForCore         0x0800fdab   Thumb Code    26  tasks.o(.text)
    xTaskGetSchedulerState                   0x0800fdc5   Thumb Code    24  tasks.o(.text)
    xTaskPriorityInherit                     0x0800fddd   Thumb Code   230  tasks.o(.text)
    xTaskPriorityDisinherit                  0x0800fec3   Thumb Code   234  tasks.o(.text)
    vTaskPriorityDisinheritAfterTimeout      0x0800ffad   Thumb Code   312  tasks.o(.text)
    uxTaskResetEventItemValue                0x080100e5   Thumb Code    24  tasks.o(.text)
    pvTaskIncrementMutexHeldCount            0x080100fd   Thumb Code    14  tasks.o(.text)
    ulTaskGenericNotifyTake                  0x0801010b   Thumb Code   196  tasks.o(.text)
    xTaskGenericNotifyWait                   0x080101cf   Thumb Code   230  tasks.o(.text)
    xTaskGenericNotify                       0x080102b5   Thumb Code   458  tasks.o(.text)
    xTaskGenericNotifyFromISR                0x0801047f   Thumb Code   554  tasks.o(.text)
    vTaskGenericNotifyGiveFromISR            0x080106a9   Thumb Code   384  tasks.o(.text)
    xTaskGenericNotifyStateClear             0x08010829   Thumb Code    90  tasks.o(.text)
    ulTaskGenericNotifyValueClear            0x08010883   Thumb Code    90  tasks.o(.text)
    vTaskResetState                          0x080108dd   Thumb Code    68  tasks.o(.text)
    xTimerCreateTimerTask                    0x08010c7d   Thumb Code    66  timers.o(.text)
    xTimerCreate                             0x08010d17   Thumb Code    54  timers.o(.text)
    xTimerGenericCommandFromTask             0x08010d4d   Thumb Code   194  timers.o(.text)
    xTimerGenericCommandFromISR              0x08010e0f   Thumb Code   116  timers.o(.text)
    xTimerGetTimerDaemonTaskHandle           0x08010e83   Thumb Code    42  timers.o(.text)
    xTimerGetPeriod                          0x08010ead   Thumb Code    32  timers.o(.text)
    vTimerSetReloadMode                      0x08010ecd   Thumb Code    70  timers.o(.text)
    xTimerGetReloadMode                      0x08010f13   Thumb Code    58  timers.o(.text)
    uxTimerGetReloadMode                     0x08010f4d   Thumb Code    16  timers.o(.text)
    xTimerGetExpiryTime                      0x08010f5d   Thumb Code    34  timers.o(.text)
    pcTimerGetName                           0x08010f7f   Thumb Code    32  timers.o(.text)
    xTimerIsTimerActive                      0x08010f9f   Thumb Code    58  timers.o(.text)
    pvTimerGetTimerID                        0x08010fd9   Thumb Code    44  timers.o(.text)
    vTimerSetTimerID                         0x08011005   Thumb Code    44  timers.o(.text)
    uxTimerGetTimerNumber                    0x08011031   Thumb Code     6  timers.o(.text)
    vTimerSetTimerNumber                     0x08011037   Thumb Code     4  timers.o(.text)
    vTimerResetState                         0x0801103b   Thumb Code    12  timers.o(.text)
    pvPortMalloc                             0x080110a9   Thumb Code   474  heap_4.o(.text)
    vPortFree                                0x08011313   Thumb Code   174  heap_4.o(.text)
    xPortGetFreeHeapSize                     0x080113c1   Thumb Code     6  heap_4.o(.text)
    xPortGetMinimumEverFreeHeapSize          0x080113c7   Thumb Code     6  heap_4.o(.text)
    vPortInitialiseBlocks                    0x080113cd   Thumb Code     2  heap_4.o(.text)
    pvPortCalloc                             0x080113cf   Thumb Code    54  heap_4.o(.text)
    vPortGetHeapStats                        0x08011405   Thumb Code   138  heap_4.o(.text)
    vPortHeapResetState                      0x0801148f   Thumb Code    24  heap_4.o(.text)
    pxPortInitialiseStack                    0x080114f9   Thumb Code    38  port.o(.text)
    vPortSetupTimerInterrupt                 0x0801151f   Thumb Code    36  port.o(.text)
    xPortStartScheduler                      0x08011543   Thumb Code   330  port.o(.text)
    vPortEndScheduler                        0x0801168d   Thumb Code    42  port.o(.text)
    vPortEnterCritical                       0x080116b7   Thumb Code    78  port.o(.text)
    vPortExitCritical                        0x08011705   Thumb Code    56  port.o(.text)
    SysTick_Handler                          0x0801173d   Thumb Code    48  port.o(.text)
    vPortValidateInterruptPriority           0x0801176d   Thumb Code   108  port.o(.text)
    __use_no_semihosting                     0x080117fd   Thumb Code     2  use_no_semi_2.o(.text)
    __2printf                                0x08011801   Thumb Code    20  noretval__2printf.o(.text)
    __2sprintf                               0x08011819   Thumb Code    34  noretval__2sprintf.o(.text)
    __2snprintf                              0x08011841   Thumb Code    48  noretval__2snprintf.o(.text)
    _printf_pre_padding                      0x08011875   Thumb Code    44  _printf_pad.o(.text)
    _printf_post_padding                     0x080118a1   Thumb Code    34  _printf_pad.o(.text)
    _printf_str                              0x080118c3   Thumb Code    82  _printf_str.o(.text)
    _printf_int_dec                          0x08011915   Thumb Code   104  _printf_dec.o(.text)
    _printf_int_hex                          0x0801198d   Thumb Code    84  _printf_hex_int.o(.text)
    _printf_longlong_hex                     0x0801198d   Thumb Code     0  _printf_hex_int.o(.text)
    __printf                                 0x080119e5   Thumb Code   308  __printf_flags_wp.o(.text)
    atoi                                     0x08011b1d   Thumb Code    26  atoi.o(.text)
    strchr                                   0x08011b37   Thumb Code    20  strchr.o(.text)
    strncat                                  0x08011b4b   Thumb Code    36  strncat.o(.text)
    strstr                                   0x08011b6f   Thumb Code    36  strstr.o(.text)
    strcpy                                   0x08011b93   Thumb Code    72  strcpy.o(.text)
    strrchr                                  0x08011bdb   Thumb Code    22  strrchr.o(.text)
    strlen                                   0x08011bf1   Thumb Code    62  strlen.o(.text)
    __aeabi_memcpy                           0x08011c2f   Thumb Code     0  rt_memcpy_v6.o(.text)
    __rt_memcpy                              0x08011c2f   Thumb Code   138  rt_memcpy_v6.o(.text)
    _memcpy_lastbytes                        0x08011c95   Thumb Code     0  rt_memcpy_v6.o(.text)
    __aeabi_memcpy4                          0x08011cb9   Thumb Code     0  rt_memcpy_w.o(.text)
    __aeabi_memcpy8                          0x08011cb9   Thumb Code     0  rt_memcpy_w.o(.text)
    __rt_memcpy_w                            0x08011cb9   Thumb Code   100  rt_memcpy_w.o(.text)
    _memcpy_lastbytes_aligned                0x08011d01   Thumb Code     0  rt_memcpy_w.o(.text)
    __aeabi_memset                           0x08011d1d   Thumb Code    16  aeabi_memset.o(.text)
    __aeabi_memclr                           0x08011d2d   Thumb Code     0  rt_memclr.o(.text)
    __rt_memclr                              0x08011d2d   Thumb Code    68  rt_memclr.o(.text)
    _memset                                  0x08011d31   Thumb Code     0  rt_memclr.o(.text)
    __aeabi_memclr4                          0x08011d71   Thumb Code     0  rt_memclr_w.o(.text)
    __aeabi_memclr8                          0x08011d71   Thumb Code     0  rt_memclr_w.o(.text)
    __rt_memclr_w                            0x08011d71   Thumb Code    78  rt_memclr_w.o(.text)
    _memset_w                                0x08011d75   Thumb Code     0  rt_memclr_w.o(.text)
    strncpy                                  0x08011dbf   Thumb Code    86  strncpy.o(.text)
    strcmp                                   0x08011e15   Thumb Code   128  strcmpv7m.o(.text)
    __use_two_region_memory                  0x08011e95   Thumb Code     2  heapauxi.o(.text)
    __rt_heap_escrow$2region                 0x08011e97   Thumb Code     2  heapauxi.o(.text)
    __rt_heap_expand$2region                 0x08011e99   Thumb Code     2  heapauxi.o(.text)
    __I$use$semihosting                      0x08011e9b   Thumb Code     0  use_no_semi.o(.text)
    __use_no_semihosting_swi                 0x08011e9b   Thumb Code     2  use_no_semi.o(.text)
    __aeabi_errno_addr                       0x08011e9d   Thumb Code     8  rt_errno_addr_intlibspace.o(.text)
    __errno$intlibspace                      0x08011e9d   Thumb Code     0  rt_errno_addr_intlibspace.o(.text)
    __rt_errno_addr$intlibspace              0x08011e9d   Thumb Code     0  rt_errno_addr_intlibspace.o(.text)
    __read_errno                             0x08011ea5   Thumb Code    10  _rserrno.o(.text)
    __set_errno                              0x08011eaf   Thumb Code    12  _rserrno.o(.text)
    _printf_int_common                       0x08011ebb   Thumb Code   178  _printf_intcommon.o(.text)
    _printf_char_common                      0x08011f77   Thumb Code    32  _printf_char_common.o(.text)
    _sputc                                   0x08011f9d   Thumb Code    10  _sputc.o(.text)
    _snputc                                  0x08011fa7   Thumb Code    16  _snputc.o(.text)
    _printf_cs_common                        0x08011fb7   Thumb Code    20  _printf_char.o(.text)
    _printf_char                             0x08011fcb   Thumb Code    16  _printf_char.o(.text)
    _printf_string                           0x08011fdb   Thumb Code     8  _printf_char.o(.text)
    _printf_char_file                        0x08011fe5   Thumb Code    32  _printf_char_file.o(.text)
    strtol                                   0x08012009   Thumb Code   112  strtol.o(.text)
    __user_libspace                          0x08012079   Thumb Code     8  libspace.o(.text)
    __user_perproc_libspace                  0x08012079   Thumb Code     0  libspace.o(.text)
    __user_perthread_libspace                0x08012079   Thumb Code     0  libspace.o(.text)
    __rt_ctype_table                         0x08012081   Thumb Code    16  rt_ctype_table.o(.text)
    _strtoul                                 0x08012091   Thumb Code   158  _strtoul.o(.text)
    ferror                                   0x0801212f   Thumb Code     8  ferror.o(.text)
    __user_setup_stackheap                   0x08012137   Thumb Code    74  sys_stackheap_outer.o(.text)
    __rt_locale                              0x08012181   Thumb Code     8  rt_locale_intlibspace.o(.text)
    _chval                                   0x08012189   Thumb Code    28  _chval.o(.text)
    exit                                     0x080121a5   Thumb Code    18  exit.o(.text)
    __hardfp_sqrt                            0x080121b7   Thumb Code   122  sqrt.o(i.__hardfp_sqrt)
    _is_digit                                0x08012231   Thumb Code    14  __printf_wp.o(i._is_digit)
    _get_lc_ctype                            0x08012241   Thumb Code    44  lc_ctype_c.o(locale$$code)
    __aeabi_dadd                             0x0801226d   Thumb Code     0  daddsub_clz.o(x$fpl$dadd)
    _dadd                                    0x0801226d   Thumb Code   332  daddsub_clz.o(x$fpl$dadd)
    __fpl_dcmp_Inf                           0x080123bd   Thumb Code    24  dcmpi.o(x$fpl$dcmpinf)
    __aeabi_d2uiz                            0x080123d5   Thumb Code     0  dfixu.o(x$fpl$dfixu)
    _dfixu                                   0x080123d5   Thumb Code    90  dfixu.o(x$fpl$dfixu)
    __aeabi_i2d                              0x0801242f   Thumb Code     0  dflt_clz.o(x$fpl$dflt)
    _dflt                                    0x0801242f   Thumb Code    46  dflt_clz.o(x$fpl$dflt)
    __aeabi_ui2d                             0x0801245d   Thumb Code     0  dflt_clz.o(x$fpl$dfltu)
    _dfltu                                   0x0801245d   Thumb Code    38  dflt_clz.o(x$fpl$dfltu)
    __aeabi_cdcmple                          0x08012485   Thumb Code     0  dleqf.o(x$fpl$dleqf)
    _dcmple                                  0x08012485   Thumb Code   120  dleqf.o(x$fpl$dleqf)
    __fpl_dcmple_InfNaN                      0x080124e7   Thumb Code     0  dleqf.o(x$fpl$dleqf)
    __aeabi_dmul                             0x080124fd   Thumb Code     0  dmul.o(x$fpl$dmul)
    _dmul                                    0x080124fd   Thumb Code   332  dmul.o(x$fpl$dmul)
    __fpl_dnaninf                            0x08012651   Thumb Code   156  dnaninf.o(x$fpl$dnaninf)
    __fpl_dretinf                            0x080126ed   Thumb Code    12  dretinf.o(x$fpl$dretinf)
    __aeabi_cdrcmple                         0x080126f9   Thumb Code     0  drleqf.o(x$fpl$drleqf)
    _drcmple                                 0x080126f9   Thumb Code   108  drleqf.o(x$fpl$drleqf)
    __aeabi_drsub                            0x08012765   Thumb Code     0  daddsub_clz.o(x$fpl$drsb)
    _drsb                                    0x08012765   Thumb Code    22  daddsub_clz.o(x$fpl$drsb)
    _dsqrt                                   0x0801277d   Thumb Code   404  dsqrt_umaal.o(x$fpl$dsqrt)
    __aeabi_dsub                             0x08012915   Thumb Code     0  daddsub_clz.o(x$fpl$dsub)
    _dsub                                    0x08012915   Thumb Code   464  daddsub_clz.o(x$fpl$dsub)
    __aeabi_f2d                              0x08012ae9   Thumb Code     0  f2d.o(x$fpl$f2d)
    _f2d                                     0x08012ae9   Thumb Code    86  f2d.o(x$fpl$f2d)
    __fpl_fnaninf                            0x08012b3f   Thumb Code   140  fnaninf.o(x$fpl$fnaninf)
    _fp_init                                 0x08012bcb   Thumb Code    10  fpinit.o(x$fpl$fpinit)
    __fplib_config_fpu_vfp                   0x08012bd3   Thumb Code     0  fpinit.o(x$fpl$fpinit)
    __fplib_config_pureend_doubles           0x08012bd3   Thumb Code     0  fpinit.o(x$fpl$fpinit)
    STR_POP_IN                               0x08012bd4   Data          11  main.o(.constdata)
    __I$use$fp                               0x08012bd4   Number         0  usenofp.o(x$fpl$usenofp)
    STR_POP_OUT                              0x08012bdf   Data          11  main.o(.constdata)
    STR_POP_ERR                              0x08012bea   Data           9  main.o(.constdata)
    STR_POP_WARN                             0x08012bf3   Data          13  main.o(.constdata)
    asc2_1206                                0x08012c00   Data        1140  lcd.o(.constdata)
    asc2_1608                                0x08013074   Data        1520  lcd.o(.constdata)
    asc2_2412                                0x08013664   Data        3420  lcd.o(.constdata)
    FSMC_DefaultTimingStruct                 0x080143c0   Data          28  stm32f4xx_fsmc.o(.constdata)
    FT5206_TPX_TBL                           0x080143dc   Data          10  ft5206.o(.constdata)
    GT911_TPX_TBL                            0x080143e6   Data          10  ft5206.o(.constdata)
    GT9147_CFG_TBL                           0x080143f0   Data         184  gt9147.o(.constdata)
    GT9147_TPX_TBL                           0x080144a8   Data          10  gt9147.o(.constdata)
    OTT_TPX_TBL                              0x080144b2   Data          10  ott2001a.o(.constdata)
    TP_REMIND_MSG_TBL                        0x080144bc   Data           4  touch.o(.constdata)
    STR_TITLE                                0x080144c0   Data          11  hgq_ui.o(.constdata)
    STR_ENV                                  0x080144cb   Data           5  hgq_ui.o(.constdata)
    STR_SEAT                                 0x080144d0   Data           5  hgq_ui.o(.constdata)
    STR_LIGHT                                0x080144d5   Data           5  hgq_ui.o(.constdata)
    STR_T                                    0x080144da   Data           6  hgq_ui.o(.constdata)
    STR_H                                    0x080144e0   Data           6  hgq_ui.o(.constdata)
    STR_L                                    0x080144e6   Data           6  hgq_ui.o(.constdata)
    STR_STAT                                 0x080144ec   Data           6  hgq_ui.o(.constdata)
    STR_USER                                 0x080144f2   Data           6  hgq_ui.o(.constdata)
    STR_RES_T                                0x080144f8   Data          10  hgq_ui.o(.constdata)
    STR_START_T                              0x08014502   Data          10  hgq_ui.o(.constdata)
    STR_REM_T                                0x0801450c   Data          10  hgq_ui.o(.constdata)
    STR_UNIT_C                               0x08014516   Data           3  hgq_ui.o(.constdata)
    STR_UNIT_PCT                             0x08014519   Data           2  hgq_ui.o(.constdata)
    STR_UNIT_LUX                             0x0801451b   Data           4  hgq_ui.o(.constdata)
    STR_CHECKIN                              0x0801451f   Data           5  hgq_ui.o(.constdata)
    STR_CHECKOUT                             0x08014524   Data           5  hgq_ui.o(.constdata)
    STR_MODE_M                               0x08014529   Data           5  hgq_ui.o(.constdata)
    STR_MODE_A                               0x0801452e   Data           5  hgq_ui.o(.constdata)
    STR_ON                                   0x08014533   Data           5  hgq_ui.o(.constdata)
    STR_OFF                                  0x08014538   Data           5  hgq_ui.o(.constdata)
    STR_ESP_CON                              0x0801453d   Data           7  hgq_ui.o(.constdata)
    STR_ESP_OK                               0x08014544   Data           5  hgq_ui.o(.constdata)
    STR_ESP_OFF                              0x08014549   Data           5  hgq_ui.o(.constdata)
    Region$$Table$$Base                      0x08014608   Number         0  anon$$obj.o(Region$$Table)
    Region$$Table$$Limit                     0x08014628   Number         0  anon$$obj.o(Region$$Table)
    __ctype                                  0x08014635   Data           0  lc_ctype_c.o(locale$$data)
    xMutexUI                                 0x20000000   Data           4  main.o(.data)
    xMutexESP                                0x20000004   Data           4  main.o(.data)
    StartTask_Handler                        0x20000008   Data           4  main.o(.data)
    NetTask_Handler                          0x2000000c   Data           4  main.o(.data)
    UITask_Handler                           0x20000010   Data           4  main.o(.data)
    SensorTask_Handler                       0x20000014   Data           4  main.o(.data)
    RFIDTask_Handler                         0x20000018   Data           4  main.o(.data)
    SystemCoreClock                          0x2000004c   Data           4  system_stm32f4xx.o(.data)
    AHBPrescTable                            0x20000050   Data          16  system_stm32f4xx.o(.data)
    POINT_COLOR                              0x20000060   Data           2  lcd.o(.data)
    BACK_COLOR                               0x20000062   Data           2  lcd.o(.data)
    W25QXX_TYPE                              0x20000064   Data           2  w25qxx.o(.data)
    __stdout                                 0x2000006c   Data           4  usart.o(.data)
    USART_RX_STA                             0x20000070   Data           2  usart.o(.data)
    FONTINFOADDR                             0x20000084   Data           4  fontupd.o(.data)
    CIP                                      0x2000008a   Data           5  ft5206.o(.data)
    g_gt_tnum                                0x2000008f   Data           1  ft5206.o(.data)
    tp_dev                                   0x20000094   Data          52  touch.o(.data)
    CMD_RDX                                  0x200000c8   Data           1  touch.o(.data)
    CMD_RDY                                  0x200000c9   Data           1  touch.o(.data)
    pxCurrentTCB                             0x200000e8   Data           4  tasks.o(.data)
    lcddev                                   0x20000e36   Data          14  lcd.o(.bss)
    W25QXX_BUFFER                            0x20000e44   Data        4096  w25qxx.o(.bss)
    ftinfo                                   0x20001e44   Data          33  fontupd.o(.bss)
    xQueueRegistry                           0x200024f8   Data          64  queue.o(.bss)
    __libspace_start                         0x20015444   Data          96  libspace.o(.bss)
    __temporary_stack_top$libspace           0x200154a4   Data           0  libspace.o(.bss)



==============================================================================

Memory Map of the image

  Image Entry point : 0x08000189

  Load Region LR_IROM1 (Base: 0x08000000, Size: 0x0001489c, Max: 0x00100000, ABSOLUTE, COMPRESSED[0x00014780])

    Execution Region ER_IROM1 (Exec base: 0x08000000, Load base: 0x08000000, Size: 0x00014738, Max: 0x00100000, ABSOLUTE)

    Exec Addr    Load Addr    Size         Type   Attr      Idx    E Section Name        Object

    0x08000000   0x08000000   0x00000188   Data   RO          486    RESET               startup_stm32f40_41xxx.o
    0x08000188   0x08000188   0x00000008   Code   RO         1481  * !!!main             c_w.l(__main.o)
    0x08000190   0x08000190   0x00000034   Code   RO         1729    !!!scatter          c_w.l(__scatter.o)
    0x080001c4   0x080001c4   0x0000005a   Code   RO         1727    !!dczerorl2         c_w.l(__dczerorl2.o)
    0x0800021e   0x0800021e   0x00000002   PAD
    0x08000220   0x08000220   0x0000001c   Code   RO         1731    !!handler_zi        c_w.l(__scatter_zi.o)
    0x0800023c   0x0800023c   0x00000000   Code   RO         1448    .ARM.Collect$$_printf_percent$$00000000  c_w.l(_printf_percent.o)
    0x0800023c   0x0800023c   0x00000006   Code   RO         1447    .ARM.Collect$$_printf_percent$$00000009  c_w.l(_printf_d.o)
    0x08000242   0x08000242   0x00000006   Code   RO         1446    .ARM.Collect$$_printf_percent$$0000000C  c_w.l(_printf_x.o)
    0x08000248   0x08000248   0x00000006   Code   RO         1445    .ARM.Collect$$_printf_percent$$00000014  c_w.l(_printf_s.o)
    0x0800024e   0x0800024e   0x00000004   Code   RO         1541    .ARM.Collect$$_printf_percent$$00000017  c_w.l(_printf_percent_end.o)
    0x08000252   0x08000252   0x00000002   Code   RO         1602    .ARM.Collect$$libinit$$00000000  c_w.l(libinit.o)
    0x08000254   0x08000254   0x00000004   Code   RO         1605    .ARM.Collect$$libinit$$00000001  c_w.l(libinit2.o)
    0x08000258   0x08000258   0x00000000   Code   RO         1608    .ARM.Collect$$libinit$$00000004  c_w.l(libinit2.o)
    0x08000258   0x08000258   0x00000000   Code   RO         1611    .ARM.Collect$$libinit$$0000000A  c_w.l(libinit2.o)
    0x08000258   0x08000258   0x00000000   Code   RO         1613    .ARM.Collect$$libinit$$0000000C  c_w.l(libinit2.o)
    0x08000258   0x08000258   0x00000000   Code   RO         1615    .ARM.Collect$$libinit$$0000000E  c_w.l(libinit2.o)
    0x08000258   0x08000258   0x00000006   Code   RO         1616    .ARM.Collect$$libinit$$0000000F  c_w.l(libinit2.o)
    0x0800025e   0x0800025e   0x00000000   Code   RO         1618    .ARM.Collect$$libinit$$00000011  c_w.l(libinit2.o)
    0x0800025e   0x0800025e   0x0000000c   Code   RO         1619    .ARM.Collect$$libinit$$00000012  c_w.l(libinit2.o)
    0x0800026a   0x0800026a   0x00000000   Code   RO         1620    .ARM.Collect$$libinit$$00000013  c_w.l(libinit2.o)
    0x0800026a   0x0800026a   0x00000000   Code   RO         1622    .ARM.Collect$$libinit$$00000015  c_w.l(libinit2.o)
    0x0800026a   0x0800026a   0x00000000   Code   RO         1624    .ARM.Collect$$libinit$$00000017  c_w.l(libinit2.o)
    0x0800026a   0x0800026a   0x00000000   Code   RO         1626    .ARM.Collect$$libinit$$00000019  c_w.l(libinit2.o)
    0x0800026a   0x0800026a   0x00000000   Code   RO         1628    .ARM.Collect$$libinit$$0000001B  c_w.l(libinit2.o)
    0x0800026a   0x0800026a   0x00000000   Code   RO         1630    .ARM.Collect$$libinit$$0000001D  c_w.l(libinit2.o)
    0x0800026a   0x0800026a   0x00000000   Code   RO         1632    .ARM.Collect$$libinit$$0000001F  c_w.l(libinit2.o)
    0x0800026a   0x0800026a   0x00000000   Code   RO         1634    .ARM.Collect$$libinit$$00000021  c_w.l(libinit2.o)
    0x0800026a   0x0800026a   0x00000000   Code   RO         1636    .ARM.Collect$$libinit$$00000023  c_w.l(libinit2.o)
    0x0800026a   0x0800026a   0x00000000   Code   RO         1638    .ARM.Collect$$libinit$$00000025  c_w.l(libinit2.o)
    0x0800026a   0x0800026a   0x00000000   Code   RO         1642    .ARM.Collect$$libinit$$0000002C  c_w.l(libinit2.o)
    0x0800026a   0x0800026a   0x00000000   Code   RO         1644    .ARM.Collect$$libinit$$0000002E  c_w.l(libinit2.o)
    0x0800026a   0x0800026a   0x00000000   Code   RO         1646    .ARM.Collect$$libinit$$00000030  c_w.l(libinit2.o)
    0x0800026a   0x0800026a   0x00000000   Code   RO         1648    .ARM.Collect$$libinit$$00000032  c_w.l(libinit2.o)
    0x0800026a   0x0800026a   0x00000002   Code   RO         1649    .ARM.Collect$$libinit$$00000033  c_w.l(libinit2.o)
    0x0800026c   0x0800026c   0x00000002   Code   RO         1667    .ARM.Collect$$libshutdown$$00000000  c_w.l(libshutdown.o)
    0x0800026e   0x0800026e   0x00000000   Code   RO         1677    .ARM.Collect$$libshutdown$$00000002  c_w.l(libshutdown2.o)
    0x0800026e   0x0800026e   0x00000000   Code   RO         1679    .ARM.Collect$$libshutdown$$00000004  c_w.l(libshutdown2.o)
    0x0800026e   0x0800026e   0x00000000   Code   RO         1681    .ARM.Collect$$libshutdown$$00000006  c_w.l(libshutdown2.o)
    0x0800026e   0x0800026e   0x00000000   Code   RO         1684    .ARM.Collect$$libshutdown$$00000009  c_w.l(libshutdown2.o)
    0x0800026e   0x0800026e   0x00000000   Code   RO         1687    .ARM.Collect$$libshutdown$$0000000C  c_w.l(libshutdown2.o)
    0x0800026e   0x0800026e   0x00000000   Code   RO         1689    .ARM.Collect$$libshutdown$$0000000E  c_w.l(libshutdown2.o)
    0x0800026e   0x0800026e   0x00000000   Code   RO         1692    .ARM.Collect$$libshutdown$$00000011  c_w.l(libshutdown2.o)
    0x0800026e   0x0800026e   0x00000002   Code   RO         1693    .ARM.Collect$$libshutdown$$00000012  c_w.l(libshutdown2.o)
    0x08000270   0x08000270   0x00000000   Code   RO         1521    .ARM.Collect$$rtentry$$00000000  c_w.l(__rtentry.o)
    0x08000270   0x08000270   0x00000000   Code   RO         1559    .ARM.Collect$$rtentry$$00000002  c_w.l(__rtentry2.o)
    0x08000270   0x08000270   0x00000006   Code   RO         1571    .ARM.Collect$$rtentry$$00000004  c_w.l(__rtentry4.o)
    0x08000276   0x08000276   0x00000000   Code   RO         1561    .ARM.Collect$$rtentry$$00000009  c_w.l(__rtentry2.o)
    0x08000276   0x08000276   0x00000004   Code   RO         1562    .ARM.Collect$$rtentry$$0000000A  c_w.l(__rtentry2.o)
    0x0800027a   0x0800027a   0x00000000   Code   RO         1564    .ARM.Collect$$rtentry$$0000000C  c_w.l(__rtentry2.o)
    0x0800027a   0x0800027a   0x00000008   Code   RO         1565    .ARM.Collect$$rtentry$$0000000D  c_w.l(__rtentry2.o)
    0x08000282   0x08000282   0x00000002   Code   RO         1603    .ARM.Collect$$rtexit$$00000000  c_w.l(rtexit.o)
    0x08000284   0x08000284   0x00000000   Code   RO         1651    .ARM.Collect$$rtexit$$00000002  c_w.l(rtexit2.o)
    0x08000284   0x08000284   0x00000004   Code   RO         1652    .ARM.Collect$$rtexit$$00000003  c_w.l(rtexit2.o)
    0x08000288   0x08000288   0x00000006   Code   RO         1653    .ARM.Collect$$rtexit$$00000004  c_w.l(rtexit2.o)
    0x0800028e   0x0800028e   0x00000002   PAD
    0x08000290   0x08000290   0x000000be   Code   RO         1350    .emb_text           port.o
    0x0800034e   0x0800034e   0x00000002   PAD
    0x08000350   0x08000350   0x000017d8   Code   RO            3    .text               main.o
    0x08001b28   0x08001b28   0x00000014   Code   RO          244    .text               stm32f4xx_it.o
    0x08001b3c   0x08001b3c   0x00000210   Code   RO          267    .text               system_stm32f4xx.o
    0x08001d4c   0x08001d4c   0x00003c90   Code   RO          293    .text               lcd.o
    0x080059dc   0x080059dc   0x00000118   Code   RO          361    .text               spi.o
    0x08005af4   0x08005af4   0x00000388   Code   RO          384    .text               w25qxx.o
    0x08005e7c   0x08005e7c   0x000000bc   Code   RO          415    .text               delay.o
    0x08005f38   0x08005f38   0x000000c8   Code   RO          455    .text               usart.o
    0x08006000   0x08006000   0x00000040   Code   RO          487    .text               startup_stm32f40_41xxx.o
    0x08006040   0x08006040   0x000000e0   Code   RO          493    .text               misc.o
    0x08006120   0x08006120   0x00000294   Code   RO          513    .text               stm32f4xx_gpio.o
    0x080063b4   0x080063b4   0x000005c8   Code   RO          533    .text               stm32f4xx_fsmc.o
    0x0800697c   0x0800697c   0x0000065c   Code   RO          556    .text               stm32f4xx_rcc.o
    0x08006fd8   0x08006fd8   0x00000454   Code   RO          578    .text               stm32f4xx_usart.o
    0x0800742c   0x0800742c   0x00000ca2   Code   RO          598    .text               stm32f4xx_tim.o
    0x080080ce   0x080080ce   0x00000002   PAD
    0x080080d0   0x080080d0   0x00000480   Code   RO          638    .text               stm32f4xx_spi.o
    0x08008550   0x08008550   0x00000048   Code   RO          698    .text               fontupd.o
    0x08008598   0x08008598   0x000002d4   Code   RO          729    .text               text.o
    0x0800886c   0x0800886c   0x0000017a   Code   RO          760    .text               24cxx.o
    0x080089e6   0x080089e6   0x00000002   PAD
    0x080089e8   0x080089e8   0x000001a0   Code   RO          786    .text               hgq_aht20.o
    0x08008b88   0x08008b88   0x0000027c   Code   RO          809    .text               hgq_myiic2.o
    0x08008e04   0x08008e04   0x000000f8   Code   RO          829    .text               hgq_bh1750.o
    0x08008efc   0x08008efc   0x0000027c   Code   RO          854    .text               hgq_myiic3.o
    0x08009178   0x08009178   0x000003b8   Code   RO          874    .text               hgq_esp8266.o
    0x08009530   0x08009530   0x00000554   Code   RO          925    .text               hgq_rc522.o
    0x08009a84   0x08009a84   0x00000180   Code   RO          945    .text               hgq_usart.o
    0x08009c04   0x08009c04   0x0000025c   Code   RO          967    .text               myiic.o
    0x08009e60   0x08009e60   0x00000258   Code   RO          987    .text               ctiic.o
    0x0800a0b8   0x0800a0b8   0x00000594   Code   RO         1010    .text               ft5206.o
    0x0800a64c   0x0800a64c   0x00000528   Code   RO         1038    .text               gt9147.o
    0x0800ab74   0x0800ab74   0x00000388   Code   RO         1062    .text               ott2001a.o
    0x0800aefc   0x0800aefc   0x00000c10   Code   RO         1086    .text               touch.o
    0x0800bb0c   0x0800bb0c   0x00000b54   Code   RO         1118    .text               hgq_vl53l0x.o
    0x0800c660   0x0800c660   0x00000d74   Code   RO         1141    .text               hgq_ui.o
    0x0800d3d4   0x0800d3d4   0x00000170   Code   RO         1166    .text               led.o
    0x0800d544   0x0800d544   0x00000094   Code   RO         1226    .text               list.o
    0x0800d5d8   0x0800d5d8   0x0000102c   Code   RO         1241    .text               queue.o
    0x0800e604   0x0800e604   0x00002354   Code   RO         1283    .text               tasks.o
    0x08010958   0x08010958   0x000006f8   Code   RO         1305    .text               timers.o
    0x08011050   0x08011050   0x0000046c   Code   RO         1335    .text               heap_4.o
    0x080114bc   0x080114bc   0x00000340   Code   RO         1351    .text               port.o
    0x080117fc   0x080117fc   0x00000002   Code   RO         1382    .text               c_w.l(use_no_semi_2.o)
    0x080117fe   0x080117fe   0x00000002   PAD
    0x08011800   0x08011800   0x00000018   Code   RO         1390    .text               c_w.l(noretval__2printf.o)
    0x08011818   0x08011818   0x00000028   Code   RO         1392    .text               c_w.l(noretval__2sprintf.o)
    0x08011840   0x08011840   0x00000034   Code   RO         1394    .text               c_w.l(noretval__2snprintf.o)
    0x08011874   0x08011874   0x0000004e   Code   RO         1398    .text               c_w.l(_printf_pad.o)
    0x080118c2   0x080118c2   0x00000052   Code   RO         1400    .text               c_w.l(_printf_str.o)
    0x08011914   0x08011914   0x00000078   Code   RO         1402    .text               c_w.l(_printf_dec.o)
    0x0801198c   0x0801198c   0x00000058   Code   RO         1407    .text               c_w.l(_printf_hex_int.o)
    0x080119e4   0x080119e4   0x00000138   Code   RO         1437    .text               c_w.l(__printf_flags_wp.o)
    0x08011b1c   0x08011b1c   0x0000001a   Code   RO         1449    .text               c_w.l(atoi.o)
    0x08011b36   0x08011b36   0x00000014   Code   RO         1451    .text               c_w.l(strchr.o)
    0x08011b4a   0x08011b4a   0x00000024   Code   RO         1453    .text               c_w.l(strncat.o)
    0x08011b6e   0x08011b6e   0x00000024   Code   RO         1455    .text               c_w.l(strstr.o)
    0x08011b92   0x08011b92   0x00000048   Code   RO         1457    .text               c_w.l(strcpy.o)
    0x08011bda   0x08011bda   0x00000016   Code   RO         1459    .text               c_w.l(strrchr.o)
    0x08011bf0   0x08011bf0   0x0000003e   Code   RO         1461    .text               c_w.l(strlen.o)
    0x08011c2e   0x08011c2e   0x0000008a   Code   RO         1463    .text               c_w.l(rt_memcpy_v6.o)
    0x08011cb8   0x08011cb8   0x00000064   Code   RO         1465    .text               c_w.l(rt_memcpy_w.o)
    0x08011d1c   0x08011d1c   0x00000010   Code   RO         1469    .text               c_w.l(aeabi_memset.o)
    0x08011d2c   0x08011d2c   0x00000044   Code   RO         1471    .text               c_w.l(rt_memclr.o)
    0x08011d70   0x08011d70   0x0000004e   Code   RO         1473    .text               c_w.l(rt_memclr_w.o)
    0x08011dbe   0x08011dbe   0x00000056   Code   RO         1475    .text               c_w.l(strncpy.o)
    0x08011e14   0x08011e14   0x00000080   Code   RO         1477    .text               c_w.l(strcmpv7m.o)
    0x08011e94   0x08011e94   0x00000006   Code   RO         1479    .text               c_w.l(heapauxi.o)
    0x08011e9a   0x08011e9a   0x00000002   Code   RO         1519    .text               c_w.l(use_no_semi.o)
    0x08011e9c   0x08011e9c   0x00000008   Code   RO         1525    .text               c_w.l(rt_errno_addr_intlibspace.o)
    0x08011ea4   0x08011ea4   0x00000016   Code   RO         1527    .text               c_w.l(_rserrno.o)
    0x08011eba   0x08011eba   0x000000b2   Code   RO         1529    .text               c_w.l(_printf_intcommon.o)
    0x08011f6c   0x08011f6c   0x00000030   Code   RO         1531    .text               c_w.l(_printf_char_common.o)
    0x08011f9c   0x08011f9c   0x0000000a   Code   RO         1533    .text               c_w.l(_sputc.o)
    0x08011fa6   0x08011fa6   0x00000010   Code   RO         1535    .text               c_w.l(_snputc.o)
    0x08011fb6   0x08011fb6   0x0000002c   Code   RO         1537    .text               c_w.l(_printf_char.o)
    0x08011fe2   0x08011fe2   0x00000002   PAD
    0x08011fe4   0x08011fe4   0x00000024   Code   RO         1539    .text               c_w.l(_printf_char_file.o)
    0x08012008   0x08012008   0x00000070   Code   RO         1542    .text               c_w.l(strtol.o)
    0x08012078   0x08012078   0x00000008   Code   RO         1555    .text               c_w.l(libspace.o)
    0x08012080   0x08012080   0x00000010   Code   RO         1573    .text               c_w.l(rt_ctype_table.o)
    0x08012090   0x08012090   0x0000009e   Code   RO         1577    .text               c_w.l(_strtoul.o)
    0x0801212e   0x0801212e   0x00000008   Code   RO         1579    .text               c_w.l(ferror.o)
    0x08012136   0x08012136   0x0000004a   Code   RO         1583    .text               c_w.l(sys_stackheap_outer.o)
    0x08012180   0x08012180   0x00000008   Code   RO         1588    .text               c_w.l(rt_locale_intlibspace.o)
    0x08012188   0x08012188   0x0000001c   Code   RO         1590    .text               c_w.l(_chval.o)
    0x080121a4   0x080121a4   0x00000012   Code   RO         1595    .text               c_w.l(exit.o)
    0x080121b6   0x080121b6   0x0000007a   Code   RO         1507    i.__hardfp_sqrt     m_wm.l(sqrt.o)
    0x08012230   0x08012230   0x0000000e   Code   RO         1435    i._is_digit         c_w.l(__printf_wp.o)
    0x0801223e   0x0801223e   0x00000002   PAD
    0x08012240   0x08012240   0x0000002c   Code   RO         1593    locale$$code        c_w.l(lc_ctype_c.o)
    0x0801226c   0x0801226c   0x00000150   Code   RO         1483    x$fpl$dadd          fz_wm.l(daddsub_clz.o)
    0x080123bc   0x080123bc   0x00000018   Code   RO         1544    x$fpl$dcmpinf       fz_wm.l(dcmpi.o)
    0x080123d4   0x080123d4   0x0000005a   Code   RO         1489    x$fpl$dfixu         fz_wm.l(dfixu.o)
    0x0801242e   0x0801242e   0x0000002e   Code   RO         1494    x$fpl$dflt          fz_wm.l(dflt_clz.o)
    0x0801245c   0x0801245c   0x00000026   Code   RO         1493    x$fpl$dfltu         fz_wm.l(dflt_clz.o)
    0x08012482   0x08012482   0x00000002   PAD
    0x08012484   0x08012484   0x00000078   Code   RO         1499    x$fpl$dleqf         fz_wm.l(dleqf.o)
    0x080124fc   0x080124fc   0x00000154   Code   RO         1501    x$fpl$dmul          fz_wm.l(dmul.o)
    0x08012650   0x08012650   0x0000009c   Code   RO         1546    x$fpl$dnaninf       fz_wm.l(dnaninf.o)
    0x080126ec   0x080126ec   0x0000000c   Code   RO         1548    x$fpl$dretinf       fz_wm.l(dretinf.o)
    0x080126f8   0x080126f8   0x0000006c   Code   RO         1503    x$fpl$drleqf        fz_wm.l(drleqf.o)
    0x08012764   0x08012764   0x00000016   Code   RO         1484    x$fpl$drsb          fz_wm.l(daddsub_clz.o)
    0x0801277a   0x0801277a   0x00000002   PAD
    0x0801277c   0x0801277c   0x00000198   Code   RO         1550    x$fpl$dsqrt         fz_wm.l(dsqrt_umaal.o)
    0x08012914   0x08012914   0x000001d4   Code   RO         1485    x$fpl$dsub          fz_wm.l(daddsub_clz.o)
    0x08012ae8   0x08012ae8   0x00000056   Code   RO         1505    x$fpl$f2d           fz_wm.l(f2d.o)
    0x08012b3e   0x08012b3e   0x0000008c   Code   RO         1552    x$fpl$fnaninf       fz_wm.l(fnaninf.o)
    0x08012bca   0x08012bca   0x0000000a   Code   RO         1659    x$fpl$fpinit        fz_wm.l(fpinit.o)
    0x08012bd4   0x08012bd4   0x00000000   Code   RO         1554    x$fpl$usenofp       fz_wm.l(usenofp.o)
    0x08012bd4   0x08012bd4   0x0000002c   Data   RO            5    .constdata          main.o
    0x08012c00   0x08012c00   0x000017c0   Data   RO          295    .constdata          lcd.o
    0x080143c0   0x080143c0   0x0000001c   Data   RO          534    .constdata          stm32f4xx_fsmc.o
    0x080143dc   0x080143dc   0x00000014   Data   RO         1011    .constdata          ft5206.o
    0x080143f0   0x080143f0   0x000000c2   Data   RO         1039    .constdata          gt9147.o
    0x080144b2   0x080144b2   0x0000000a   Data   RO         1063    .constdata          ott2001a.o
    0x080144bc   0x080144bc   0x00000004   Data   RO         1087    .constdata          touch.o
    0x080144c0   0x080144c0   0x0000008e   Data   RO         1143    .constdata          hgq_ui.o
    0x0801454e   0x0801454e   0x00000028   Data   RO         1408    .constdata          c_w.l(_printf_hex_int.o)
    0x08014576   0x08014576   0x00000011   Data   RO         1438    .constdata          c_w.l(__printf_flags_wp.o)
    0x08014587   0x08014587   0x00000001   PAD
    0x08014588   0x08014588   0x00000045   Data   RO            6    .conststring        main.o
    0x080145cd   0x080145cd   0x00000003   PAD
    0x080145d0   0x080145d0   0x00000037   Data   RO         1088    .conststring        touch.o
    0x08014607   0x08014607   0x00000001   PAD
    0x08014608   0x08014608   0x00000020   Data   RO         1725    Region$$Table       anon$$obj.o
    0x08014628   0x08014628   0x00000110   Data   RO         1592    locale$$data        c_w.l(lc_ctype_c.o)


    Execution Region RW_IRAM1 (Exec base: 0x20000000, Load base: 0x08014738, Size: 0x00015aa8, Max: 0x00020000, ABSOLUTE, COMPRESSED[0x00000048])

    Exec Addr    Load Addr    Size         Type   Attr      Idx    E Section Name        Object

    0x20000000   COMPRESSED   0x0000004c   Data   RW            7    .data               main.o
    0x2000004c   COMPRESSED   0x00000014   Data   RW          268    .data               system_stm32f4xx.o
    0x20000060   COMPRESSED   0x00000004   Data   RW          296    .data               lcd.o
    0x20000064   COMPRESSED   0x00000002   Data   RW          386    .data               w25qxx.o
    0x20000066   COMPRESSED   0x00000004   Data   RW          416    .data               delay.o
    0x2000006a   COMPRESSED   0x00000002   PAD
    0x2000006c   COMPRESSED   0x00000006   Data   RW          457    .data               usart.o
    0x20000072   COMPRESSED   0x00000010   Data   RW          557    .data               stm32f4xx_rcc.o
    0x20000082   COMPRESSED   0x00000002   PAD
    0x20000084   COMPRESSED   0x00000004   Data   RW          700    .data               fontupd.o
    0x20000088   COMPRESSED   0x00000002   Data   RW          830    .data               hgq_bh1750.o
    0x2000008a   COMPRESSED   0x00000007   Data   RW         1012    .data               ft5206.o
    0x20000091   COMPRESSED   0x00000001   Data   RW         1040    .data               gt9147.o
    0x20000092   COMPRESSED   0x00000001   Data   RW         1064    .data               ott2001a.o
    0x20000093   COMPRESSED   0x00000001   PAD
    0x20000094   COMPRESSED   0x00000036   Data   RW         1089    .data               touch.o
    0x200000ca   COMPRESSED   0x00000002   PAD
    0x200000cc   COMPRESSED   0x00000018   Data   RW         1144    .data               hgq_ui.o
    0x200000e4   COMPRESSED   0x00000002   Data   RW         1167    .data               led.o
    0x200000e6   COMPRESSED   0x00000002   PAD
    0x200000e8   COMPRESSED   0x00000040   Data   RW         1285    .data               tasks.o
    0x20000128   COMPRESSED   0x00000014   Data   RW         1307    .data               timers.o
    0x2000013c   COMPRESSED   0x0000001c   Data   RW         1337    .data               heap_4.o
    0x20000158   COMPRESSED   0x0000000c   Data   RW         1352    .data               port.o
    0x20000164        -       0x00000cd2   Zero   RW            4    .bss                main.o
    0x20000e36        -       0x0000000e   Zero   RW          294    .bss                lcd.o
    0x20000e44        -       0x00001000   Zero   RW          385    .bss                w25qxx.o
    0x20001e44        -       0x00000021   Zero   RW          699    .bss                fontupd.o
    0x20001e65        -       0x00000200   Zero   RW          875    .bss                hgq_esp8266.o
    0x20002065   COMPRESSED   0x00000001   PAD
    0x20002066        -       0x00000404   Zero   RW          946    .bss                hgq_usart.o
    0x2000246a   COMPRESSED   0x00000002   PAD
    0x2000246c        -       0x0000008a   Zero   RW         1142    .bss                hgq_ui.o
    0x200024f6   COMPRESSED   0x00000002   PAD
    0x200024f8        -       0x00000040   Zero   RW         1242    .bss                queue.o
    0x20002538        -       0x000002e4   Zero   RW         1284    .bss                tasks.o
    0x2000281c        -       0x00000028   Zero   RW         1306    .bss                timers.o
    0x20002844        -       0x00012c00   Zero   RW         1336    .bss                heap_4.o
    0x20015444        -       0x00000060   Zero   RW         1556    .bss                c_w.l(libspace.o)
    0x200154a4   COMPRESSED   0x00000004   PAD
    0x200154a8        -       0x00000200   Zero   RW          485    HEAP                startup_stm32f40_41xxx.o
    0x200156a8        -       0x00000400   Zero   RW          484    STACK               startup_stm32f40_41xxx.o


==============================================================================

Image component sizes


      Code (inc. data)   RO Data    RW Data    ZI Data      Debug   Object Name

       378          0          0          0          0       2842   24cxx.o
       600         24          0          0          0       2097   ctiic.o
       188          8          0          4          0       1477   delay.o
         0          0          0          0          0      13968   event_groups.o
        72          8          0          4         33       1326   fontupd.o
      1428         80         20          7          0       2991   ft5206.o
      1320        106        194          1          0       3210   gt9147.o
      1132         54          0         28      76800       6171   heap_4.o
       416         24          0          0          0       2288   hgq_aht20.o
       248          8          0          2          0       2101   hgq_bh1750.o
       952        256          0          0        512       5196   hgq_esp8266.o
       636          4          0          0          0       2477   hgq_myiic2.o
       636          6          0          0          0       2485   hgq_myiic3.o
      1364         48          0          0          0       7405   hgq_rc522.o
      3444        272        142         24        138       8941   hgq_ui.o
       384         12          0          0       1028       3254   hgq_usart.o
      2900         16          0          0          0       9664   hgq_vl53l0x.o
     15504        144       6080          4         14     250842   lcd.o
       368         18          0          2          0       1761   led.o
       148          0          0          0          0       2114   list.o
      6104       2148        113         76       3282     327695   main.o
       224         20          0          0          0       1841   misc.o
       604         14          0          0          0       1916   myiic.o
       904         66         10          1          0       2775   ott2001a.o
      1022         52          0         12          0       9131   port.o
      4140         18          0          0         64      23142   queue.o
       280          8          0          0          0       1089   spi.o
        64         26        392          0       1536        840   startup_stm32f40_41xxx.o
      1480         18         28          0          0       5682   stm32f4xx_fsmc.o
       660         44          0          0          0       4181   stm32f4xx_gpio.o
        20          0          0          0          0        959   stm32f4xx_it.o
      1628         52          0         16          0      13068   stm32f4xx_rcc.o
      1152         36          0          0          0       6929   stm32f4xx_spi.o
      3234         60          0          0          0      23036   stm32f4xx_tim.o
      1108         34          0          0          0       7904   stm32f4xx_usart.o
       528         46          0         20          0       1811   system_stm32f4xx.o
      9044        428          0         64        740      41571   tasks.o
       724         16          0          0          0       3156   text.o
      1784         72          0         20         40      27020   timers.o
      3088        190         59         54          0       6741   touch.o
       200         10          0          6          0       3112   usart.o
       904         34          0          2       4096       4529   w25qxx.o

    ----------------------------------------------------------------------
     71020       4480       7074        356      88288     850738   Object Totals
         0          0         32          0          0          0   (incl. Generated)
         6          0          4          9          5          0   (incl. Padding)

    ----------------------------------------------------------------------

      Code (inc. data)   RO Data    RW Data    ZI Data      Debug   Library Member Name

        90          0          0          0          0          0   __dczerorl2.o
         8          0          0          0          0         68   __main.o
       312          4         17          0          0         92   __printf_flags_wp.o
        14          0          0          0          0         68   __printf_wp.o
         0          0          0          0          0          0   __rtentry.o
        12          0          0          0          0          0   __rtentry2.o
         6          0          0          0          0          0   __rtentry4.o
        52          8          0          0          0          0   __scatter.o
        28          0          0          0          0          0   __scatter_zi.o
        28          0          0          0          0         68   _chval.o
        44          0          0          0          0        108   _printf_char.o
        48          6          0          0          0         96   _printf_char_common.o
        36          4          0          0          0         80   _printf_char_file.o
         6          0          0          0          0          0   _printf_d.o
       120         16          0          0          0         92   _printf_dec.o
        88          4         40          0          0         88   _printf_hex_int.o
       178          0          0          0          0         88   _printf_intcommon.o
        78          0          0          0          0        108   _printf_pad.o
         0          0          0          0          0          0   _printf_percent.o
         4          0          0          0          0          0   _printf_percent_end.o
         6          0          0          0          0          0   _printf_s.o
        82          0          0          0          0         80   _printf_str.o
         6          0          0          0          0          0   _printf_x.o
        22          0          0          0          0        100   _rserrno.o
        16          0          0          0          0         68   _snputc.o
        10          0          0          0          0         68   _sputc.o
       158          0          0          0          0         92   _strtoul.o
        16          0          0          0          0         68   aeabi_memset.o
        26          0          0          0          0         80   atoi.o
        18          0          0          0          0         80   exit.o
         8          0          0          0          0         68   ferror.o
         6          0          0          0          0        152   heapauxi.o
        44         10        272          0          0         76   lc_ctype_c.o
         2          0          0          0          0          0   libinit.o
        24          0          0          0          0          0   libinit2.o
         2          0          0          0          0          0   libshutdown.o
         2          0          0          0          0          0   libshutdown2.o
         8          4          0          0         96         68   libspace.o
        24          4          0          0          0         84   noretval__2printf.o
        52          4          0          0          0         84   noretval__2snprintf.o
        40          6          0          0          0         84   noretval__2sprintf.o
        16          4          0          0          0         76   rt_ctype_table.o
         8          4          0          0          0         68   rt_errno_addr_intlibspace.o
         8          4          0          0          0         68   rt_locale_intlibspace.o
        68          0          0          0          0         68   rt_memclr.o
        78          0          0          0          0         80   rt_memclr_w.o
       138          0          0          0          0         68   rt_memcpy_v6.o
       100          0          0          0          0         80   rt_memcpy_w.o
         2          0          0          0          0          0   rtexit.o
        10          0          0          0          0          0   rtexit2.o
        20          0          0          0          0         68   strchr.o
       128          0          0          0          0         68   strcmpv7m.o
        72          0          0          0          0         80   strcpy.o
        62          0          0          0          0         76   strlen.o
        36          0          0          0          0         76   strncat.o
        86          0          0          0          0         76   strncpy.o
        22          0          0          0          0         68   strrchr.o
        36          0          0          0          0         80   strstr.o
       112          0          0          0          0         88   strtol.o
        74          0          0          0          0         80   sys_stackheap_outer.o
         2          0          0          0          0         68   use_no_semi.o
         2          0          0          0          0         68   use_no_semi_2.o
       826         16          0          0          0        492   daddsub_clz.o
        24          0          0          0          0        116   dcmpi.o
        90          4          0          0          0        140   dfixu.o
        84          0          0          0          0        232   dflt_clz.o
       120          4          0          0          0        140   dleqf.o
       340         12          0          0          0        152   dmul.o
       156          4          0          0          0        140   dnaninf.o
        12          0          0          0          0        116   dretinf.o
       108          0          0          0          0        128   drleqf.o
       408         56          0          0          0        168   dsqrt_umaal.o
        86          4          0          0          0        132   f2d.o
       140          4          0          0          0        132   fnaninf.o
        10          0          0          0          0        116   fpinit.o
         0          0          0          0          0          0   usenofp.o
       122          0          0          0          0        148   sqrt.o

    ----------------------------------------------------------------------
      5344        186        330          0        100       5964   Library Totals
        14          0          1          0          4          0   (incl. Padding)

    ----------------------------------------------------------------------

      Code (inc. data)   RO Data    RW Data    ZI Data      Debug   Library Name

      2804         82        329          0         96       3612   c_w.l
      2404        104          0          0          0       2204   fz_wm.l
       122          0          0          0          0        148   m_wm.l

    ----------------------------------------------------------------------
      5344        186        330          0        100       5964   Library Totals

    ----------------------------------------------------------------------

==============================================================================


      Code (inc. data)   RO Data    RW Data    ZI Data      Debug   

     76364       4666       7404        356      88388     844770   Grand Totals
     76364       4666       7404         72      88388     844770   ELF Image Totals (compressed)
     76364       4666       7404         72          0          0   ROM Totals

==============================================================================

    Total RO  Size (Code + RO Data)                83768 (  81.80kB)
    Total RW  Size (RW Data + ZI Data)             88744 (  86.66kB)
    Total ROM Size (Code + RO Data + RW Data)      83840 (  81.88kB)

==============================================================================

